Component: ARM Compiler 5.06 update 7 (build 960) Tool: armlink [4d3601]

==============================================================================

Section Cross References

    startup_stm32f103xb.o(STACK) refers (Special) to heapauxi.o(.text) for __use_two_region_memory
    startup_stm32f103xb.o(HEAP) refers (Special) to heapauxi.o(.text) for __use_two_region_memory
    startup_stm32f103xb.o(RESET) refers (Special) to heapauxi.o(.text) for __use_two_region_memory
    startup_stm32f103xb.o(RESET) refers to startup_stm32f103xb.o(STACK) for __initial_sp
    startup_stm32f103xb.o(RESET) refers to startup_stm32f103xb.o(.text) for Reset_Handler
    startup_stm32f103xb.o(RESET) refers to stm32f1xx_it.o(i.NMI_Handler) for NMI_Handler
    startup_stm32f103xb.o(RESET) refers to stm32f1xx_it.o(i.HardFault_Handler) for HardFault_Handler
    startup_stm32f103xb.o(RESET) refers to stm32f1xx_it.o(i.MemManage_Handler) for MemManage_Handler
    startup_stm32f103xb.o(RESET) refers to stm32f1xx_it.o(i.BusFault_Handler) for BusFault_Handler
    startup_stm32f103xb.o(RESET) refers to stm32f1xx_it.o(i.UsageFault_Handler) for UsageFault_Handler
    startup_stm32f103xb.o(RESET) refers to port.o(.emb_text) for SVC_Handler
    startup_stm32f103xb.o(RESET) refers to stm32f1xx_it.o(i.DebugMon_Handler) for DebugMon_Handler
    startup_stm32f103xb.o(RESET) refers to port.o(i.SysTick_Handler) for SysTick_Handler
    startup_stm32f103xb.o(RESET) refers to stm32f1xx_it.o(i.USB_LP_CAN1_RX0_IRQHandler) for USB_LP_CAN1_RX0_IRQHandler
    startup_stm32f103xb.o(RESET) refers to stm32f1xx_it.o(i.TIM2_IRQHandler) for TIM2_IRQHandler
    startup_stm32f103xb.o(RESET) refers to stm32f1xx_it.o(i.TIM3_IRQHandler) for TIM3_IRQHandler
    startup_stm32f103xb.o(RESET) refers to stm32f1xx_it.o(i.TIM4_IRQHandler) for TIM4_IRQHandler
    startup_stm32f103xb.o(RESET) refers to stm32f1xx_it.o(i.USART1_IRQHandler) for USART1_IRQHandler
    startup_stm32f103xb.o(.text) refers (Special) to heapauxi.o(.text) for __use_two_region_memory
    startup_stm32f103xb.o(.text) refers to system_stm32f1xx.o(i.SystemInit) for SystemInit
    startup_stm32f103xb.o(.text) refers to __main.o(!!!main) for __main
    startup_stm32f103xb.o(.text) refers to startup_stm32f103xb.o(HEAP) for Heap_Mem
    startup_stm32f103xb.o(.text) refers to startup_stm32f103xb.o(STACK) for Stack_Mem
    onewire.o(i.get_ROMid) refers to _printf_pad.o(.text) for _printf_pre_padding
    onewire.o(i.get_ROMid) refers to _printf_percent.o(.ARM.Collect$$_printf_percent$$00000000) for _printf_percent
    onewire.o(i.get_ROMid) refers to _printf_x.o(.ARM.Collect$$_printf_percent$$0000000C) for _printf_x
    onewire.o(i.get_ROMid) refers to _printf_hex_int.o(.text) for _printf_longlong_hex
    onewire.o(i.get_ROMid) refers to onewire.o(i.owResetCmd) for owResetCmd
    onewire.o(i.get_ROMid) refers to onewire.o(i.owSearchCmd) for owSearchCmd
    onewire.o(i.get_ROMid) refers to onewire.o(i.owCRC8) for owCRC8
    onewire.o(i.get_ROMid) refers to noretval__2sprintf.o(.text) for __2sprintf
    onewire.o(i.get_ROMid) refers to strcmpv7m.o(.text) for strcmp
    onewire.o(i.get_ROMid) refers to onewire.o(.data) for .data
    onewire.o(i.get_ROMid) refers to onewire.o(.bss) for .bss
    onewire.o(i.get_Temperature) refers to onewire.o(i.readTemperature) for readTemperature
    onewire.o(i.get_Temperature) refers to fflt_clz.o(x$fpl$fflt) for __aeabi_i2f
    onewire.o(i.get_Temperature) refers to fdiv.o(x$fpl$fdiv) for __aeabi_fdiv
    onewire.o(i.get_Temperature) refers to onewire.o(.data) for .data
    onewire.o(i.get_Temperature) refers to onewire.o(.bss) for .bss
    onewire.o(i.hasNextRom) refers to onewire.o(i.owResetCmd) for owResetCmd
    onewire.o(i.hasNextRom) refers to onewire.o(i.owSendByte) for owSendByte
    onewire.o(i.hasNextRom) refers to onewire.o(i.owSend) for owSend
    onewire.o(i.hasNextRom) refers to onewire.o(i.owEchoRead) for owEchoRead
    onewire.o(i.hasNextRom) refers to onewire.o(i.owReadSlot) for owReadSlot
    onewire.o(i.owCRC8) refers to onewire.o(i.owCRC) for owCRC
    onewire.o(i.owConvertTemperatureCmd) refers to onewire.o(i.owMatchRomCmd) for owMatchRomCmd
    onewire.o(i.owConvertTemperatureCmd) refers to onewire.o(i.owSendByte) for owSendByte
    onewire.o(i.owCopyScratchpadCmd) refers to onewire.o(i.owMatchRomCmd) for owMatchRomCmd
    onewire.o(i.owCopyScratchpadCmd) refers to onewire.o(i.owSendByte) for owSendByte
    onewire.o(i.owEchoRead) refers to onewire.o(.data) for .data
    onewire.o(i.owEchoRead) refers to onewire.o(.bss) for .bss
    onewire.o(i.owMatchRomCmd) refers to onewire.o(i.owResetCmd) for owResetCmd
    onewire.o(i.owMatchRomCmd) refers to onewire.o(i.owSendByte) for owSendByte
    onewire.o(i.owReadHandler) refers to onewire.o(.bss) for .bss
    onewire.o(i.owReadHandler) refers to onewire.o(.data) for .data
    onewire.o(i.owReadScratchpadCmd) refers to onewire.o(i.owMatchRomCmd) for owMatchRomCmd
[...]
    xBlockAllocatedBit                       0x200000c0   Data           4  heap_4.o(.data)
    xStart                                   0x200000c4   Data           8  heap_4.o(.data)
    .data                                    0x200000cc   Section       12  port.o(.data)
    ucMaxSysCallPriority                     0x200000cc   Data           1  port.o(.data)
    uxCriticalNesting                        0x200000d0   Data           4  port.o(.data)
    ulMaxPRIGROUPValue                       0x200000d4   Data           4  port.o(.data)
    .bss                                     0x200000d8   Section       76  onewire.o(.bss)
    .bss                                     0x20000124   Section     1024  ssd1306.o(.bss)
    SSD1306_Buffer                           0x20000124   Data        1024  ssd1306.o(.bss)
    .bss                                     0x20000524   Section       28  main.o(.bss)
    .bss                                     0x20000540   Section       40  main.o(.bss)
    .bss                                     0x20000568   Section       40  can.o(.bss)
    .bss                                     0x20000590   Section       84  i2c.o(.bss)
    .bss                                     0x200005e4   Section      144  tim.o(.bss)
    .bss                                     0x20000674   Section       72  usart.o(.bss)
    .bss                                     0x200006bc   Section       72  stm32f1xx_hal_timebase_tim.o(.bss)
    .bss                                     0x20000704   Section      220  tasks.o(.bss)
    pxReadyTasksLists                        0x20000704   Data         140  tasks.o(.bss)
    xDelayedTaskList1                        0x20000790   Data          20  tasks.o(.bss)
    xDelayedTaskList2                        0x200007a4   Data          20  tasks.o(.bss)
    xPendingReadyList                        0x200007b8   Data          20  tasks.o(.bss)
    xSuspendedTaskList                       0x200007cc   Data          20  tasks.o(.bss)
    .bss                                     0x200007e0   Section    10240  heap_4.o(.bss)
    ucHeap                                   0x200007e0   Data       10240  heap_4.o(.bss)
    .bss                                     0x20002fe0   Section       96  libspace.o(.bss)
    HEAP                                     0x20003040   Section      512  startup_stm32f103xb.o(HEAP)
    Heap_Mem                                 0x20003040   Data         512  startup_stm32f103xb.o(HEAP)
    STACK                                    0x20003240   Section     1024  startup_stm32f103xb.o(STACK)
    Stack_Mem                                0x20003240   Data        1024  startup_stm32f103xb.o(STACK)
    __initial_sp                             0x20003640   Data           0  startup_stm32f103xb.o(STACK)

    Global Symbols

    Symbol Name                              Value     Ov Type        Size  Object(Section)

    BuildAttributes$$THM_ISAv4$P$D$K$B$S$PE$A:L22UL41UL21$X:L11$S22US41US21$IEEE1$IW$USESV6$~STKCKD$USESV7$~SHL$OTIME$ROPI$IEEEJ$EBA8$UX$STANDARDLIB$REQ8$PRES8$EABIv2 0x00000000   Number         0  anon$$obj.o ABSOLUTE
    __ARM_use_no_argv                        0x00000000   Number         0  main.o ABSOLUTE
    _printf_flags                            0x00000000   Number         0  printf_stubs.o ABSOLUTE
    _printf_return_value                     0x00000000   Number         0  printf_stubs.o ABSOLUTE
    _printf_sizespec                         0x00000000   Number         0  printf_stubs.o ABSOLUTE
    _printf_widthprec                        0x00000000   Number         0  printf_stubs.o ABSOLUTE
    __ARM_exceptions_init                     - Undefined Weak Reference
    __alloca_initialize                       - Undefined Weak Reference
    __arm_fini_                               - Undefined Weak Reference
    __arm_preinit_                            - Undefined Weak Reference
    __cpp_initialize__aeabi_                  - Undefined Weak Reference
    __cxa_finalize                            - Undefined Weak Reference
    __sigvec_lookup                           - Undefined Weak Reference
    _atexit_init                              - Undefined Weak Reference
    _call_atexit_fns                          - Undefined Weak Reference
    _clock_init                               - Undefined Weak Reference
    _fp_trap_init                             - Undefined Weak Reference
    _fp_trap_shutdown                         - Undefined Weak Reference
    _get_lc_collate                           - Undefined Weak Reference
    _get_lc_ctype                             - Undefined Weak Reference
    _get_lc_monetary                          - Undefined Weak Reference
    _get_lc_time                              - Undefined Weak Reference
    _getenv_init                              - Undefined Weak Reference
    _handle_redirection                       - Undefined Weak Reference
    _init_alloc                               - Undefined Weak Reference
    _init_user_alloc                          - Undefined Weak Reference
    _initio                                   - Undefined Weak Reference
    _printf_mbtowc                            - Undefined Weak Reference
    _printf_truncate_signed                   - Undefined Weak Reference
    _printf_truncate_unsigned                 - Undefined Weak Reference
    _rand_init                                - Undefined Weak Reference
    _signal_finish                            - Undefined Weak Reference
    _signal_init                              - Undefined Weak Reference
    _terminate_alloc                          - Undefined Weak Reference
    _terminate_user_alloc                     - Undefined Weak Reference
    _terminateio                              - Undefined Weak Reference
    __Vectors_Size                           0x000000ec   Number         0  startup_stm32f103xb.o ABSOLUTE
    __Vectors                                0x08000000   Data           4  startup_stm32f103xb.o(RESET)
    __Vectors_End                            0x080000ec   Data           0  startup_stm32f103xb.o(RESET)
    __main                                   0x080000ed   Thumb Code     8  __main.o(!!!main)
    __scatterload                            0x080000f5   Thumb Code     0  __scatter.o(!!!scatter)
    __scatterload_rt2                        0x080000f5   Thumb Code    44  __scatter.o(!!!scatter)
    __scatterload_rt2_thumb_only             0x080000f5   Thumb Code     0  __scatter.o(!!!scatter)
    __scatterload_null                       0x08000103   Thumb Code     0  __scatter.o(!!!scatter)
    __scatterload_copy                       0x08000129   Thumb Code    26  __scatter_copy.o(!!handler_copy)
    __scatterload_zeroinit                   0x08000145   Thumb Code    28  __scatter_zi.o(!!handler_zi)
    _printf_f                                0x08000161   Thumb Code     0  _printf_f.o(.ARM.Collect$$_printf_percent$$00000003)
    _printf_percent                          0x08000161   Thumb Code     0  _printf_percent.o(.ARM.Collect$$_printf_percent$$00000000)
    _printf_d                                0x08000167   Thumb Code     0  _printf_d.o(.ARM.Collect$$_printf_percent$$00000009)
    _printf_x                                0x0800016d   Thumb Code     0  _printf_x.o(.ARM.Collect$$_printf_percent$$0000000C)
    _printf_percent_end                      0x08000173   Thumb Code     0  _printf_percent_end.o(.ARM.Collect$$_printf_percent$$00000017)
    __rt_lib_init                            0x08000177   Thumb Code     0  libinit.o(.ARM.Collect$$libinit$$00000000)
    __rt_lib_init_fp_1                       0x08000179   Thumb Code     0  libinit2.o(.ARM.Collect$$libinit$$00000002)
    __rt_lib_init_heap_1                     0x08000179   Thumb Code     0  libinit2.o(.ARM.Collect$$libinit$$0000000A)
    __rt_lib_init_lc_common                  0x08000179   Thumb Code     0  libinit2.o(.ARM.Collect$$libinit$$0000000F)
    __rt_lib_init_preinit_1                  0x08000179   Thumb Code     0  libinit2.o(.ARM.Collect$$libinit$$00000004)
    __rt_lib_init_rand_1                     0x08000179   Thumb Code     0  libinit2.o(.ARM.Collect$$libinit$$0000000E)
    __rt_lib_init_user_alloc_1               0x08000179   Thumb Code     0  libinit2.o(.ARM.Collect$$libinit$$0000000C)
    __rt_lib_init_lc_collate_1               0x0800017f   Thumb Code     0  libinit2.o(.ARM.Collect$$libinit$$00000011)
    __rt_lib_init_lc_ctype_1                 0x0800017f   Thumb Code     0  libinit2.o(.ARM.Collect$$libinit$$00000013)
    __rt_lib_init_lc_monetary_1              0x0800017f   Thumb Code     0  libinit2.o(.ARM.Collect$$libinit$$00000015)
    __rt_lib_init_lc_numeric_2               0x0800017f   Thumb Code     0  libinit2.o(.ARM.Collect$$libinit$$00000016)
    __rt_lib_init_alloca_1                   0x08000189   Thumb Code     0  libinit2.o(.ARM.Collect$$libinit$$0000002E)
    __rt_lib_init_argv_1                     0x08000189   Thumb Code     0  libinit2.o(.ARM.Collect$$libinit$$0000002C)
    __rt_lib_init_atexit_1                   0x08000189   Thumb Code     0  libinit2.o(.ARM.Collect$$libinit$$0000001B)
    __rt_lib_init_clock_1                    0x08000189   Thumb Code     0  libinit2.o(.ARM.Collect$$libinit$$00000021)
    __rt_lib_init_cpp_1                      0x08000189   Thumb Code     0  libinit2.o(.ARM.Collect$$libinit$$00000032)
    __rt_lib_init_exceptions_1               0x08000189   Thumb Code     0  libinit2.o(.ARM.Collect$$libinit$$00000030)
    __rt_lib_init_fp_trap_1                  0x08000189   Thumb Code     0  libinit2.o(.ARM.Collect$$libinit$$0000001F)
    __rt_lib_init_getenv_1                   0x08000189   Thumb Code     0  libinit2.o(.ARM.Collect$$libinit$$00000023)
    __rt_lib_init_lc_numeric_1               0x08000189   Thumb Code     0  libinit2.o(.ARM.Collect$$libinit$$00000017)
    __rt_lib_init_lc_time_1                  0x08000189   Thumb Code     0  libinit2.o(.ARM.Collect$$libinit$$00000019)
    __rt_lib_init_return                     0x08000189   Thumb Code     0  libinit2.o(.ARM.Collect$$libinit$$00000033)
    __rt_lib_init_signal_1                   0x08000189   Thumb Code     0  libinit2.o(.ARM.Collect$$libinit$$0000001D)
    __rt_lib_init_stdio_1                    0x08000189   Thumb Code     0  libinit2.o(.ARM.Collect$$libinit$$00000025)
    __rt_lib_shutdown                        0x0800018b   Thumb Code     0  libshutdown.o(.ARM.Collect$$libshutdown$$00000000)
    __rt_lib_shutdown_cpp_1                  0x0800018d   Thumb Code     0  libshutdown2.o(.ARM.Collect$$libshutdown$$00000004)
    __rt_lib_shutdown_fini_1                 0x0800018d   Thumb Code     0  libshutdown2.o(.ARM.Collect$$libshutdown$$00000002)
    __rt_lib_shutdown_fp_trap_1              0x0800018d   Thumb Code     0  libshutdown2.o(.ARM.Collect$$libshutdown$$00000009)
    __rt_lib_shutdown_heap_1                 0x0800018d   Thumb Code     0  libshutdown2.o(.ARM.Collect$$libshutdown$$00000011)
    __rt_lib_shutdown_return                 0x0800018d   Thumb Code     0  libshutdown2.o(.ARM.Collect$$libshutdown$$00000012)
    __rt_lib_shutdown_signal_1               0x0800018d   Thumb Code     0  libshutdown2.o(.ARM.Collect$$libshutdown$$0000000C)
    __rt_lib_shutdown_stdio_1                0x0800018d   Thumb Code     0  libshutdown2.o(.ARM.Collect$$libshutdown$$00000006)
    __rt_lib_shutdown_user_alloc_1           0x0800018d   Thumb Code     0  libshutdown2.o(.ARM.Collect$$libshutdown$$0000000E)
    __rt_entry                               0x0800018f   Thumb Code     0  __rtentry.o(.ARM.Collect$$rtentry$$00000000)
    __rt_entry_presh_1                       0x0800018f   Thumb Code     0  __rtentry2.o(.ARM.Collect$$rtentry$$00000002)
    __rt_entry_sh                            0x0800018f   Thumb Code     0  __rtentry4.o(.ARM.Collect$$rtentry$$00000004)
    __rt_entry_li                            0x08000195   Thumb Code     0  __rtentry2.o(.ARM.Collect$$rtentry$$0000000A)
    __rt_entry_postsh_1                      0x08000195   Thumb Code     0  __rtentry2.o(.ARM.Collect$$rtentry$$00000009)
    __rt_entry_main                          0x08000199   Thumb Code     0  __rtentry2.o(.ARM.Collect$$rtentry$$0000000D)
    __rt_entry_postli_1                      0x08000199   Thumb Code     0  __rtentry2.o(.ARM.Collect$$rtentry$$0000000C)
    __rt_exit                                0x080001a1   Thumb Code     0  rtexit.o(.ARM.Collect$$rtexit$$00000000)
    __rt_exit_ls                             0x080001a3   Thumb Code     0  rtexit2.o(.ARM.Collect$$rtexit$$00000003)
    __rt_exit_prels_1                        0x080001a3   Thumb Code     0  rtexit2.o(.ARM.Collect$$rtexit$$00000002)
    __rt_exit_exit                           0x080001a7   Thumb Code     0  rtexit2.o(.ARM.Collect$$rtexit$$00000004)
    SVC_Handler                              0x080001ad   Thumb Code    32  port.o(.emb_text)
    __asm___6_port_c_39a90d8d__prvStartFirstTask 0x080001d1   Thumb Code    28  port.o(.emb_text)
    PendSV_Handler                           0x080001f1   Thumb Code    72  port.o(.emb_text)
    vPortGetIPSR                             0x0800023d   Thumb Code     6  port.o(.emb_text)
    Reset_Handler                            0x08000245   Thumb Code     8  startup_stm32f103xb.o(.text)
    ADC1_2_IRQHandler                        0x0800025f   Thumb Code     0  startup_stm32f103xb.o(.text)
    CAN1_RX1_IRQHandler                      0x0800025f   Thumb Code     0  startup_stm32f103xb.o(.text)
    CAN1_SCE_IRQHandler                      0x0800025f   Thumb Code     0  startup_stm32f103xb.o(.text)
    DMA1_Channel1_IRQHandler                 0x0800025f   Thumb Code     0  startup_stm32f103xb.o(.text)
    DMA1_Channel2_IRQHandler                 0x0800025f   Thumb Code     0  startup_stm32f103xb.o(.text)
    DMA1_Channel3_IRQHandler                 0x0800025f   Thumb Code     0  startup_stm32f103xb.o(.text)
    DMA1_Channel4_IRQHandler                 0x0800025f   Thumb Code     0  startup_stm32f103xb.o(.text)
    DMA1_Channel5_IRQHandler                 0x0800025f   Thumb Code     0  startup_stm32f103xb.o(.text)
    DMA1_Channel6_IRQHandler                 0x0800025f   Thumb Code     0  startup_stm32f103xb.o(.text)
    DMA1_Channel7_IRQHandler                 0x0800025f   Thumb Code     0  startup_stm32f103xb.o(.text)
    EXTI0_IRQHandler                         0x0800025f   Thumb Code     0  startup_stm32f103xb.o(.text)
    EXTI15_10_IRQHandler                     0x0800025f   Thumb Code     0  startup_stm32f103xb.o(.text)
    EXTI1_IRQHandler                         0x0800025f   Thumb Code     0  startup_stm32f103xb.o(.text)
    EXTI2_IRQHandler                         0x0800025f   Thumb Code     0  startup_stm32f103xb.o(.text)
    EXTI3_IRQHandler                         0x0800025f   Thumb Code     0  startup_stm32f103xb.o(.text)
    EXTI4_IRQHandler                         0x0800025f   Thumb Code     0  startup_stm32f103xb.o(.text)
    EXTI9_5_IRQHandler                       0x0800025f   Thumb Code     0  startup_stm32f103xb.o(.text)
    FLASH_IRQHandler                         0x0800025f   Thumb Code     0  startup_stm32f103xb.o(.text)
    I2C1_ER_IRQHandler                       0x0800025f   Thumb Code     0  startup_stm32f103xb.o(.text)
    I2C1_EV_IRQHandler                       0x0800025f   Thumb Code     0  startup_stm32f103xb.o(.text)
    I2C2_ER_IRQHandler                       0x0800025f   Thumb Code     0  startup_stm32f103xb.o(.text)
    I2C2_EV_IRQHandler                       0x0800025f   Thumb Code     0  startup_stm32f103xb.o(.text)
    PVD_IRQHandler                           0x0800025f   Thumb Code     0  startup_stm32f103xb.o(.text)
    RCC_IRQHandler                           0x0800025f   Thumb Code     0  startup_stm32f103xb.o(.text)
    RTC_Alarm_IRQHandler                     0x0800025f   Thumb Code     0  startup_stm32f103xb.o(.text)
    RTC_IRQHandler                           0x0800025f   Thumb Code     0  startup_stm32f103xb.o(.text)
    SPI1_IRQHandler                          0x0800025f   Thumb Code     0  startup_stm32f103xb.o(.text)
    SPI2_IRQHandler                          0x0800025f   Thumb Code     0  startup_stm32f103xb.o(.text)
    TAMPER_IRQHandler                        0x0800025f   Thumb Code     0  startup_stm32f103xb.o(.text)
    TIM1_BRK_IRQHandler                      0x0800025f   Thumb Code     0  startup_stm32f103xb.o(.text)
    TIM1_CC_IRQHandler                       0x0800025f   Thumb Code     0  startup_stm32f103xb.o(.text)
    TIM1_TRG_COM_IRQHandler                  0x0800025f   Thumb Code     0  startup_stm32f103xb.o(.text)
    TIM1_UP_IRQHandler                       0x0800025f   Thumb Code     0  startup_stm32f103xb.o(.text)
    USART2_IRQHandler                        0x0800025f   Thumb Code     0  startup_stm32f103xb.o(.text)
    USART3_IRQHandler                        0x0800025f   Thumb Code     0  startup_stm32f103xb.o(.text)
    USBWakeUp_IRQHandler                     0x0800025f   Thumb Code     0  startup_stm32f103xb.o(.text)
    USB_HP_CAN1_TX_IRQHandler                0x0800025f   Thumb Code     0  startup_stm32f103xb.o(.text)
    WWDG_IRQHandler                          0x0800025f   Thumb Code     0  startup_stm32f103xb.o(.text)
    __user_initial_stackheap                 0x08000261   Thumb Code     0  startup_stm32f103xb.o(.text)
    __2sprintf                               0x08000285   Thumb Code    34  noretval__2sprintf.o(.text)
    _printf_pre_padding                      0x080002ad   Thumb Code    44  _printf_pad.o(.text)
    _printf_post_padding                     0x080002d9   Thumb Code    34  _printf_pad.o(.text)
    _printf_int_dec                          0x080002fd   Thumb Code   104  _printf_dec.o(.text)
    _printf_int_hex                          0x08000375   Thumb Code    84  _printf_hex_int.o(.text)
    _printf_longlong_hex                     0x08000375   Thumb Code     0  _printf_hex_int.o(.text)
    __printf                                 0x080003cd   Thumb Code   308  __printf_flags_wp.o(.text)
    __aeabi_memcpy4                          0x08000505   Thumb Code     0  rt_memcpy_w.o(.text)
    __aeabi_memcpy8                          0x08000505   Thumb Code     0  rt_memcpy_w.o(.text)
    __rt_memcpy_w                            0x08000505   Thumb Code   100  rt_memcpy_w.o(.text)
    _memcpy_lastbytes_aligned                0x0800054d   Thumb Code     0  rt_memcpy_w.o(.text)
    __aeabi_memset                           0x08000569   Thumb Code    16  aeabi_memset.o(.text)
    __aeabi_memclr4                          0x08000579   Thumb Code     0  rt_memclr_w.o(.text)
    __aeabi_memclr8                          0x08000579   Thumb Code     0  rt_memclr_w.o(.text)
    __rt_memclr_w                            0x08000579   Thumb Code    78  rt_memclr_w.o(.text)
    _memset_w                                0x0800057d   Thumb Code     0  rt_memclr_w.o(.text)
    strcmp                                   0x080005c9   Thumb Code   128  strcmpv7m.o(.text)
    __use_two_region_memory                  0x08000649   Thumb Code     2  heapauxi.o(.text)
    __rt_heap_escrow$2region                 0x0800064b   Thumb Code     2  heapauxi.o(.text)
    __rt_heap_expand$2region                 0x0800064d   Thumb Code     2  heapauxi.o(.text)
    _printf_int_common                       0x0800064f   Thumb Code   178  _printf_intcommon.o(.text)
    __lib_sel_fp_printf                      0x08000701   Thumb Code     2  _printf_fp_dec.o(.text)
    _printf_fp_dec_real                      0x080008b3   Thumb Code   620  _printf_fp_dec.o(.text)
    _printf_char_common                      0x08000b2b   Thumb Code    32  _printf_char_common.o(.text)
    _sputc                                   0x08000b51   Thumb Code    10  _sputc.o(.text)
    __aeabi_memclr                           0x08000b5b   Thumb Code     0  rt_memclr.o(.text)
    __rt_memclr                              0x08000b5b   Thumb Code    68  rt_memclr.o(.text)
    _memset                                  0x08000b5f   Thumb Code     0  rt_memclr.o(.text)
    __rt_locale                              0x08000ba1   Thumb Code     8  rt_locale_intlibspace.o(.text)
    _ll_udiv10                               0x08000ba9   Thumb Code   138  lludiv10.o(.text)
    _printf_fp_infnan                        0x08000c35   Thumb Code   112  _printf_fp_infnan.o(.text)
    _btod_etento                             0x08000cb5   Thumb Code   224  bigflt0.o(.text)
    __user_libspace                          0x08000d99   Thumb Code     8  libspace.o(.text)
    __user_perproc_libspace                  0x08000d99   Thumb Code     0  libspace.o(.text)
    __user_perthread_libspace                0x08000d99   Thumb Code     0  libspace.o(.text)
    __user_setup_stackheap                   0x08000da1   Thumb Code    74  sys_stackheap_outer.o(.text)
    exit                                     0x08000deb   Thumb Code    18  exit.o(.text)
    _sys_exit                                0x08000dfd   Thumb Code     8  sys_exit.o(.text)
    __I$use$semihosting                      0x08000e09   Thumb Code     0  use_no_semi.o(.text)
    __use_no_semihosting_swi                 0x08000e09   Thumb Code     2  use_no_semi.o(.text)
    __semihosting_library_function           0x08000e0b   Thumb Code     0  indicate_semi.o(.text)
    _btod_d2e                                0x08000e0b   Thumb Code    62  btod.o(CL$$btod_d2e)
    _d2e_denorm_low                          0x08000e49   Thumb Code    70  btod.o(CL$$btod_d2e_denorm_low)
    _d2e_norm_op1                            0x08000e8f   Thumb Code    96  btod.o(CL$$btod_d2e_norm_op1)
    __btod_div_common                        0x08000eef   Thumb Code   696  btod.o(CL$$btod_div_common)
    _e2e                                     0x08001227   Thumb Code   220  btod.o(CL$$btod_e2e)
    _btod_ediv                               0x08001303   Thumb Code    42  btod.o(CL$$btod_ediv)
    _btod_emul                               0x0800132d   Thumb Code    42  btod.o(CL$$btod_emul)
    __btod_mult_common                       0x08001357   Thumb Code   580  btod.o(CL$$btod_mult_common)
    BusFault_Handler                         0x0800159b   Thumb Code     2  stm32f1xx_it.o(i.BusFault_Handler)
    DebugMon_Handler                         0x0800159d   Thumb Code     2  stm32f1xx_it.o(i.DebugMon_Handler)
    Error_Handler                            0x0800159f   Thumb Code     4  main.o(i.Error_Handler)
    HAL_CAN_ErrorCallback                    0x080015a3   Thumb Code     4  main.o(i.HAL_CAN_ErrorCallback)
    HAL_CAN_GetError                         0x080015a7   Thumb Code     4  stm32f1xx_hal_can.o(i.HAL_CAN_GetError)
    HAL_CAN_GetRxMessage                     0x080015ab   Thumb Code   244  stm32f1xx_hal_can.o(i.HAL_CAN_GetRxMessage)
    HAL_CAN_IRQHandler                       0x0800169f   Thumb Code   508  stm32f1xx_hal_can.o(i.HAL_CAN_IRQHandler)
    HAL_CAN_Init                             0x0800189b   Thumb Code   282  stm32f1xx_hal_can.o(i.HAL_CAN_Init)
    HAL_CAN_MspInit                          0x080019b5   Thumb Code   130  can.o(i.HAL_CAN_MspInit)
    HAL_CAN_RxFifo0FullCallback              0x08001a49   Thumb Code     2  stm32f1xx_hal_can.o(i.HAL_CAN_RxFifo0FullCallback)
    HAL_CAN_RxFifo0MsgPendingCallback        0x08001a4d   Thumb Code    34  main.o(i.HAL_CAN_RxFifo0MsgPendingCallback)
    HAL_CAN_RxFifo1FullCallback              0x08001a79   Thumb Code     2  stm32f1xx_hal_can.o(i.HAL_CAN_RxFifo1FullCallback)
    HAL_CAN_RxFifo1MsgPendingCallback        0x08001a7b   Thumb Code     2  stm32f1xx_hal_can.o(i.HAL_CAN_RxFifo1MsgPendingCallback)
    HAL_CAN_SleepCallback                    0x08001a7d   Thumb Code     2  stm32f1xx_hal_can.o(i.HAL_CAN_SleepCallback)
    HAL_CAN_TxMailbox0AbortCallback          0x08001a7f   Thumb Code     2  stm32f1xx_hal_can.o(i.HAL_CAN_TxMailbox0AbortCallback)
    HAL_CAN_TxMailbox0CompleteCallback       0x08001a81   Thumb Code     2  stm32f1xx_hal_can.o(i.HAL_CAN_TxMailbox0CompleteCallback)
    HAL_CAN_TxMailbox1AbortCallback          0x08001a83   Thumb Code     2  stm32f1xx_hal_can.o(i.HAL_CAN_TxMailbox1AbortCallback)
    HAL_CAN_TxMailbox1CompleteCallback       0x08001a85   Thumb Code     2  stm32f1xx_hal_can.o(i.HAL_CAN_TxMailbox1CompleteCallback)
    HAL_CAN_TxMailbox2AbortCallback          0x08001a87   Thumb Code     2  stm32f1xx_hal_can.o(i.HAL_CAN_TxMailbox2AbortCallback)
    HAL_CAN_TxMailbox2CompleteCallback       0x08001a89   Thumb Code     2  stm32f1xx_hal_can.o(i.HAL_CAN_TxMailbox2CompleteCallback)
    HAL_CAN_WakeUpFromRxMsgCallback          0x08001a8b   Thumb Code     2  stm32f1xx_hal_can.o(i.HAL_CAN_WakeUpFromRxMsgCallback)
    HAL_DMA_Abort                            0x08001a8d   Thumb Code    70  stm32f1xx_hal_dma.o(i.HAL_DMA_Abort)
    HAL_DMA_Abort_IT                         0x08001ad5   Thumb Code   148  stm32f1xx_hal_dma.o(i.HAL_DMA_Abort_IT)
    HAL_Delay                                0x08001b6d   Thumb Code    32  stm32f1xx_hal.o(i.HAL_Delay)
    HAL_GPIO_Init                            0x08001b91   Thumb Code   446  stm32f1xx_hal_gpio.o(i.HAL_GPIO_Init)
    HAL_GPIO_WritePin                        0x08001d71   Thumb Code    10  stm32f1xx_hal_gpio.o(i.HAL_GPIO_WritePin)
    HAL_GetTick                              0x08001d7d   Thumb Code     6  stm32f1xx_hal.o(i.HAL_GetTick)
    HAL_HalfDuplex_Init                      0x08001d89   Thumb Code   110  stm32f1xx_hal_uart.o(i.HAL_HalfDuplex_Init)
    HAL_I2C_Init                             0x08001df9   Thumb Code   376  stm32f1xx_hal_i2c.o(i.HAL_I2C_Init)
    HAL_I2C_IsDeviceReady                    0x08001f81   Thumb Code   354  stm32f1xx_hal_i2c.o(i.HAL_I2C_IsDeviceReady)
    HAL_I2C_Master_Transmit                  0x080020ed   Thumb Code   290  stm32f1xx_hal_i2c.o(i.HAL_I2C_Master_Transmit)
    HAL_I2C_MspInit                          0x08002219   Thumb Code    82  i2c.o(i.HAL_I2C_MspInit)
    HAL_IncTick                              0x08002279   Thumb Code    12  stm32f1xx_hal.o(i.HAL_IncTick)
    HAL_Init                                 0x08002289   Thumb Code    32  stm32f1xx_hal.o(i.HAL_Init)
    HAL_InitTick                             0x080022ad   Thumb Code   132  stm32f1xx_hal_timebase_tim.o(i.HAL_InitTick)
    HAL_MspInit                              0x08002345   Thumb Code    62  stm32f1xx_hal_msp.o(i.HAL_MspInit)
    HAL_NVIC_EnableIRQ                       0x0800238d   Thumb Code    26  stm32f1xx_hal_cortex.o(i.HAL_NVIC_EnableIRQ)
    HAL_NVIC_SetPriority                     0x080023a9   Thumb Code    60  stm32f1xx_hal_cortex.o(i.HAL_NVIC_SetPriority)
    HAL_NVIC_SetPriorityGrouping             0x080023e9   Thumb Code    26  stm32f1xx_hal_cortex.o(i.HAL_NVIC_SetPriorityGrouping)
    HAL_RCC_ClockConfig                      0x0800240d   Thumb Code   280  stm32f1xx_hal_rcc.o(i.HAL_RCC_ClockConfig)
    HAL_RCC_GetClockConfig                   0x08002539   Thumb Code    54  stm32f1xx_hal_rcc.o(i.HAL_RCC_GetClockConfig)
    HAL_RCC_GetPCLK1Freq                     0x08002579   Thumb Code    20  stm32f1xx_hal_rcc.o(i.HAL_RCC_GetPCLK1Freq)
    HAL_RCC_GetPCLK2Freq                     0x08002599   Thumb Code    20  stm32f1xx_hal_rcc.o(i.HAL_RCC_GetPCLK2Freq)
    HAL_RCC_GetSysClockFreq                  0x080025b9   Thumb Code    58  stm32f1xx_hal_rcc.o(i.HAL_RCC_GetSysClockFreq)
    HAL_RCC_OscConfig                        0x08002605   Thumb Code   778  stm32f1xx_hal_rcc.o(i.HAL_RCC_OscConfig)
    HAL_TIMEx_BreakCallback                  0x08002925   Thumb Code     2  stm32f1xx_hal_tim_ex.o(i.HAL_TIMEx_BreakCallback)
    HAL_TIMEx_CommutCallback                 0x08002927   Thumb Code     2  stm32f1xx_hal_tim_ex.o(i.HAL_TIMEx_CommutCallback)
    HAL_TIMEx_MasterConfigSynchronization    0x08002929   Thumb Code    92  stm32f1xx_hal_tim_ex.o(i.HAL_TIMEx_MasterConfigSynchronization)
    HAL_TIM_Base_Init                        0x08002991   Thumb Code    90  stm32f1xx_hal_tim.o(i.HAL_TIM_Base_Init)
    HAL_TIM_Base_MspInit                     0x080029ed   Thumb Code    50  tim.o(i.HAL_TIM_Base_MspInit)
    HAL_TIM_Base_Start_IT                    0x08002a29   Thumb Code    76  stm32f1xx_hal_tim.o(i.HAL_TIM_Base_Start_IT)
    HAL_TIM_ConfigClockSource                0x08002a81   Thumb Code   220  stm32f1xx_hal_tim.o(i.HAL_TIM_ConfigClockSource)
    HAL_TIM_IC_CaptureCallback               0x08002b5d   Thumb Code     2  stm32f1xx_hal_tim.o(i.HAL_TIM_IC_CaptureCallback)
    HAL_TIM_IRQHandler                       0x08002b5f   Thumb Code   358  stm32f1xx_hal_tim.o(i.HAL_TIM_IRQHandler)
    HAL_TIM_MspPostInit                      0x08002cc5   Thumb Code   122  tim.o(i.HAL_TIM_MspPostInit)
    HAL_TIM_OC_DelayElapsedCallback          0x08002d55   Thumb Code     2  stm32f1xx_hal_tim.o(i.HAL_TIM_OC_DelayElapsedCallback)
    HAL_TIM_PWM_ConfigChannel                0x08002d57   Thumb Code   204  stm32f1xx_hal_tim.o(i.HAL_TIM_PWM_ConfigChannel)
    HAL_TIM_PWM_Init                         0x08002e23   Thumb Code    90  stm32f1xx_hal_tim.o(i.HAL_TIM_PWM_Init)
    HAL_TIM_PWM_MspInit                      0x08002e7d   Thumb Code    50  tim.o(i.HAL_TIM_PWM_MspInit)
    HAL_TIM_PWM_PulseFinishedCallback        0x08002eb5   Thumb Code     2  stm32f1xx_hal_tim.o(i.HAL_TIM_PWM_PulseFinishedCallback)
    HAL_TIM_PWM_Start                        0x08002eb9   Thumb Code   144  stm32f1xx_hal_tim.o(i.HAL_TIM_PWM_Start)
    HAL_TIM_PWM_Start_IT                     0x08002f55   Thumb Code   188  stm32f1xx_hal_tim.o(i.HAL_TIM_PWM_Start_IT)
    HAL_TIM_PeriodElapsedCallback            0x0800301d   Thumb Code    14  main.o(i.HAL_TIM_PeriodElapsedCallback)
    HAL_TIM_TriggerCallback                  0x08003031   Thumb Code     2  stm32f1xx_hal_tim.o(i.HAL_TIM_TriggerCallback)
    HAL_UARTEx_RxEventCallback               0x08003033   Thumb Code     2  stm32f1xx_hal_uart.o(i.HAL_UARTEx_RxEventCallback)
    HAL_UART_ErrorCallback                   0x08003035   Thumb Code     2  stm32f1xx_hal_uart.o(i.HAL_UART_ErrorCallback)
    HAL_UART_IRQHandler                      0x08003039   Thumb Code   616  stm32f1xx_hal_uart.o(i.HAL_UART_IRQHandler)
    HAL_UART_MspInit                         0x080032a5   Thumb Code   110  usart.o(i.HAL_UART_MspInit)
    HAL_UART_RxCpltCallback                  0x08003325   Thumb Code     2  stm32f1xx_hal_uart.o(i.HAL_UART_RxCpltCallback)
    HAL_UART_TxCpltCallback                  0x08003327   Thumb Code     2  stm32f1xx_hal_uart.o(i.HAL_UART_TxCpltCallback)
    HardFault_Handler                        0x08003329   Thumb Code     2  stm32f1xx_it.o(i.HardFault_Handler)
    MX_CAN_Init                              0x080035f1   Thumb Code    60  can.o(i.MX_CAN_Init)
    MX_FREERTOS_Init                         0x08003635   Thumb Code   184  freertos.o(i.MX_FREERTOS_Init)
    MX_GPIO_Init                             0x080036f5   Thumb Code   154  gpio.o(i.MX_GPIO_Init)
    MX_I2C2_Init                             0x080037a1   Thumb Code    50  i2c.o(i.MX_I2C2_Init)
    MX_TIM2_Init                             0x080037e1   Thumb Code   154  tim.o(i.MX_TIM2_Init)
    MX_TIM3_Init                             0x08003881   Thumb Code   148  tim.o(i.MX_TIM3_Init)
    MX_USART1_UART_Init                      0x0800391d   Thumb Code    48  usart.o(i.MX_USART1_UART_Init)
    MemManage_Handler                        0x08003955   Thumb Code     2  stm32f1xx_it.o(i.MemManage_Handler)
    NMI_Handler                              0x08003957   Thumb Code     2  stm32f1xx_it.o(i.NMI_Handler)
    ProctAnalogRead                          0x08003959   Thumb Code     8  freertos.o(i.ProctAnalogRead)
    ProctButtonRead                          0x08003961   Thumb Code   220  freertos.o(i.ProctButtonRead)
    ProctCan                                 0x08003a55   Thumb Code    18  freertos.o(i.ProctCan)
    ProctDefaultTask                         0x08003a6d   Thumb Code     8  freertos.o(i.ProctDefaultTask)
    ProctDigitalRead                         0x08003a75   Thumb Code    48  freertos.o(i.ProctDigitalRead)
    ProctDisplay                             0x08003aad   Thumb Code   168  freertos.o(i.ProctDisplay)
    ProctIdle                                0x08003bbd   Thumb Code     8  freertos.o(i.ProctIdle)
    ProctOutputs                             0x08003bc5   Thumb Code   104  freertos.o(i.ProctOutputs)
    SSD1306_Clear                            0x08003c4d   Thumb Code    16  ssd1306.o(i.SSD1306_Clear)
    SSD1306_DrawBitmap                       0x08003c5d   Thumb Code   114  ssd1306.o(i.SSD1306_DrawBitmap)
    SSD1306_DrawPixel                        0x08003cd1   Thumb Code    54  ssd1306.o(i.SSD1306_DrawPixel)
    SSD1306_Fill                             0x08003d11   Thumb Code    18  ssd1306.o(i.SSD1306_Fill)
    SSD1306_GotoXY                           0x08003d29   Thumb Code     8  ssd1306.o(i.SSD1306_GotoXY)
    SSD1306_Init                             0x08003d35   Thumb Code   350  ssd1306.o(i.SSD1306_Init)
    SSD1306_Putc                             0x08003e9d   Thumb Code   156  ssd1306.o(i.SSD1306_Putc)
    SSD1306_Puts                             0x08003f3d   Thumb Code    40  ssd1306.o(i.SSD1306_Puts)
    SSD1306_UpdateScreen                     0x08003f65   Thumb Code    66  ssd1306.o(i.SSD1306_UpdateScreen)
    SysTick_Handler                          0x08003fad   Thumb Code    38  port.o(i.SysTick_Handler)
    SystemClock_Config                       0x08003fd9   Thumb Code    94  main.o(i.SystemClock_Config)
    SystemInit                               0x08004037   Thumb Code     2  system_stm32f1xx.o(i.SystemInit)
    TIM2_IRQHandler                          0x08004039   Thumb Code     6  stm32f1xx_it.o(i.TIM2_IRQHandler)
    TIM3_IRQHandler                          0x08004045   Thumb Code     6  stm32f1xx_it.o(i.TIM3_IRQHandler)
    TIM4_IRQHandler                          0x08004051   Thumb Code     6  stm32f1xx_it.o(i.TIM4_IRQHandler)
    TIM_Base_SetConfig                       0x0800405d   Thumb Code    94  stm32f1xx_hal_tim.o(i.TIM_Base_SetConfig)
    TIM_CCxChannelCmd                        0x080040c9   Thumb Code    26  stm32f1xx_hal_tim.o(i.TIM_CCxChannelCmd)
    TIM_ETR_SetConfig                        0x080040e3   Thumb Code    20  stm32f1xx_hal_tim.o(i.TIM_ETR_SetConfig)
    TIM_OC2_SetConfig                        0x08004159   Thumb Code    84  stm32f1xx_hal_tim.o(i.TIM_OC2_SetConfig)
    USART1_IRQHandler                        0x0800446d   Thumb Code    16  stm32f1xx_it.o(i.USART1_IRQHandler)
    USB_LP_CAN1_RX0_IRQHandler               0x08004481   Thumb Code     6  stm32f1xx_it.o(i.USB_LP_CAN1_RX0_IRQHandler)
    UsageFault_Handler                       0x0800448d   Thumb Code     2  stm32f1xx_it.o(i.UsageFault_Handler)
    __ARM_fpclassify                         0x0800448f   Thumb Code    40  fpclassify.o(i.__ARM_fpclassify)
    _is_digit                                0x080044d7   Thumb Code    14  __printf_wp.o(i._is_digit)
    byteToBits                               0x080044e5   Thumb Code    36  onewire.o(i.byteToBits)
    climate_auto_on_off                      0x08004509   Thumb Code    16  main.o(i.climate_auto_on_off)
    climate_on_off                           0x0800451d   Thumb Code    26  main.o(i.climate_on_off)
    configureTimerForRunTimeStats            0x08004541   Thumb Code     2  freertos.o(i.configureTimerForRunTimeStats)
    getRunTimeCounterValue                   0x08004543   Thumb Code     4  freertos.o(i.getRunTimeCounterValue)
    get_ROMid                                0x08004549   Thumb Code   216  onewire.o(i.get_ROMid)
    get_Temperature                          0x08004689   Thumb Code   104  onewire.o(i.get_Temperature)
    hasNextRom                               0x080046fd   Thumb Code   204  onewire.o(i.hasNextRom)
    main                                     0x080047c9   Thumb Code   154  main.o(i.main)
    osDelay                                  0x08004881   Thumb Code    14  cmsis_os.o(i.osDelay)
    osKernelStart                            0x0800488f   Thumb Code    10  cmsis_os.o(i.osKernelStart)
    osThreadCreate                           0x08004899   Thumb Code    46  cmsis_os.o(i.osThreadCreate)
    owCRC                                    0x080048c7   Thumb Code    52  onewire.o(i.owCRC)
    owCRC8                                   0x080048fb   Thumb Code     6  onewire.o(i.owCRC8)
    owConvertTemperatureCmd                  0x08004901   Thumb Code    18  onewire.o(i.owConvertTemperatureCmd)
    owEchoRead                               0x08004915   Thumb Code    34  onewire.o(i.owEchoRead)
    owInit                                   0x08004941   Thumb Code    46  onewire.o(i.owInit)
    owMatchRomCmd                            0x0800496f   Thumb Code    30  onewire.o(i.owMatchRomCmd)
    owReadHandler                            0x0800498d   Thumb Code    52  onewire.o(i.owReadHandler)
    owReadScratchpadCmd                      0x080049cd   Thumb Code   110  onewire.o(i.owReadScratchpadCmd)
    owReadSlot                               0x08004a3b   Thumb Code    12  onewire.o(i.owReadSlot)
    owResetCmd                               0x08004a47   Thumb Code    34  onewire.o(i.owResetCmd)
    owSearchCmd                              0x08004a69   Thumb Code    46  onewire.o(i.owSearchCmd)
    owSend                                   0x08004a99   Thumb Code    32  onewire.o(i.owSend)
    owSendByte                               0x08004ac5   Thumb Code    26  onewire.o(i.owSendByte)
    pvPortMalloc                             0x08004dc1   Thumb Code   210  heap_4.o(i.pvPortMalloc)
    pxPortInitialiseStack                    0x08004e99   Thumb Code    32  port.o(i.pxPortInitialiseStack)
    readTemperature                          0x08004ebd   Thumb Code   116  onewire.o(i.readTemperature)
    servo_deg                                0x08004f31   Thumb Code    28  main.o(i.servo_deg)
    ssd1306_I2C_Init                         0x08004f4d   Thumb Code     8  ssd1306.o(i.ssd1306_I2C_Init)
    ssd1306_I2C_Write                        0x08004f59   Thumb Code    28  ssd1306.o(i.ssd1306_I2C_Write)
    ssd1306_I2C_WriteMulti                   0x08004f79   Thumb Code    50  ssd1306.o(i.ssd1306_I2C_WriteMulti)
    usart_setup                              0x08004fb1   Thumb Code    48  onewire.o(i.usart_setup)
    uxListRemove                             0x08004fe9   Thumb Code    38  list.o(i.uxListRemove)
    vApplicationIdleHook                     0x0800500f   Thumb Code     2  freertos.o(i.vApplicationIdleHook)
    vListInitialise                          0x08005011   Thumb Code    22  list.o(i.vListInitialise)
    vListInitialiseItem                      0x08005027   Thumb Code     6  list.o(i.vListInitialiseItem)
    vListInsert                              0x0800502d   Thumb Code    48  list.o(i.vListInsert)
    vListInsertEnd                           0x0800505d   Thumb Code    24  list.o(i.vListInsertEnd)
    vPortEnterCritical                       0x08005075   Thumb Code    54  port.o(i.vPortEnterCritical)
    vPortExitCritical                        0x080050b5   Thumb Code    34  port.o(i.vPortExitCritical)
    vPortFree                                0x080050dd   Thumb Code    88  heap_4.o(i.vPortFree)
    vPortSetupTimerInterrupt                 0x08005139   Thumb Code    32  port.o(i.vPortSetupTimerInterrupt)
    vTaskDelay                               0x0800515d   Thumb Code    66  tasks.o(i.vTaskDelay)
    vTaskStartScheduler                      0x080051a9   Thumb Code    90  tasks.o(i.vTaskStartScheduler)
    vTaskSuspendAll                          0x08005215   Thumb Code    10  tasks.o(i.vTaskSuspendAll)
    vTaskSwitchContext                       0x08005225   Thumb Code   108  tasks.o(i.vTaskSwitchContext)
    xPortStartScheduler                      0x08005299   Thumb Code   154  port.o(i.xPortStartScheduler)
    xTaskCreate                              0x08005341   Thumb Code    86  tasks.o(i.xTaskCreate)
    xTaskIncrementTick                       0x08005399   Thumb Code   192  tasks.o(i.xTaskIncrementTick)
    xTaskResumeAll                           0x08005461   Thumb Code   182  tasks.o(i.xTaskResumeAll)
    _get_lc_numeric                          0x08005525   Thumb Code    44  lc_numeric_c.o(locale$$code)
    __fpl_dretinf                            0x08005551   Thumb Code    12  dretinf.o(x$fpl$dretinf)
    __aeabi_f2d                              0x0800555d   Thumb Code     0  f2d.o(x$fpl$f2d)
    _f2d                                     0x0800555d   Thumb Code    86  f2d.o(x$fpl$f2d)
    __aeabi_fadd                             0x080055b5   Thumb Code     0  faddsub_clz.o(x$fpl$fadd)
    _fadd                                    0x080055b5   Thumb Code   196  faddsub_clz.o(x$fpl$fadd)
    __fpl_fcmp_Inf                           0x08005679   Thumb Code    24  fcmpi.o(x$fpl$fcmpinf)
    __aeabi_fdiv                             0x08005691   Thumb Code     0  fdiv.o(x$fpl$fdiv)
    _fdiv                                    0x08005691   Thumb Code   384  fdiv.o(x$fpl$fdiv)
    __aeabi_i2f                              0x08005815   Thumb Code     0  fflt_clz.o(x$fpl$fflt)
    _fflt                                    0x08005815   Thumb Code    48  fflt_clz.o(x$fpl$fflt)
    __aeabi_cfcmple                          0x08005845   Thumb Code     0  fleqf.o(x$fpl$fleqf)
    _fcmple                                  0x08005845   Thumb Code   104  fleqf.o(x$fpl$fleqf)
    __fpl_fcmple_InfNaN                      0x08005897   Thumb Code     0  fleqf.o(x$fpl$fleqf)
    __fpl_fnaninf                            0x080058ad   Thumb Code   140  fnaninf.o(x$fpl$fnaninf)
    __fpl_fretinf                            0x08005939   Thumb Code    10  fretinf.o(x$fpl$fretinf)
    __aeabi_cfrcmple                         0x08005943   Thumb Code     0  frleqf.o(x$fpl$frleqf)
    _frcmple                                 0x08005943   Thumb Code    98  frleqf.o(x$fpl$frleqf)
    __aeabi_fsub                             0x080059a5   Thumb Code     0  faddsub_clz.o(x$fpl$fsub)
    _fsub                                    0x080059a5   Thumb Code   234  faddsub_clz.o(x$fpl$fsub)
    _printf_fp_dec                           0x08005a8f   Thumb Code     4  printf1.o(x$fpl$printf1)
    __I$use$fp                               0x08005a92   Number         0  usenofp.o(x$fpl$usenofp)
    logo                                     0x08005a92   Data        1024  fonts.o(.constdata)
    Font11x18                                0x08005e92   Data        3420  fonts.o(.constdata)
    AHBPrescTable                            0x08006ca2   Data          16  system_stm32f1xx.o(.constdata)
    APBPrescTable                            0x08006cb2   Data           8  system_stm32f1xx.o(.constdata)
    Region$$Table$$Base                      0x08006dd8   Number         0  anon$$obj.o(Region$$Table)
    Region$$Table$$Limit                     0x08006df8   Number         0  anon$$obj.o(Region$$Table)
    recvFlag                                 0x20000000   Data           1  onewire.o(.data)
    devices                                  0x20000001   Data           1  onewire.o(.data)
    t                                        0x20000002   Data           2  onewire.o(.data)
    pDelay                                   0x20000004   Data           4  onewire.o(.data)
    i                                        0x20000008   Data           4  onewire.o(.data)
    crcOK                                    0x2000000c   Data           4  onewire.o(.data)
    Temp                                     0x20000010   Data           8  onewire.o(.data)
    Font_11x18                               0x20000018   Data           8  fonts.o(.data)
    Can_Rx                                   0x20000026   Data           1  main.o(.data)
    climate_state                            0x20000027   Data           1  main.o(.data)
    climate_auto_state                       0x20000028   Data           1  main.o(.data)
    pwm                                      0x2000002a   Data           2  main.o(.data)
    RxData                                   0x2000002c   Data           8  main.o(.data)
    pwm_old                                  0x20000034   Data           2  main.o(.data)
    temp_climate                             0x20000038   Data           4  main.o(.data)
    damper_deg                               0x2000003c   Data           1  main.o(.data)
    a                                        0x20000040   Data           1  freertos.o(.data)
    defaultTaskHandle                        0x20000044   Data           4  freertos.o(.data)
    DisplayHandle                            0x20000048   Data           4  freertos.o(.data)
    AnalogReadHandle                         0x2000004c   Data           4  freertos.o(.data)
    DigitalReadHandle                        0x20000050   Data           4  freertos.o(.data)
    ButtonReadHandle                         0x20000054   Data           4  freertos.o(.data)
    OutputsHandle                            0x20000058   Data           4  freertos.o(.data)
    IdleTaskHandle                           0x2000005c   Data           4  freertos.o(.data)
    CanHandle                                0x20000060   Data           4  freertos.o(.data)
    uwTickFreq                               0x20000064   Data           1  stm32f1xx_hal.o(.data)
    uwTickPrio                               0x20000068   Data           4  stm32f1xx_hal.o(.data)
    uwTick                                   0x2000006c   Data           4  stm32f1xx_hal.o(.data)
    SystemCoreClock                          0x20000070   Data           4  system_stm32f1xx.o(.data)
    pxCurrentTCB                             0x20000074   Data           4  tasks.o(.data)
    rc_buffer                                0x200000d8   Data          10  onewire.o(.bss)
    devInfo                                  0x200000e4   Data          36  onewire.o(.bss)
    ow                                       0x20000108   Data          28  onewire.o(.bss)
    RxHeader                                 0x20000524   Data          28  main.o(.bss)
    lcd1602_tx_buffer                        0x20000540   Data          40  main.o(.bss)
    hcan                                     0x20000568   Data          40  can.o(.bss)
    hi2c2                                    0x20000590   Data          84  i2c.o(.bss)
    htim2                                    0x200005e4   Data          72  tim.o(.bss)
    htim3                                    0x2000062c   Data          72  tim.o(.bss)
    huart1                                   0x20000674   Data          72  usart.o(.bss)
    htim4                                    0x200006bc   Data          72  stm32f1xx_hal_timebase_tim.o(.bss)
    __libspace_start                         0x20002fe0   Data          96  libspace.o(.bss)
    __temporary_stack_top$libspace           0x20003040   Data           0  libspace.o(.bss)



==============================================================================

Memory Map of the image

  Image Entry point : 0x080000ed

  Load Region LR_IROM1 (Base: 0x08000000, Size: 0x00006eec, Max: 0x00010000, ABSOLUTE)

    Execution Region ER_IROM1 (Exec base: 0x08000000, Load base: 0x08000000, Size: 0x00006e14, Max: 0x00010000, ABSOLUTE)

    Exec Addr    Load Addr    Size         Type   Attr      Idx    E Section Name        Object

    0x08000000   0x08000000   0x000000ec   Data   RO            3    RESET               startup_stm32f103xb.o
    0x080000ec   0x080000ec   0x00000008   Code   RO         5583  * !!!main             c_w.l(__main.o)
    0x080000f4   0x080000f4   0x00000034   Code   RO         5831    !!!scatter          c_w.l(__scatter.o)
    0x08000128   0x08000128   0x0000001a   Code   RO         5833    !!handler_copy      c_w.l(__scatter_copy.o)
    0x08000142   0x08000142   0x00000002   PAD
    0x08000144   0x08000144   0x0000001c   Code   RO         5835    !!handler_zi        c_w.l(__scatter_zi.o)
    0x08000160   0x08000160   0x00000000   Code   RO         5564    .ARM.Collect$$_printf_percent$$00000000  c_w.l(_printf_percent.o)
    0x08000160   0x08000160   0x00000006   Code   RO         5563    .ARM.Collect$$_printf_percent$$00000003  c_w.l(_printf_f.o)
    0x08000166   0x08000166   0x00000006   Code   RO         5561    .ARM.Collect$$_printf_percent$$00000009  c_w.l(_printf_d.o)
    0x0800016c   0x0800016c   0x00000006   Code   RO         5560    .ARM.Collect$$_printf_percent$$0000000C  c_w.l(_printf_x.o)
    0x08000172   0x08000172   0x00000004   Code   RO         5618    .ARM.Collect$$_printf_percent$$00000017  c_w.l(_printf_percent_end.o)
    0x08000176   0x08000176   0x00000002   Code   RO         5702    .ARM.Collect$$libinit$$00000000  c_w.l(libinit.o)
    0x08000178   0x08000178   0x00000000   Code   RO         5704    .ARM.Collect$$libinit$$00000002  c_w.l(libinit2.o)
    0x08000178   0x08000178   0x00000000   Code   RO         5706    .ARM.Collect$$libinit$$00000004  c_w.l(libinit2.o)
    0x08000178   0x08000178   0x00000000   Code   RO         5709    .ARM.Collect$$libinit$$0000000A  c_w.l(libinit2.o)
    0x08000178   0x08000178   0x00000000   Code   RO         5711    .ARM.Collect$$libinit$$0000000C  c_w.l(libinit2.o)
    0x08000178   0x08000178   0x00000000   Code   RO         5713    .ARM.Collect$$libinit$$0000000E  c_w.l(libinit2.o)
    0x08000178   0x08000178   0x00000006   Code   RO         5714    .ARM.Collect$$libinit$$0000000F  c_w.l(libinit2.o)
    0x0800017e   0x0800017e   0x00000000   Code   RO         5716    .ARM.Collect$$libinit$$00000011  c_w.l(libinit2.o)
    0x0800017e   0x0800017e   0x00000000   Code   RO         5718    .ARM.Collect$$libinit$$00000013  c_w.l(libinit2.o)
    0x0800017e   0x0800017e   0x00000000   Code   RO         5720    .ARM.Collect$$libinit$$00000015  c_w.l(libinit2.o)
    0x0800017e   0x0800017e   0x0000000a   Code   RO         5721    .ARM.Collect$$libinit$$00000016  c_w.l(libinit2.o)
    0x08000188   0x08000188   0x00000000   Code   RO         5722    .ARM.Collect$$libinit$$00000017  c_w.l(libinit2.o)
    0x08000188   0x08000188   0x00000000   Code   RO         5724    .ARM.Collect$$libinit$$00000019  c_w.l(libinit2.o)
    0x08000188   0x08000188   0x00000000   Code   RO         5726    .ARM.Collect$$libinit$$0000001B  c_w.l(libinit2.o)
    0x08000188   0x08000188   0x00000000   Code   RO         5728    .ARM.Collect$$libinit$$0000001D  c_w.l(libinit2.o)
    0x08000188   0x08000188   0x00000000   Code   RO         5730    .ARM.Collect$$libinit$$0000001F  c_w.l(libinit2.o)
    0x08000188   0x08000188   0x00000000   Code   RO         5732    .ARM.Collect$$libinit$$00000021  c_w.l(libinit2.o)
    0x08000188   0x08000188   0x00000000   Code   RO         5734    .ARM.Collect$$libinit$$00000023  c_w.l(libinit2.o)
    0x08000188   0x08000188   0x00000000   Code   RO         5736    .ARM.Collect$$libinit$$00000025  c_w.l(libinit2.o)
    0x08000188   0x08000188   0x00000000   Code   RO         5740    .ARM.Collect$$libinit$$0000002C  c_w.l(libinit2.o)
    0x08000188   0x08000188   0x00000000   Code   RO         5742    .ARM.Collect$$libinit$$0000002E  c_w.l(libinit2.o)
    0x08000188   0x08000188   0x00000000   Code   RO         5744    .ARM.Collect$$libinit$$00000030  c_w.l(libinit2.o)
    0x08000188   0x08000188   0x00000000   Code   RO         5746    .ARM.Collect$$libinit$$00000032  c_w.l(libinit2.o)
    0x08000188   0x08000188   0x00000002   Code   RO         5747    .ARM.Collect$$libinit$$00000033  c_w.l(libinit2.o)
    0x0800018a   0x0800018a   0x00000002   Code   RO         5777    .ARM.Collect$$libshutdown$$00000000  c_w.l(libshutdown.o)
    0x0800018c   0x0800018c   0x00000000   Code   RO         5788    .ARM.Collect$$libshutdown$$00000002  c_w.l(libshutdown2.o)
    0x0800018c   0x0800018c   0x00000000   Code   RO         5790    .ARM.Collect$$libshutdown$$00000004  c_w.l(libshutdown2.o)
    0x0800018c   0x0800018c   0x00000000   Code   RO         5792    .ARM.Collect$$libshutdown$$00000006  c_w.l(libshutdown2.o)
    0x0800018c   0x0800018c   0x00000000   Code   RO         5795    .ARM.Collect$$libshutdown$$00000009  c_w.l(libshutdown2.o)
    0x0800018c   0x0800018c   0x00000000   Code   RO         5798    .ARM.Collect$$libshutdown$$0000000C  c_w.l(libshutdown2.o)
    0x0800018c   0x0800018c   0x00000000   Code   RO         5800    .ARM.Collect$$libshutdown$$0000000E  c_w.l(libshutdown2.o)
    0x0800018c   0x0800018c   0x00000000   Code   RO         5803    .ARM.Collect$$libshutdown$$00000011  c_w.l(libshutdown2.o)
    0x0800018c   0x0800018c   0x00000002   Code   RO         5804    .ARM.Collect$$libshutdown$$00000012  c_w.l(libshutdown2.o)
    0x0800018e   0x0800018e   0x00000000   Code   RO         5607    .ARM.Collect$$rtentry$$00000000  c_w.l(__rtentry.o)
    0x0800018e   0x0800018e   0x00000000   Code   RO         5631    .ARM.Collect$$rtentry$$00000002  c_w.l(__rtentry2.o)
    0x0800018e   0x0800018e   0x00000006   Code   RO         5643    .ARM.Collect$$rtentry$$00000004  c_w.l(__rtentry4.o)
    0x08000194   0x08000194   0x00000000   Code   RO         5633    .ARM.Collect$$rtentry$$00000009  c_w.l(__rtentry2.o)
    0x08000194   0x08000194   0x00000004   Code   RO         5634    .ARM.Collect$$rtentry$$0000000A  c_w.l(__rtentry2.o)
    0x08000198   0x08000198   0x00000000   Code   RO         5636    .ARM.Collect$$rtentry$$0000000C  c_w.l(__rtentry2.o)
    0x08000198   0x08000198   0x00000008   Code   RO         5637    .ARM.Collect$$rtentry$$0000000D  c_w.l(__rtentry2.o)
    0x080001a0   0x080001a0   0x00000002   Code   RO         5748    .ARM.Collect$$rtexit$$00000000  c_w.l(rtexit.o)
    0x080001a2   0x080001a2   0x00000000   Code   RO         5755    .ARM.Collect$$rtexit$$00000002  c_w.l(rtexit2.o)
    0x080001a2   0x080001a2   0x00000004   Code   RO         5756    .ARM.Collect$$rtexit$$00000003  c_w.l(rtexit2.o)
    0x080001a6   0x080001a6   0x00000006   Code   RO         5757    .ARM.Collect$$rtexit$$00000004  c_w.l(rtexit2.o)
    0x080001ac   0x080001ac   0x00000096   Code   RO         5425    .emb_text           port.o
    0x08000242   0x08000242   0x00000002   PAD
    0x08000244   0x08000244   0x00000040   Code   RO            4    .text               startup_stm32f103xb.o
    0x08000284   0x08000284   0x00000028   Code   RO         5508    .text               c_w.l(noretval__2sprintf.o)
    0x080002ac   0x080002ac   0x0000004e   Code   RO         5512    .text               c_w.l(_printf_pad.o)
    0x080002fa   0x080002fa   0x00000002   PAD
    0x080002fc   0x080002fc   0x00000078   Code   RO         5516    .text               c_w.l(_printf_dec.o)
    0x08000374   0x08000374   0x00000058   Code   RO         5521    .text               c_w.l(_printf_hex_int.o)
    0x080003cc   0x080003cc   0x00000138   Code   RO         5551    .text               c_w.l(__printf_flags_wp.o)
    0x08000504   0x08000504   0x00000064   Code   RO         5571    .text               c_w.l(rt_memcpy_w.o)
    0x08000568   0x08000568   0x00000010   Code   RO         5575    .text               c_w.l(aeabi_memset.o)
    0x08000578   0x08000578   0x0000004e   Code   RO         5577    .text               c_w.l(rt_memclr_w.o)
    0x080005c6   0x080005c6   0x00000002   PAD
    0x080005c8   0x080005c8   0x00000080   Code   RO         5579    .text               c_w.l(strcmpv7m.o)
    0x08000648   0x08000648   0x00000006   Code   RO         5581    .text               c_w.l(heapauxi.o)
    0x0800064e   0x0800064e   0x000000b2   Code   RO         5608    .text               c_w.l(_printf_intcommon.o)
    0x08000700   0x08000700   0x0000041e   Code   RO         5610    .text               c_w.l(_printf_fp_dec.o)
    0x08000b1e   0x08000b1e   0x00000002   PAD
    0x08000b20   0x08000b20   0x00000030   Code   RO         5612    .text               c_w.l(_printf_char_common.o)
    0x08000b50   0x08000b50   0x0000000a   Code   RO         5614    .text               c_w.l(_sputc.o)
    0x08000b5a   0x08000b5a   0x00000044   Code   RO         5619    .text               c_w.l(rt_memclr.o)
    0x08000b9e   0x08000b9e   0x00000002   PAD
    0x08000ba0   0x08000ba0   0x00000008   Code   RO         5648    .text               c_w.l(rt_locale_intlibspace.o)
    0x08000ba8   0x08000ba8   0x0000008a   Code   RO         5650    .text               c_w.l(lludiv10.o)
    0x08000c32   0x08000c32   0x00000002   PAD
    0x08000c34   0x08000c34   0x00000080   Code   RO         5652    .text               c_w.l(_printf_fp_infnan.o)
    0x08000cb4   0x08000cb4   0x000000e4   Code   RO         5656    .text               c_w.l(bigflt0.o)
    0x08000d98   0x08000d98   0x00000008   Code   RO         5690    .text               c_w.l(libspace.o)
    0x08000da0   0x08000da0   0x0000004a   Code   RO         5693    .text               c_w.l(sys_stackheap_outer.o)
    0x08000dea   0x08000dea   0x00000012   Code   RO         5695    .text               c_w.l(exit.o)
    0x08000dfc   0x08000dfc   0x0000000c   Code   RO         5767    .text               c_w.l(sys_exit.o)
    0x08000e08   0x08000e08   0x00000002   Code   RO         5778    .text               c_w.l(use_no_semi.o)
    0x08000e0a   0x08000e0a   0x00000000   Code   RO         5780    .text               c_w.l(indicate_semi.o)
    0x08000e0a   0x08000e0a   0x0000003e   Code   RO         5659    CL$$btod_d2e        c_w.l(btod.o)
    0x08000e48   0x08000e48   0x00000046   Code   RO         5661    CL$$btod_d2e_denorm_low  c_w.l(btod.o)
    0x08000e8e   0x08000e8e   0x00000060   Code   RO         5660    CL$$btod_d2e_norm_op1  c_w.l(btod.o)
    0x08000eee   0x08000eee   0x00000338   Code   RO         5669    CL$$btod_div_common  c_w.l(btod.o)
    0x08001226   0x08001226   0x000000dc   Code   RO         5666    CL$$btod_e2e        c_w.l(btod.o)
    0x08001302   0x08001302   0x0000002a   Code   RO         5663    CL$$btod_ediv       c_w.l(btod.o)
    0x0800132c   0x0800132c   0x0000002a   Code   RO         5662    CL$$btod_emul       c_w.l(btod.o)
    0x08001356   0x08001356   0x00000244   Code   RO         5668    CL$$btod_mult_common  c_w.l(btod.o)
    0x0800159a   0x0800159a   0x00000002   Code   RO          993    i.BusFault_Handler  stm32f1xx_it.o
    0x0800159c   0x0800159c   0x00000002   Code   RO          994    i.DebugMon_Handler  stm32f1xx_it.o
    0x0800159e   0x0800159e   0x00000004   Code   RO          521    i.Error_Handler     main.o
    0x080015a2   0x080015a2   0x00000004   Code   RO          522    i.HAL_CAN_ErrorCallback  main.o
    0x080015a6   0x080015a6   0x00000004   Code   RO         1187    i.HAL_CAN_GetError  stm32f1xx_hal_can.o
    0x080015aa   0x080015aa   0x000000f4   Code   RO         1189    i.HAL_CAN_GetRxMessage  stm32f1xx_hal_can.o
    0x0800169e   0x0800169e   0x000001fc   Code   RO         1193    i.HAL_CAN_IRQHandler  stm32f1xx_hal_can.o
    0x0800189a   0x0800189a   0x0000011a   Code   RO         1194    i.HAL_CAN_Init      stm32f1xx_hal_can.o
    0x080019b4   0x080019b4   0x00000094   Code   RO          802    i.HAL_CAN_MspInit   can.o
    0x08001a48   0x08001a48   0x00000002   Code   RO         1201    i.HAL_CAN_RxFifo0FullCallback  stm32f1xx_hal_can.o
    0x08001a4a   0x08001a4a   0x00000002   PAD
    0x08001a4c   0x08001a4c   0x0000002c   Code   RO          523    i.HAL_CAN_RxFifo0MsgPendingCallback  main.o
    0x08001a78   0x08001a78   0x00000002   Code   RO         1203    i.HAL_CAN_RxFifo1FullCallback  stm32f1xx_hal_can.o
    0x08001a7a   0x08001a7a   0x00000002   Code   RO         1204    i.HAL_CAN_RxFifo1MsgPendingCallback  stm32f1xx_hal_can.o
    0x08001a7c   0x08001a7c   0x00000002   Code   RO         1205    i.HAL_CAN_SleepCallback  stm32f1xx_hal_can.o
    0x08001a7e   0x08001a7e   0x00000002   Code   RO         1208    i.HAL_CAN_TxMailbox0AbortCallback  stm32f1xx_hal_can.o
    0x08001a80   0x08001a80   0x00000002   Code   RO         1209    i.HAL_CAN_TxMailbox0CompleteCallback  stm32f1xx_hal_can.o
    0x08001a82   0x08001a82   0x00000002   Code   RO         1210    i.HAL_CAN_TxMailbox1AbortCallback  stm32f1xx_hal_can.o
    0x08001a84   0x08001a84   0x00000002   Code   RO         1211    i.HAL_CAN_TxMailbox1CompleteCallback  stm32f1xx_hal_can.o
    0x08001a86   0x08001a86   0x00000002   Code   RO         1212    i.HAL_CAN_TxMailbox2AbortCallback  stm32f1xx_hal_can.o
    0x08001a88   0x08001a88   0x00000002   Code   RO         1213    i.HAL_CAN_TxMailbox2CompleteCallback  stm32f1xx_hal_can.o
    0x08001a8a   0x08001a8a   0x00000002   Code   RO         1215    i.HAL_CAN_WakeUpFromRxMsgCallback  stm32f1xx_hal_can.o
    0x08001a8c   0x08001a8c   0x00000046   Code   RO         1795    i.HAL_DMA_Abort     stm32f1xx_hal_dma.o
    0x08001ad2   0x08001ad2   0x00000002   PAD
    0x08001ad4   0x08001ad4   0x00000098   Code   RO         1796    i.HAL_DMA_Abort_IT  stm32f1xx_hal_dma.o
    0x08001b6c   0x08001b6c   0x00000024   Code   RO         1421    i.HAL_Delay         stm32f1xx_hal.o
    0x08001b90   0x08001b90   0x000001e0   Code   RO         1731    i.HAL_GPIO_Init     stm32f1xx_hal_gpio.o
    0x08001d70   0x08001d70   0x0000000a   Code   RO         1735    i.HAL_GPIO_WritePin  stm32f1xx_hal_gpio.o
    0x08001d7a   0x08001d7a   0x00000002   PAD
    0x08001d7c   0x08001d7c   0x0000000c   Code   RO         1425    i.HAL_GetTick       stm32f1xx_hal.o
    0x08001d88   0x08001d88   0x0000006e   Code   RO         3803    i.HAL_HalfDuplex_Init  stm32f1xx_hal_uart.o
    0x08001df6   0x08001df6   0x00000002   PAD
    0x08001df8   0x08001df8   0x00000188   Code   RO         2402    i.HAL_I2C_Init      stm32f1xx_hal_i2c.o
    0x08001f80   0x08001f80   0x0000016c   Code   RO         2403    i.HAL_I2C_IsDeviceReady  stm32f1xx_hal_i2c.o
    0x080020ec   0x080020ec   0x0000012c   Code   RO         2415    i.HAL_I2C_Master_Transmit  stm32f1xx_hal_i2c.o
    0x08002218   0x08002218   0x00000060   Code   RO          844    i.HAL_I2C_MspInit   i2c.o
    0x08002278   0x08002278   0x00000010   Code   RO         1431    i.HAL_IncTick       stm32f1xx_hal.o
    0x08002288   0x08002288   0x00000024   Code   RO         1432    i.HAL_Init          stm32f1xx_hal.o
    0x080022ac   0x080022ac   0x00000098   Code   RO         1105    i.HAL_InitTick      stm32f1xx_hal_timebase_tim.o
    0x08002344   0x08002344   0x00000048   Code   RO         1081    i.HAL_MspInit       stm32f1xx_hal_msp.o
    0x0800238c   0x0800238c   0x0000001a   Code   RO         1891    i.HAL_NVIC_EnableIRQ  stm32f1xx_hal_cortex.o
    0x080023a6   0x080023a6   0x00000002   PAD
    0x080023a8   0x080023a8   0x00000040   Code   RO         1897    i.HAL_NVIC_SetPriority  stm32f1xx_hal_cortex.o
    0x080023e8   0x080023e8   0x00000024   Code   RO         1898    i.HAL_NVIC_SetPriorityGrouping  stm32f1xx_hal_cortex.o
    0x0800240c   0x0800240c   0x0000012c   Code   RO         1589    i.HAL_RCC_ClockConfig  stm32f1xx_hal_rcc.o
    0x08002538   0x08002538   0x00000040   Code   RO         1593    i.HAL_RCC_GetClockConfig  stm32f1xx_hal_rcc.o
    0x08002578   0x08002578   0x00000020   Code   RO         1596    i.HAL_RCC_GetPCLK1Freq  stm32f1xx_hal_rcc.o
    0x08002598   0x08002598   0x00000020   Code   RO         1597    i.HAL_RCC_GetPCLK2Freq  stm32f1xx_hal_rcc.o
    0x080025b8   0x080025b8   0x0000004c   Code   RO         1598    i.HAL_RCC_GetSysClockFreq  stm32f1xx_hal_rcc.o
    0x08002604   0x08002604   0x00000320   Code   RO         1601    i.HAL_RCC_OscConfig  stm32f1xx_hal_rcc.o
    0x08002924   0x08002924   0x00000002   Code   RO         3534    i.HAL_TIMEx_BreakCallback  stm32f1xx_hal_tim_ex.o
    0x08002926   0x08002926   0x00000002   Code   RO         3535    i.HAL_TIMEx_CommutCallback  stm32f1xx_hal_tim_ex.o
    0x08002928   0x08002928   0x00000068   Code   RO         3553    i.HAL_TIMEx_MasterConfigSynchronization  stm32f1xx_hal_tim_ex.o
    0x08002990   0x08002990   0x0000005a   Code   RO         2830    i.HAL_TIM_Base_Init  stm32f1xx_hal_tim.o
    0x080029ea   0x080029ea   0x00000002   PAD
    0x080029ec   0x080029ec   0x0000003c   Code   RO          886    i.HAL_TIM_Base_MspInit  tim.o
    0x08002a28   0x08002a28   0x00000058   Code   RO         2835    i.HAL_TIM_Base_Start_IT  stm32f1xx_hal_tim.o
    0x08002a80   0x08002a80   0x000000dc   Code   RO         2839    i.HAL_TIM_ConfigClockSource  stm32f1xx_hal_tim.o
    0x08002b5c   0x08002b5c   0x00000002   Code   RO         2864    i.HAL_TIM_IC_CaptureCallback  stm32f1xx_hal_tim.o
    0x08002b5e   0x08002b5e   0x00000166   Code   RO         2878    i.HAL_TIM_IRQHandler  stm32f1xx_hal_tim.o
    0x08002cc4   0x08002cc4   0x00000090   Code   RO          887    i.HAL_TIM_MspPostInit  tim.o
    0x08002d54   0x08002d54   0x00000002   Code   RO         2881    i.HAL_TIM_OC_DelayElapsedCallback  stm32f1xx_hal_tim.o
    0x08002d56   0x08002d56   0x000000cc   Code   RO         2902    i.HAL_TIM_PWM_ConfigChannel  stm32f1xx_hal_tim.o
    0x08002e22   0x08002e22   0x0000005a   Code   RO         2905    i.HAL_TIM_PWM_Init  stm32f1xx_hal_tim.o
    0x08002e7c   0x08002e7c   0x00000038   Code   RO          889    i.HAL_TIM_PWM_MspInit  tim.o
    0x08002eb4   0x08002eb4   0x00000002   Code   RO         2908    i.HAL_TIM_PWM_PulseFinishedCallback  stm32f1xx_hal_tim.o
    0x08002eb6   0x08002eb6   0x00000002   PAD
    0x08002eb8   0x08002eb8   0x0000009c   Code   RO         2910    i.HAL_TIM_PWM_Start  stm32f1xx_hal_tim.o
    0x08002f54   0x08002f54   0x000000c8   Code   RO         2912    i.HAL_TIM_PWM_Start_IT  stm32f1xx_hal_tim.o
    0x0800301c   0x0800301c   0x00000014   Code   RO          524    i.HAL_TIM_PeriodElapsedCallback  main.o
    0x08003030   0x08003030   0x00000002   Code   RO         2921    i.HAL_TIM_TriggerCallback  stm32f1xx_hal_tim.o
    0x08003032   0x08003032   0x00000002   Code   RO         3813    i.HAL_UARTEx_RxEventCallback  stm32f1xx_hal_uart.o
    0x08003034   0x08003034   0x00000002   Code   RO         3827    i.HAL_UART_ErrorCallback  stm32f1xx_hal_uart.o
    0x08003036   0x08003036   0x00000002   PAD
    0x08003038   0x08003038   0x0000026c   Code   RO         3830    i.HAL_UART_IRQHandler  stm32f1xx_hal_uart.o
    0x080032a4   0x080032a4   0x00000080   Code   RO          952    i.HAL_UART_MspInit  usart.o
    0x08003324   0x08003324   0x00000002   Code   RO         3837    i.HAL_UART_RxCpltCallback  stm32f1xx_hal_uart.o
    0x08003326   0x08003326   0x00000002   Code   RO         3842    i.HAL_UART_TxCpltCallback  stm32f1xx_hal_uart.o
    0x08003328   0x08003328   0x00000002   Code   RO          995    i.HardFault_Handler  stm32f1xx_it.o
    0x0800332a   0x0800332a   0x0000002e   Code   RO         2445    i.I2C_IsAcknowledgeFailed  stm32f1xx_hal_i2c.o
    0x08003358   0x08003358   0x0000009c   Code   RO         2449    i.I2C_MasterRequestWrite  stm32f1xx_hal_i2c.o
    0x080033f4   0x080033f4   0x00000056   Code   RO         2460    i.I2C_WaitOnBTFFlagUntilTimeout  stm32f1xx_hal_i2c.o
    0x0800344a   0x0800344a   0x00000002   PAD
    0x0800344c   0x0800344c   0x00000090   Code   RO         2461    i.I2C_WaitOnFlagUntilTimeout  stm32f1xx_hal_i2c.o
    0x080034dc   0x080034dc   0x000000bc   Code   RO         2462    i.I2C_WaitOnMasterAddressFlagUntilTimeout  stm32f1xx_hal_i2c.o
    0x08003598   0x08003598   0x00000056   Code   RO         2464    i.I2C_WaitOnTXEFlagUntilTimeout  stm32f1xx_hal_i2c.o
    0x080035ee   0x080035ee   0x00000002   PAD
    0x080035f0   0x080035f0   0x00000044   Code   RO          803    i.MX_CAN_Init       can.o
    0x08003634   0x08003634   0x000000c0   Code   RO          697    i.MX_FREERTOS_Init  freertos.o
    0x080036f4   0x080036f4   0x000000ac   Code   RO          673    i.MX_GPIO_Init      gpio.o
    0x080037a0   0x080037a0   0x00000040   Code   RO          845    i.MX_I2C2_Init      i2c.o
    0x080037e0   0x080037e0   0x000000a0   Code   RO          890    i.MX_TIM2_Init      tim.o
    0x08003880   0x08003880   0x0000009c   Code   RO          891    i.MX_TIM3_Init      tim.o
    0x0800391c   0x0800391c   0x00000038   Code   RO          953    i.MX_USART1_UART_Init  usart.o
    0x08003954   0x08003954   0x00000002   Code   RO          996    i.MemManage_Handler  stm32f1xx_it.o
    0x08003956   0x08003956   0x00000002   Code   RO          997    i.NMI_Handler       stm32f1xx_it.o
    0x08003958   0x08003958   0x00000008   Code   RO          698    i.ProctAnalogRead   freertos.o
    0x08003960   0x08003960   0x000000f4   Code   RO          699    i.ProctButtonRead   freertos.o
    0x08003a54   0x08003a54   0x00000018   Code   RO          700    i.ProctCan          freertos.o
    0x08003a6c   0x08003a6c   0x00000008   Code   RO          701    i.ProctDefaultTask  freertos.o
    0x08003a74   0x08003a74   0x00000038   Code   RO          702    i.ProctDigitalRead  freertos.o
    0x08003aac   0x08003aac   0x00000110   Code   RO          703    i.ProctDisplay      freertos.o
    0x08003bbc   0x08003bbc   0x00000008   Code   RO          704    i.ProctIdle         freertos.o
    0x08003bc4   0x08003bc4   0x00000088   Code   RO          705    i.ProctOutputs      freertos.o
    0x08003c4c   0x08003c4c   0x00000010   Code   RO          324    i.SSD1306_Clear     ssd1306.o
    0x08003c5c   0x08003c5c   0x00000072   Code   RO          325    i.SSD1306_DrawBitmap  ssd1306.o
    0x08003cce   0x08003cce   0x00000002   PAD
    0x08003cd0   0x08003cd0   0x00000040   Code   RO          331    i.SSD1306_DrawPixel  ssd1306.o
    0x08003d10   0x08003d10   0x00000018   Code   RO          334    i.SSD1306_Fill      ssd1306.o
    0x08003d28   0x08003d28   0x0000000c   Code   RO          335    i.SSD1306_GotoXY    ssd1306.o
    0x08003d34   0x08003d34   0x00000168   Code   RO          336    i.SSD1306_Init      ssd1306.o
    0x08003e9c   0x08003e9c   0x000000a0   Code   RO          340    i.SSD1306_Putc      ssd1306.o
    0x08003f3c   0x08003f3c   0x00000028   Code   RO          341    i.SSD1306_Puts      ssd1306.o
    0x08003f64   0x08003f64   0x00000048   Code   RO          348    i.SSD1306_UpdateScreen  ssd1306.o
    0x08003fac   0x08003fac   0x0000002c   Code   RO         5426    i.SysTick_Handler   port.o
    0x08003fd8   0x08003fd8   0x0000005e   Code   RO          525    i.SystemClock_Config  main.o
    0x08004036   0x08004036   0x00000002   Code   RO         4165    i.SystemInit        system_stm32f1xx.o
    0x08004038   0x08004038   0x0000000c   Code   RO          998    i.TIM2_IRQHandler   stm32f1xx_it.o
    0x08004044   0x08004044   0x0000000c   Code   RO          999    i.TIM3_IRQHandler   stm32f1xx_it.o
    0x08004050   0x08004050   0x0000000c   Code   RO         1000    i.TIM4_IRQHandler   stm32f1xx_it.o
    0x0800405c   0x0800405c   0x0000006c   Code   RO         2923    i.TIM_Base_SetConfig  stm32f1xx_hal_tim.o
    0x080040c8   0x080040c8   0x0000001a   Code   RO         2924    i.TIM_CCxChannelCmd  stm32f1xx_hal_tim.o
    0x080040e2   0x080040e2   0x00000014   Code   RO         2934    i.TIM_ETR_SetConfig  stm32f1xx_hal_tim.o
    0x080040f6   0x080040f6   0x00000010   Code   RO         2935    i.TIM_ITRx_SetConfig  stm32f1xx_hal_tim.o
    0x08004106   0x08004106   0x00000002   PAD
    0x08004108   0x08004108   0x00000050   Code   RO         2936    i.TIM_OC1_SetConfig  stm32f1xx_hal_tim.o
    0x08004158   0x08004158   0x00000058   Code   RO         2937    i.TIM_OC2_SetConfig  stm32f1xx_hal_tim.o
    0x080041b0   0x080041b0   0x00000058   Code   RO         2938    i.TIM_OC3_SetConfig  stm32f1xx_hal_tim.o
    0x08004208   0x08004208   0x00000044   Code   RO         2939    i.TIM_OC4_SetConfig  stm32f1xx_hal_tim.o
    0x0800424c   0x0800424c   0x00000022   Code   RO         2941    i.TIM_TI1_ConfigInputStage  stm32f1xx_hal_tim.o
    0x0800426e   0x0800426e   0x00000024   Code   RO         2943    i.TIM_TI2_ConfigInputStage  stm32f1xx_hal_tim.o
    0x08004292   0x08004292   0x00000010   Code   RO         3844    i.UART_DMAAbortOnError  stm32f1xx_hal_uart.o
    0x080042a2   0x080042a2   0x0000004e   Code   RO         3854    i.UART_EndRxTransfer  stm32f1xx_hal_uart.o
    0x080042f0   0x080042f0   0x000000c2   Code   RO         3856    i.UART_Receive_IT   stm32f1xx_hal_uart.o
    0x080043b2   0x080043b2   0x00000002   PAD
    0x080043b4   0x080043b4   0x000000b8   Code   RO         3857    i.UART_SetConfig    stm32f1xx_hal_uart.o
    0x0800446c   0x0800446c   0x00000014   Code   RO         1001    i.USART1_IRQHandler  stm32f1xx_it.o
    0x08004480   0x08004480   0x0000000c   Code   RO         1002    i.USB_LP_CAN1_RX0_IRQHandler  stm32f1xx_it.o
    0x0800448c   0x0800448c   0x00000002   Code   RO         1003    i.UsageFault_Handler  stm32f1xx_it.o
    0x0800448e   0x0800448e   0x00000028   Code   RO         5688    i.__ARM_fpclassify  m_ws.l(fpclassify.o)
    0x080044b6   0x080044b6   0x00000020   Code   RO         1904    i.__NVIC_SetPriority  stm32f1xx_hal_cortex.o
    0x080044d6   0x080044d6   0x0000000e   Code   RO         5549    i._is_digit         c_w.l(__printf_wp.o)
    0x080044e4   0x080044e4   0x00000024   Code   RO           16    i.byteToBits        onewire.o
    0x08004508   0x08004508   0x00000014   Code   RO          526    i.climate_auto_on_off  main.o
    0x0800451c   0x0800451c   0x00000024   Code   RO          527    i.climate_on_off    main.o
    0x08004540   0x08004540   0x00000002   Code   RO          706    i.configureTimerForRunTimeStats  freertos.o
    0x08004542   0x08004542   0x00000004   Code   RO          707    i.getRunTimeCounterValue  freertos.o
    0x08004546   0x08004546   0x00000002   PAD
    0x08004548   0x08004548   0x00000140   Code   RO           18    i.get_ROMid         onewire.o
    0x08004688   0x08004688   0x00000074   Code   RO           19    i.get_Temperature   onewire.o
    0x080046fc   0x080046fc   0x000000cc   Code   RO           20    i.hasNextRom        onewire.o
    0x080047c8   0x080047c8   0x000000ac   Code   RO          528    i.main              main.o
    0x08004874   0x08004874   0x0000000c   Code   RO         5001    i.makeFreeRtosPriority  cmsis_os.o
    0x08004880   0x08004880   0x0000000e   Code   RO         5003    i.osDelay           cmsis_os.o
    0x0800488e   0x0800488e   0x0000000a   Code   RO         5006    i.osKernelStart     cmsis_os.o
    0x08004898   0x08004898   0x0000002e   Code   RO         5040    i.osThreadCreate    cmsis_os.o
    0x080048c6   0x080048c6   0x00000034   Code   RO           21    i.owCRC             onewire.o
    0x080048fa   0x080048fa   0x00000006   Code   RO           22    i.owCRC8            onewire.o
    0x08004900   0x08004900   0x00000012   Code   RO           23    i.owConvertTemperatureCmd  onewire.o
    0x08004912   0x08004912   0x00000002   PAD
    0x08004914   0x08004914   0x0000002c   Code   RO           25    i.owEchoRead        onewire.o
    0x08004940   0x08004940   0x0000002e   Code   RO           26    i.owInit            onewire.o
    0x0800496e   0x0800496e   0x0000001e   Code   RO           27    i.owMatchRomCmd     onewire.o
    0x0800498c   0x0800498c   0x00000040   Code   RO           28    i.owReadHandler     onewire.o
    0x080049cc   0x080049cc   0x0000006e   Code   RO           29    i.owReadScratchpadCmd  onewire.o
    0x08004a3a   0x08004a3a   0x0000000c   Code   RO           30    i.owReadSlot        onewire.o
    0x08004a46   0x08004a46   0x00000022   Code   RO           32    i.owResetCmd        onewire.o
    0x08004a68   0x08004a68   0x0000002e   Code   RO           33    i.owSearchCmd       onewire.o
    0x08004a96   0x08004a96   0x00000002   PAD
    0x08004a98   0x08004a98   0x0000002c   Code   RO           34    i.owSend            onewire.o
    0x08004ac4   0x08004ac4   0x0000001a   Code   RO           35    i.owSendByte        onewire.o
    0x08004ade   0x08004ade   0x00000002   PAD
    0x08004ae0   0x08004ae0   0x00000070   Code   RO         4673    i.prvAddCurrentTaskToDelayedList  tasks.o
    0x08004b50   0x08004b50   0x000000c8   Code   RO         4674    i.prvAddNewTaskToReadyList  tasks.o
    0x08004c18   0x08004c18   0x0000004c   Code   RO         5364    i.prvHeapInit       heap_4.o
    0x08004c64   0x08004c64   0x00000028   Code   RO         4675    i.prvIdleTask       tasks.o
    0x08004c8c   0x08004c8c   0x0000009e   Code   RO         4676    i.prvInitialiseNewTask  tasks.o
    0x08004d2a   0x08004d2a   0x00000002   PAD
    0x08004d2c   0x08004d2c   0x0000004c   Code   RO         5365    i.prvInsertBlockIntoFreeList  heap_4.o
    0x08004d78   0x08004d78   0x00000020   Code   RO         4678    i.prvResetNextTaskUnblockTime  tasks.o
    0x08004d98   0x08004d98   0x00000028   Code   RO         5427    i.prvTaskExitError  port.o
    0x08004dc0   0x08004dc0   0x000000d8   Code   RO         5366    i.pvPortMalloc      heap_4.o
    0x08004e98   0x08004e98   0x00000024   Code   RO         5428    i.pxPortInitialiseStack  port.o
    0x08004ebc   0x08004ebc   0x00000074   Code   RO           38    i.readTemperature   onewire.o
    0x08004f30   0x08004f30   0x0000001c   Code   RO          529    i.servo_deg         main.o
    0x08004f4c   0x08004f4c   0x0000000c   Code   RO          349    i.ssd1306_I2C_Init  ssd1306.o
    0x08004f58   0x08004f58   0x00000020   Code   RO          350    i.ssd1306_I2C_Write  ssd1306.o
    0x08004f78   0x08004f78   0x00000038   Code   RO          351    i.ssd1306_I2C_WriteMulti  ssd1306.o
    0x08004fb0   0x08004fb0   0x00000038   Code   RO           39    i.usart_setup       onewire.o
    0x08004fe8   0x08004fe8   0x00000026   Code   RO         4309    i.uxListRemove      list.o
    0x0800500e   0x0800500e   0x00000002   Code   RO          708    i.vApplicationIdleHook  freertos.o
    0x08005010   0x08005010   0x00000016   Code   RO         4310    i.vListInitialise   list.o
    0x08005026   0x08005026   0x00000006   Code   RO         4311    i.vListInitialiseItem  list.o
    0x0800502c   0x0800502c   0x00000030   Code   RO         4312    i.vListInsert       list.o
    0x0800505c   0x0800505c   0x00000018   Code   RO         4313    i.vListInsertEnd    list.o
    0x08005074   0x08005074   0x00000040   Code   RO         5430    i.vPortEnterCritical  port.o
    0x080050b4   0x080050b4   0x00000028   Code   RO         5431    i.vPortExitCritical  port.o
    0x080050dc   0x080050dc   0x0000005c   Code   RO         5367    i.vPortFree         heap_4.o
    0x08005138   0x08005138   0x00000024   Code   RO         5432    i.vPortSetupTimerInterrupt  port.o
    0x0800515c   0x0800515c   0x0000004c   Code   RO         4687    i.vTaskDelay        tasks.o
    0x080051a8   0x080051a8   0x0000006c   Code   RO         4703    i.vTaskStartScheduler  tasks.o
    0x08005214   0x08005214   0x00000010   Code   RO         4705    i.vTaskSuspendAll   tasks.o
    0x08005224   0x08005224   0x00000074   Code   RO         4706    i.vTaskSwitchContext  tasks.o
    0x08005298   0x08005298   0x000000a8   Code   RO         5434    i.xPortStartScheduler  port.o
    0x08005340   0x08005340   0x00000056   Code   RO         4708    i.xTaskCreate       tasks.o
    0x08005396   0x08005396   0x00000002   PAD
    0x08005398   0x08005398   0x000000c8   Code   RO         4715    i.xTaskIncrementTick  tasks.o
    0x08005460   0x08005460   0x000000c4   Code   RO         4721    i.xTaskResumeAll    tasks.o
    0x08005524   0x08005524   0x0000002c   Code   RO         5682    locale$$code        c_w.l(lc_numeric_c.o)
    0x08005550   0x08005550   0x0000000c   Code   RO         5621    x$fpl$dretinf       fz_ws.l(dretinf.o)
    0x0800555c   0x0800555c   0x00000056   Code   RO         5585    x$fpl$f2d           fz_ws.l(f2d.o)
    0x080055b2   0x080055b2   0x00000002   PAD
    0x080055b4   0x080055b4   0x000000c4   Code   RO         5587    x$fpl$fadd          fz_ws.l(faddsub_clz.o)
    0x08005678   0x08005678   0x00000018   Code   RO         5684    x$fpl$fcmpinf       fz_ws.l(fcmpi.o)
    0x08005690   0x08005690   0x00000184   Code   RO         5594    x$fpl$fdiv          fz_ws.l(fdiv.o)
    0x08005814   0x08005814   0x00000030   Code   RO         5598    x$fpl$fflt          fz_ws.l(fflt_clz.o)
    0x08005844   0x08005844   0x00000068   Code   RO         5623    x$fpl$fleqf         fz_ws.l(fleqf.o)
    0x080058ac   0x080058ac   0x0000008c   Code   RO         5625    x$fpl$fnaninf       fz_ws.l(fnaninf.o)
    0x08005938   0x08005938   0x0000000a   Code   RO         5627    x$fpl$fretinf       fz_ws.l(fretinf.o)
    0x08005942   0x08005942   0x00000062   Code   RO         5603    x$fpl$frleqf        fz_ws.l(frleqf.o)
    0x080059a4   0x080059a4   0x000000ea   Code   RO         5589    x$fpl$fsub          fz_ws.l(faddsub_clz.o)
    0x08005a8e   0x08005a8e   0x00000004   Code   RO         5605    x$fpl$printf1       fz_ws.l(printf1.o)
    0x08005a92   0x08005a92   0x00000000   Code   RO         5629    x$fpl$usenofp       fz_ws.l(usenofp.o)
    0x08005a92   0x08005a92   0x00000400   Data   RO          289    .constdata          fonts.o
    0x08005e92   0x08005e92   0x00000d5c   Data   RO          291    .constdata          fonts.o
    0x08006bee   0x08006bee   0x00000002   PAD
    0x08006bf0   0x08006bf0   0x000000a0   Data   RO          709    .constdata          freertos.o
    0x08006c90   0x08006c90   0x00000012   Data   RO         1602    .constdata          stm32f1xx_hal_rcc.o
    0x08006ca2   0x08006ca2   0x00000010   Data   RO         4166    .constdata          system_stm32f1xx.o
    0x08006cb2   0x08006cb2   0x00000008   Data   RO         4167    .constdata          system_stm32f1xx.o
    0x08006cba   0x08006cba   0x00000028   Data   RO         5522    .constdata          c_w.l(_printf_hex_int.o)
    0x08006ce2   0x08006ce2   0x00000011   Data   RO         5552    .constdata          c_w.l(__printf_flags_wp.o)
    0x08006cf3   0x08006cf3   0x00000001   PAD
    0x08006cf4   0x08006cf4   0x00000094   Data   RO         5657    .constdata          c_w.l(bigflt0.o)
    0x08006d88   0x08006d88   0x00000050   Data   RO          710    .conststring        freertos.o
    0x08006dd8   0x08006dd8   0x00000020   Data   RO         5829    Region$$Table       anon$$obj.o
    0x08006df8   0x08006df8   0x0000001c   Data   RO         5681    locale$$data        c_w.l(lc_numeric_c.o)


    Execution Region RW_IRAM1 (Exec base: 0x20000000, Load base: 0x08006e14, Size: 0x00003640, Max: 0x00005000, ABSOLUTE)

    Exec Addr    Load Addr    Size         Type   Attr      Idx    E Section Name        Object

    0x20000000   0x08006e14   0x00000018   Data   RW           41    .data               onewire.o
    0x20000018   0x08006e2c   0x00000008   Data   RW          294    .data               fonts.o
    0x20000020   0x08006e34   0x00000006   Data   RW          353    .data               ssd1306.o
    0x20000026   0x08006e3a   0x0000000e   Data   RW          534    .data               main.o
    0x20000034   0x08006e48   0x00000002   Data   RW          537    .data               main.o
    0x20000036   0x08006e4a   0x00000002   PAD
    0x20000038   0x08006e4c   0x00000004   Data   RW          538    .data               main.o
    0x2000003c   0x08006e50   0x00000001   Data   RW          540    .data               main.o
    0x2000003d   0x08006e51   0x00000003   PAD
    0x20000040   0x08006e54   0x00000024   Data   RW          711    .data               freertos.o
    0x20000064   0x08006e78   0x0000000c   Data   RW         1439    .data               stm32f1xx_hal.o
    0x20000070   0x08006e84   0x00000004   Data   RW         4168    .data               system_stm32f1xx.o
    0x20000074   0x08006e88   0x00000040   Data   RW         4724    .data               tasks.o
    0x200000b4   0x08006ec8   0x00000018   Data   RW         5372    .data               heap_4.o
    0x200000cc   0x08006ee0   0x0000000c   Data   RW         5435    .data               port.o
    0x200000d8        -       0x0000004c   Zero   RW           40    .bss                onewire.o
    0x20000124        -       0x00000400   Zero   RW          352    .bss                ssd1306.o
    0x20000524        -       0x0000001c   Zero   RW          531    .bss                main.o
    0x20000540        -       0x00000028   Zero   RW          532    .bss                main.o
    0x20000568        -       0x00000028   Zero   RW          804    .bss                can.o
    0x20000590        -       0x00000054   Zero   RW          846    .bss                i2c.o
    0x200005e4        -       0x00000090   Zero   RW          892    .bss                tim.o
    0x20000674        -       0x00000048   Zero   RW          954    .bss                usart.o
    0x200006bc        -       0x00000048   Zero   RW         1108    .bss                stm32f1xx_hal_timebase_tim.o
    0x20000704        -       0x000000dc   Zero   RW         4723    .bss                tasks.o
    0x200007e0        -       0x00002800   Zero   RW         5371    .bss                heap_4.o
    0x20002fe0        -       0x00000060   Zero   RW         5691    .bss                c_w.l(libspace.o)
    0x20003040        -       0x00000200   Zero   RW            2    HEAP                startup_stm32f103xb.o
    0x20003240        -       0x00000400   Zero   RW            1    STACK               startup_stm32f103xb.o


==============================================================================

Image component sizes


      Code (inc. data)   RO Data    RW Data    ZI Data      Debug   Object Name

       216         26          0          0         40       1631   can.o
        82          0          0          0          0      12417   cmsis_os.o
         0          0          0          0          0       9504   event_groups.o
         0          0       4444          8          0       1244   fonts.o
       956        182        240         36          0       7832   freertos.o
       172         18          0          0          0        935   gpio.o
       460         24          0         24      10240       7127   heap_4.o
       160         28          0          0         84       1569   i2c.o
       138          0          0          0          0       3306   list.o
       422         48          0         21         68      26219   main.o
      1380        158          0         24         76     457904   onewire.o
       578         60          0         12          0      10164   port.o
       962         54          0          6       1024       9665   ssd1306.o
        64         26        236          0       1536        796   startup_stm32f103xb.o
       100         18          0         12          0       5138   stm32f1xx_hal.o
      1060          0          0          0          0       9941   stm32f1xx_hal_can.o
       158         14          0          0          0      28110   stm32f1xx_hal_cortex.o
       222          4          0          0          0       1723   stm32f1xx_hal_dma.o
       490         34          0          0          0       2844   stm32f1xx_hal_gpio.o
      1762         42          0          0          0      10385   stm32f1xx_hal_i2c.o
        72         10          0          0          0        842   stm32f1xx_hal_msp.o
      1304         94         18          0          0       5629   stm32f1xx_hal_rcc.o
      1978         70          0          0          0      16071   stm32f1xx_hal_tim.o
       108         12          0          0          0       2341   stm32f1xx_hal_tim_ex.o
       152         20          0          0         72       1431   stm32f1xx_hal_timebase_tim.o
      1210         10          0          0          0       7822   stm32f1xx_hal_uart.o
        80         28          0          0          0       4648   stm32f1xx_it.o
         2          0         24          4          0       1071   system_stm32f1xx.o
      1340        102          0         64        220      13970   tasks.o
       576         52          0          0        144       3575   tim.o
       184         26          0          0         72       1638   usart.o

    ----------------------------------------------------------------------
     16428       1160       4996        216      13576     667492   Object Totals
         0          0         32          0          0          0   (incl. Generated)
        40          0          2          5          0          0   (incl. Padding)

    ----------------------------------------------------------------------

      Code (inc. data)   RO Data    RW Data    ZI Data      Debug   Library Member Name

         8          0          0          0          0         68   __main.o
       312          4         17          0          0         92   __printf_flags_wp.o
        14          0          0          0          0         68   __printf_wp.o
         0          0          0          0          0          0   __rtentry.o
        12          0          0          0          0          0   __rtentry2.o
         6          0          0          0          0          0   __rtentry4.o
        52          8          0          0          0          0   __scatter.o
        26          0          0          0          0          0   __scatter_copy.o
        28          0          0          0          0          0   __scatter_zi.o
        48          6          0          0          0         96   _printf_char_common.o
         6          0          0          0          0          0   _printf_d.o
       120         16          0          0          0         92   _printf_dec.o
         6          0          0          0          0          0   _printf_f.o
      1054          0          0          0          0        216   _printf_fp_dec.o
       128         16          0          0          0         84   _printf_fp_infnan.o
        88          4         40          0          0         88   _printf_hex_int.o
       178          0          0          0          0         88   _printf_intcommon.o
        78          0          0          0          0        108   _printf_pad.o
         0          0          0          0          0          0   _printf_percent.o
         4          0          0          0          0          0   _printf_percent_end.o
         6          0          0          0          0          0   _printf_x.o
        10          0          0          0          0         68   _sputc.o
        16          0          0          0          0         68   aeabi_memset.o
       228          4        148          0          0         96   bigflt0.o
      1936        128          0          0          0        672   btod.o
        18          0          0          0          0         80   exit.o
         6          0          0          0          0        152   heapauxi.o
         0          0          0          0          0          0   indicate_semi.o
        44         10         28          0          0         76   lc_numeric_c.o
         2          0          0          0          0          0   libinit.o
        18          0          0          0          0          0   libinit2.o
         2          0          0          0          0          0   libshutdown.o
         2          0          0          0          0          0   libshutdown2.o
         8          4          0          0         96         68   libspace.o
       138          0          0          0          0         80   lludiv10.o
        40          6          0          0          0         84   noretval__2sprintf.o
         8          4          0          0          0         68   rt_locale_intlibspace.o
        68          0          0          0          0         68   rt_memclr.o
        78          0          0          0          0         80   rt_memclr_w.o
       100          0          0          0          0         80   rt_memcpy_w.o
         2          0          0          0          0          0   rtexit.o
        10          0          0          0          0          0   rtexit2.o
       128          0          0          0          0         68   strcmpv7m.o
        12          4          0          0          0         68   sys_exit.o
        74          0          0          0          0         80   sys_stackheap_outer.o
         2          0          0          0          0         68   use_no_semi.o
        12          0          0          0          0         68   dretinf.o
        86          4          0          0          0         84   f2d.o
       430          8          0          0          0        168   faddsub_clz.o
        24          0          0          0          0         68   fcmpi.o
       388         76          0          0          0         96   fdiv.o
        48          0          0          0          0         68   fflt_clz.o
       104          4          0          0          0         84   fleqf.o
       140          4          0          0          0         84   fnaninf.o
        10          0          0          0          0         68   fretinf.o
        98          0          0          0          0         68   frleqf.o
         4          0          0          0          0         68   printf1.o
         0          0          0          0          0          0   usenofp.o
        40          0          0          0          0         68   fpclassify.o

    ----------------------------------------------------------------------
      6522        310        234          0         96       4016   Library Totals
        14          0          1          0          0          0   (incl. Padding)

    ----------------------------------------------------------------------

      Code (inc. data)   RO Data    RW Data    ZI Data      Debug   Library Name

      5124        214        233          0         96       3024   c_w.l
      1344         96          0          0          0        924   fz_ws.l
        40          0          0          0          0         68   m_ws.l

    ----------------------------------------------------------------------
      6522        310        234          0         96       4016   Library Totals

    ----------------------------------------------------------------------

==============================================================================


      Code (inc. data)   RO Data    RW Data    ZI Data      Debug   

     22950       1470       5230        216      13672     659648   Grand Totals
     22950       1470       5230        216      13672     659648   ELF Image Totals
     22950       1470       5230        216          0          0   ROM Totals

==============================================================================

    Total RO  Size (Code + RO Data)                28180 (  27.52kB)
    Total RW  Size (RW Data + ZI Data)             13888 (  13.56kB)
    Total ROM Size (Code + RO Data + RW Data)      28396 (  27.73kB)

==============================================================================

