Component: ARM Compiler 5.06 update 7 (build 960) Tool: armlink [4d3601]

==============================================================================

Section Cross References

    startup_stm32f103xb.o(STACK) refers (Special) to heapauxi.o(.text) for __use_two_region_memory
    startup_stm32f103xb.o(HEAP) refers (Special) to heapauxi.o(.text) for __use_two_region_memory
    startup_stm32f103xb.o(RESET) refers (Special) to heapauxi.o(.text) for __use_two_region_memory
    startup_stm32f103xb.o(RESET) refers to startup_stm32f103xb.o(STACK) for __initial_sp
    startup_stm32f103xb.o(RESET) refers to startup_stm32f103xb.o(.text) for Reset_Handler
    startup_stm32f103xb.o(RESET) refers to stm32f1xx_it.o(i.NMI_Handler) for NMI_Handler
    startup_stm32f103xb.o(RESET) refers to stm32f1xx_it.o(i.HardFault_Handler) for HardFault_Handler
    startup_stm32f103xb.o(RESET) refers to stm32f1xx_it.o(i.MemManage_Handler) for MemManage_Handler
    startup_stm32f103xb.o(RESET) refers to stm32f1xx_it.o(i.BusFault_Handler) for BusFault_Handler
    startup_stm32f103xb.o(RESET) refers to stm32f1xx_it.o(i.UsageFault_Handler) for UsageFault_Handler
    startup_stm32f103xb.o(RESET) refers to port.o(.emb_text) for SVC_Handler
    startup_stm32f103xb.o(RESET) refers to stm32f1xx_it.o(i.DebugMon_Handler) for DebugMon_Handler
    startup_stm32f103xb.o(RESET) refers to port.o(i.SysTick_Handler) for SysTick_Handler
    startup_stm32f103xb.o(RESET) refers to stm32f1xx_it.o(i.ADC1_2_IRQHandler) for ADC1_2_IRQHandler
    startup_stm32f103xb.o(RESET) refers to stm32f1xx_it.o(i.USB_LP_CAN1_RX0_IRQHandler) for USB_LP_CAN1_RX0_IRQHandler
    startup_stm32f103xb.o(RESET) refers to stm32f1xx_it.o(i.TIM4_IRQHandler) for TIM4_IRQHandler
    startup_stm32f103xb.o(.text) refers (Special) to heapauxi.o(.text) for __use_two_region_memory
    startup_stm32f103xb.o(.text) refers to system_stm32f1xx.o(i.SystemInit) for SystemInit
    startup_stm32f103xb.o(.text) refers to __main.o(!!!main) for __main
    startup_stm32f103xb.o(.text) refers to startup_stm32f103xb.o(HEAP) for Heap_Mem
    startup_stm32f103xb.o(.text) refers to startup_stm32f103xb.o(STACK) for Stack_Mem
    main.o(i.HAL_ADCEx_InjectedConvCpltCallback) refers to stm32f1xx_hal_adc_ex.o(i.HAL_ADCEx_InjectedGetValue) for HAL_ADCEx_InjectedGetValue
    main.o(i.HAL_ADCEx_InjectedConvCpltCallback) refers to fflt_clz.o(x$fpl$ffltu) for __aeabi_ui2f
    main.o(i.HAL_ADCEx_InjectedConvCpltCallback) refers to fmul.o(x$fpl$fmul) for __aeabi_fmul
    main.o(i.HAL_ADCEx_InjectedConvCpltCallback) refers to fdiv.o(x$fpl$fdiv) for __aeabi_fdiv
    main.o(i.HAL_ADCEx_InjectedConvCpltCallback) refers to main.o(.bss) for .bss
    main.o(i.HAL_ADCEx_InjectedConvCpltCallback) refers to main.o(.data) for .data
    main.o(i.HAL_CAN_ErrorCallback) refers to stm32f1xx_hal_can.o(i.HAL_CAN_GetError) for HAL_CAN_GetError
    main.o(i.HAL_CAN_RxFifo0MsgPendingCallback) refers to stm32f1xx_hal_can.o(i.HAL_CAN_GetRxMessage) for HAL_CAN_GetRxMessage
    main.o(i.HAL_CAN_RxFifo0MsgPendingCallback) refers to main.o(.data) for .data
    main.o(i.HAL_CAN_RxFifo0MsgPendingCallback) refers to main.o(.bss) for .bss
    main.o(i.HAL_TIM_PeriodElapsedCallback) refers to stm32f1xx_hal.o(i.HAL_IncTick) for HAL_IncTick
    main.o(i.MX_ADC1_Init) refers to rt_memclr_w.o(.text) for __aeabi_memclr4
    main.o(i.MX_ADC1_Init) refers to stm32f1xx_hal_adc.o(i.HAL_ADC_Init) for HAL_ADC_Init
    main.o(i.MX_ADC1_Init) refers to stm32f1xx_hal_adc_ex.o(i.HAL_ADCEx_InjectedConfigChannel) for HAL_ADCEx_InjectedConfigChannel
    main.o(i.MX_ADC1_Init) refers to main.o(.bss) for .bss
    main.o(i.MX_CAN_Init) refers to stm32f1xx_hal_can.o(i.HAL_CAN_Init) for HAL_CAN_Init
    main.o(i.MX_CAN_Init) refers to stm32f1xx_hal_can.o(i.HAL_CAN_ConfigFilter) for HAL_CAN_ConfigFilter
    main.o(i.MX_CAN_Init) refers to main.o(.bss) for .bss
    main.o(i.MX_GPIO_Init) refers to stm32f1xx_hal_gpio.o(i.HAL_GPIO_WritePin) for HAL_GPIO_WritePin
    main.o(i.MX_GPIO_Init) refers to stm32f1xx_hal_gpio.o(i.HAL_GPIO_Init) for HAL_GPIO_Init
    main.o(i.ProctBacklight) refers to cmsis_os.o(i.osDelay) for osDelay
    main.o(i.ProctButtonRead) refers to main.o(i.glass_up) for glass_up
    main.o(i.ProctButtonRead) refers to main.o(i.glass_stop) for glass_stop
    main.o(i.ProctButtonRead) refers to main.o(i.glass_down) for glass_down
    main.o(i.ProctButtonRead) refers to cmsis_os.o(i.osDelay) for osDelay
    main.o(i.ProctButtonRead) refers to main.o(.data) for .data
    main.o(i.ProctDisplay) refers to cmsis_os.o(i.osDelay) for osDelay
    main.o(i.ProctFoldingMirrors) refers to main.o(i.mirror_heating_off) for mirror_heating_off
    main.o(i.ProctFoldingMirrors) refers to main.o(i.mirror_heating_on) for mirror_heating_on
    main.o(i.ProctFoldingMirrors) refers to cmsis_os.o(i.osDelay) for osDelay
    main.o(i.ProctFoldingMirrors) refers to main.o(i.mirror_folding_off) for mirror_folding_off
[...]
    .ARM.Collect$$libshutdown$$00000006      0x08000166   Section        0  libshutdown2.o(.ARM.Collect$$libshutdown$$00000006)
    .ARM.Collect$$libshutdown$$00000009      0x08000166   Section        0  libshutdown2.o(.ARM.Collect$$libshutdown$$00000009)
    .ARM.Collect$$libshutdown$$0000000C      0x08000166   Section        0  libshutdown2.o(.ARM.Collect$$libshutdown$$0000000C)
    .ARM.Collect$$libshutdown$$0000000E      0x08000166   Section        0  libshutdown2.o(.ARM.Collect$$libshutdown$$0000000E)
    .ARM.Collect$$libshutdown$$00000011      0x08000166   Section        0  libshutdown2.o(.ARM.Collect$$libshutdown$$00000011)
    .ARM.Collect$$libshutdown$$00000012      0x08000166   Section        2  libshutdown2.o(.ARM.Collect$$libshutdown$$00000012)
    .ARM.Collect$$rtentry$$00000000          0x08000168   Section        0  __rtentry.o(.ARM.Collect$$rtentry$$00000000)
    .ARM.Collect$$rtentry$$00000002          0x08000168   Section        0  __rtentry2.o(.ARM.Collect$$rtentry$$00000002)
    .ARM.Collect$$rtentry$$00000004          0x08000168   Section        6  __rtentry4.o(.ARM.Collect$$rtentry$$00000004)
    .ARM.Collect$$rtentry$$00000009          0x0800016e   Section        0  __rtentry2.o(.ARM.Collect$$rtentry$$00000009)
    .ARM.Collect$$rtentry$$0000000A          0x0800016e   Section        4  __rtentry2.o(.ARM.Collect$$rtentry$$0000000A)
    .ARM.Collect$$rtentry$$0000000C          0x08000172   Section        0  __rtentry2.o(.ARM.Collect$$rtentry$$0000000C)
    .ARM.Collect$$rtentry$$0000000D          0x08000172   Section        8  __rtentry2.o(.ARM.Collect$$rtentry$$0000000D)
    .ARM.Collect$$rtexit$$00000000           0x0800017a   Section        2  rtexit.o(.ARM.Collect$$rtexit$$00000000)
    .ARM.Collect$$rtexit$$00000002           0x0800017c   Section        0  rtexit2.o(.ARM.Collect$$rtexit$$00000002)
    .ARM.Collect$$rtexit$$00000003           0x0800017c   Section        4  rtexit2.o(.ARM.Collect$$rtexit$$00000003)
    .ARM.Collect$$rtexit$$00000004           0x08000180   Section        6  rtexit2.o(.ARM.Collect$$rtexit$$00000004)
    .emb_text                                0x08000188   Section      150  port.o(.emb_text)
    .text                                    0x08000220   Section       64  startup_stm32f103xb.o(.text)
    .text                                    0x08000260   Section      100  rt_memcpy_w.o(.text)
    .text                                    0x080002c4   Section       16  aeabi_memset.o(.text)
    .text                                    0x080002d4   Section       78  rt_memclr_w.o(.text)
    .text                                    0x08000322   Section        0  heapauxi.o(.text)
    .text                                    0x08000328   Section       68  rt_memclr.o(.text)
    .text                                    0x0800036c   Section       74  sys_stackheap_outer.o(.text)
    .text                                    0x080003b6   Section        0  exit.o(.text)
    .text                                    0x080003c8   Section        8  libspace.o(.text)
    .text                                    0x080003d0   Section        0  sys_exit.o(.text)
    .text                                    0x080003dc   Section        2  use_no_semi.o(.text)
    .text                                    0x080003de   Section        0  indicate_semi.o(.text)
    i.ADC1_2_IRQHandler                      0x080003e0   Section        0  stm32f1xx_it.o(i.ADC1_2_IRQHandler)
    i.ADC_ConversionStop_Disable             0x080003ec   Section        0  stm32f1xx_hal_adc.o(i.ADC_ConversionStop_Disable)
    i.ADC_Enable                             0x08000444   Section        0  stm32f1xx_hal_adc.o(i.ADC_Enable)
    i.BusFault_Handler                       0x080004c0   Section        0  stm32f1xx_it.o(i.BusFault_Handler)
    i.DebugMon_Handler                       0x080004c2   Section        0  stm32f1xx_it.o(i.DebugMon_Handler)
    i.HAL_ADCEx_Calibration_Start            0x080004c4   Section        0  stm32f1xx_hal_adc_ex.o(i.HAL_ADCEx_Calibration_Start)
    i.HAL_ADCEx_InjectedConfigChannel        0x0800059c   Section        0  stm32f1xx_hal_adc_ex.o(i.HAL_ADCEx_InjectedConfigChannel)
    i.HAL_ADCEx_InjectedConvCpltCallback     0x08000778   Section        0  main.o(i.HAL_ADCEx_InjectedConvCpltCallback)
    i.HAL_ADCEx_InjectedGetValue             0x080007bc   Section        0  stm32f1xx_hal_adc_ex.o(i.HAL_ADCEx_InjectedGetValue)
    i.HAL_ADCEx_InjectedStart_IT             0x080007dc   Section        0  stm32f1xx_hal_adc_ex.o(i.HAL_ADCEx_InjectedStart_IT)
    i.HAL_ADC_ConvCpltCallback               0x08000890   Section        0  stm32f1xx_hal_adc.o(i.HAL_ADC_ConvCpltCallback)
    i.HAL_ADC_IRQHandler                     0x08000892   Section        0  stm32f1xx_hal_adc.o(i.HAL_ADC_IRQHandler)
    i.HAL_ADC_Init                           0x08000970   Section        0  stm32f1xx_hal_adc.o(i.HAL_ADC_Init)
    i.HAL_ADC_LevelOutOfWindowCallback       0x08000a8c   Section        0  stm32f1xx_hal_adc.o(i.HAL_ADC_LevelOutOfWindowCallback)
    i.HAL_ADC_MspInit                        0x08000a90   Section        0  stm32f1xx_hal_msp.o(i.HAL_ADC_MspInit)
    i.HAL_CAN_ActivateNotification           0x08000af8   Section        0  stm32f1xx_hal_can.o(i.HAL_CAN_ActivateNotification)
    i.HAL_CAN_AddTxMessage                   0x08000b1c   Section        0  stm32f1xx_hal_can.o(i.HAL_CAN_AddTxMessage)
    i.HAL_CAN_ConfigFilter                   0x08000bec   Section        0  stm32f1xx_hal_can.o(i.HAL_CAN_ConfigFilter)
    i.HAL_CAN_ErrorCallback                  0x08000cda   Section        0  main.o(i.HAL_CAN_ErrorCallback)
    i.HAL_CAN_GetError                       0x08000cde   Section        0  stm32f1xx_hal_can.o(i.HAL_CAN_GetError)
    i.HAL_CAN_GetRxMessage                   0x08000ce2   Section        0  stm32f1xx_hal_can.o(i.HAL_CAN_GetRxMessage)
    i.HAL_CAN_GetTxMailboxesFreeLevel        0x08000dd6   Section        0  stm32f1xx_hal_can.o(i.HAL_CAN_GetTxMailboxesFreeLevel)
    i.HAL_CAN_IRQHandler                     0x08000e02   Section        0  stm32f1xx_hal_can.o(i.HAL_CAN_IRQHandler)
    i.HAL_CAN_Init                           0x08000ffe   Section        0  stm32f1xx_hal_can.o(i.HAL_CAN_Init)
    i.HAL_CAN_MspInit                        0x08001118   Section        0  stm32f1xx_hal_msp.o(i.HAL_CAN_MspInit)
    i.HAL_CAN_RxFifo0FullCallback            0x080011ac   Section        0  stm32f1xx_hal_can.o(i.HAL_CAN_RxFifo0FullCallback)
    i.HAL_CAN_RxFifo0MsgPendingCallback      0x080011b0   Section        0  main.o(i.HAL_CAN_RxFifo0MsgPendingCallback)
    i.HAL_CAN_RxFifo1FullCallback            0x080011d8   Section        0  stm32f1xx_hal_can.o(i.HAL_CAN_RxFifo1FullCallback)
    i.HAL_CAN_RxFifo1MsgPendingCallback      0x080011da   Section        0  stm32f1xx_hal_can.o(i.HAL_CAN_RxFifo1MsgPendingCallback)
    i.HAL_CAN_SleepCallback                  0x080011dc   Section        0  stm32f1xx_hal_can.o(i.HAL_CAN_SleepCallback)
    i.HAL_CAN_Start                          0x080011e0   Section        0  stm32f1xx_hal_can.o(i.HAL_CAN_Start)
    i.HAL_CAN_TxMailbox0AbortCallback        0x08001238   Section        0  stm32f1xx_hal_can.o(i.HAL_CAN_TxMailbox0AbortCallback)
    i.HAL_CAN_TxMailbox0CompleteCallback     0x0800123a   Section        0  stm32f1xx_hal_can.o(i.HAL_CAN_TxMailbox0CompleteCallback)
    i.HAL_CAN_TxMailbox1AbortCallback        0x0800123c   Section        0  stm32f1xx_hal_can.o(i.HAL_CAN_TxMailbox1AbortCallback)
    i.HAL_CAN_TxMailbox1CompleteCallback     0x0800123e   Section        0  stm32f1xx_hal_can.o(i.HAL_CAN_TxMailbox1CompleteCallback)
    i.HAL_CAN_TxMailbox2AbortCallback        0x08001240   Section        0  stm32f1xx_hal_can.o(i.HAL_CAN_TxMailbox2AbortCallback)
    i.HAL_CAN_TxMailbox2CompleteCallback     0x08001242   Section        0  stm32f1xx_hal_can.o(i.HAL_CAN_TxMailbox2CompleteCallback)
    i.HAL_CAN_WakeUpFromRxMsgCallback        0x08001244   Section        0  stm32f1xx_hal_can.o(i.HAL_CAN_WakeUpFromRxMsgCallback)
    i.HAL_GPIO_Init                          0x08001248   Section        0  stm32f1xx_hal_gpio.o(i.HAL_GPIO_Init)
    i.HAL_GPIO_WritePin                      0x08001428   Section        0  stm32f1xx_hal_gpio.o(i.HAL_GPIO_WritePin)
    i.HAL_GetTick                            0x08001434   Section        0  stm32f1xx_hal.o(i.HAL_GetTick)
    i.HAL_I2C_Init                           0x08001440   Section        0  stm32f1xx_hal_i2c.o(i.HAL_I2C_Init)
    i.HAL_I2C_MspInit                        0x080015c8   Section        0  stm32f1xx_hal_msp.o(i.HAL_I2C_MspInit)
    i.HAL_IncTick                            0x08001628   Section        0  stm32f1xx_hal.o(i.HAL_IncTick)
    i.HAL_Init                               0x08001638   Section        0  stm32f1xx_hal.o(i.HAL_Init)
    i.HAL_InitTick                           0x0800165c   Section        0  stm32f1xx_hal_timebase_tim.o(i.HAL_InitTick)
    i.HAL_MspInit                            0x080016f4   Section        0  stm32f1xx_hal_msp.o(i.HAL_MspInit)
    i.HAL_NVIC_EnableIRQ                     0x0800173c   Section        0  stm32f1xx_hal_cortex.o(i.HAL_NVIC_EnableIRQ)
    i.HAL_NVIC_SetPriority                   0x08001758   Section        0  stm32f1xx_hal_cortex.o(i.HAL_NVIC_SetPriority)
    i.HAL_NVIC_SetPriorityGrouping           0x08001798   Section        0  stm32f1xx_hal_cortex.o(i.HAL_NVIC_SetPriorityGrouping)
    i.HAL_RCCEx_GetPeriphCLKFreq             0x080017bc   Section        0  stm32f1xx_hal_rcc_ex.o(i.HAL_RCCEx_GetPeriphCLKFreq)
    i.HAL_RCCEx_PeriphCLKConfig              0x08001860   Section        0  stm32f1xx_hal_rcc_ex.o(i.HAL_RCCEx_PeriphCLKConfig)
    i.HAL_RCC_ClockConfig                    0x0800194c   Section        0  stm32f1xx_hal_rcc.o(i.HAL_RCC_ClockConfig)
    i.HAL_RCC_GetClockConfig                 0x08001a78   Section        0  stm32f1xx_hal_rcc.o(i.HAL_RCC_GetClockConfig)
    i.HAL_RCC_GetPCLK1Freq                   0x08001ab8   Section        0  stm32f1xx_hal_rcc.o(i.HAL_RCC_GetPCLK1Freq)
    i.HAL_RCC_GetPCLK2Freq                   0x08001ad8   Section        0  stm32f1xx_hal_rcc.o(i.HAL_RCC_GetPCLK2Freq)
    i.HAL_RCC_GetSysClockFreq                0x08001af8   Section        0  stm32f1xx_hal_rcc.o(i.HAL_RCC_GetSysClockFreq)
    i.HAL_RCC_OscConfig                      0x08001b44   Section        0  stm32f1xx_hal_rcc.o(i.HAL_RCC_OscConfig)
    i.HAL_TIMEx_BreakCallback                0x08001e64   Section        0  stm32f1xx_hal_tim_ex.o(i.HAL_TIMEx_BreakCallback)
    i.HAL_TIMEx_CommutCallback               0x08001e66   Section        0  stm32f1xx_hal_tim_ex.o(i.HAL_TIMEx_CommutCallback)
    i.HAL_TIM_Base_Init                      0x08001e68   Section        0  stm32f1xx_hal_tim.o(i.HAL_TIM_Base_Init)
    i.HAL_TIM_Base_MspInit                   0x08001ec2   Section        0  stm32f1xx_hal_tim.o(i.HAL_TIM_Base_MspInit)
    i.HAL_TIM_Base_Start_IT                  0x08001ec4   Section        0  stm32f1xx_hal_tim.o(i.HAL_TIM_Base_Start_IT)
    i.HAL_TIM_IC_CaptureCallback             0x08001f1c   Section        0  stm32f1xx_hal_tim.o(i.HAL_TIM_IC_CaptureCallback)
    i.HAL_TIM_IRQHandler                     0x08001f1e   Section        0  stm32f1xx_hal_tim.o(i.HAL_TIM_IRQHandler)
    i.HAL_TIM_OC_DelayElapsedCallback        0x08002084   Section        0  stm32f1xx_hal_tim.o(i.HAL_TIM_OC_DelayElapsedCallback)
    i.HAL_TIM_PWM_PulseFinishedCallback      0x08002086   Section        0  stm32f1xx_hal_tim.o(i.HAL_TIM_PWM_PulseFinishedCallback)
    i.HAL_TIM_PeriodElapsedCallback          0x08002088   Section        0  main.o(i.HAL_TIM_PeriodElapsedCallback)
    i.HAL_TIM_TriggerCallback                0x0800209c   Section        0  stm32f1xx_hal_tim.o(i.HAL_TIM_TriggerCallback)
    i.HardFault_Handler                      0x0800209e   Section        0  stm32f1xx_it.o(i.HardFault_Handler)
    i.MX_ADC1_Init                           0x080020a0   Section        0  main.o(i.MX_ADC1_Init)
    MX_ADC1_Init                             0x080020a1   Thumb Code    94  main.o(i.MX_ADC1_Init)
    i.MX_CAN_Init                            0x08002108   Section        0  main.o(i.MX_CAN_Init)
    MX_CAN_Init                              0x08002109   Thumb Code    94  main.o(i.MX_CAN_Init)
    i.MX_GPIO_Init                           0x08002170   Section        0  main.o(i.MX_GPIO_Init)
    MX_GPIO_Init                             0x08002171   Thumb Code   234  main.o(i.MX_GPIO_Init)
    i.MemManage_Handler                      0x0800226c   Section        0  stm32f1xx_it.o(i.MemManage_Handler)
    i.NMI_Handler                            0x0800226e   Section        0  stm32f1xx_it.o(i.NMI_Handler)
    i.ProctBacklight                         0x08002270   Section        0  main.o(i.ProctBacklight)
    i.ProctButtonRead                        0x080022c8   Section        0  main.o(i.ProctButtonRead)
    i.ProctDisplay                           0x080023e0   Section        0  main.o(i.ProctDisplay)
    i.ProctFoldingMirrors                    0x080023e8   Section        0  main.o(i.ProctFoldingMirrors)
    i.ProctGlassLiftLock                     0x08002458   Section        0  main.o(i.ProctGlassLiftLock)
    i.ProctOutputs                           0x080024d0   Section        0  main.o(i.ProctOutputs)
    i.StartDefaultTask                       0x080025c0   Section        0  main.o(i.StartDefaultTask)
    i.SysTick_Handler                        0x080025e0   Section        0  port.o(i.SysTick_Handler)
    i.SystemClock_Config                     0x0800260c   Section        0  main.o(i.SystemClock_Config)
    i.SystemInit                             0x08002684   Section        0  system_stm32f1xx.o(i.SystemInit)
    i.TIM4_IRQHandler                        0x08002688   Section        0  stm32f1xx_it.o(i.TIM4_IRQHandler)
    i.TIM_Base_SetConfig                     0x08002694   Section        0  stm32f1xx_hal_tim.o(i.TIM_Base_SetConfig)
    i.USB_LP_CAN1_RX0_IRQHandler             0x08002700   Section        0  stm32f1xx_it.o(i.USB_LP_CAN1_RX0_IRQHandler)
    i.UsageFault_Handler                     0x0800270c   Section        0  stm32f1xx_it.o(i.UsageFault_Handler)
    i.__NVIC_SetPriority                     0x0800270e   Section        0  stm32f1xx_hal_cortex.o(i.__NVIC_SetPriority)
    __NVIC_SetPriority                       0x0800270f   Thumb Code    32  stm32f1xx_hal_cortex.o(i.__NVIC_SetPriority)
    i.configureTimerForRunTimeStats          0x0800272e   Section        0  freertos.o(i.configureTimerForRunTimeStats)
    i.getRunTimeCounterValue                 0x08002730   Section        0  freertos.o(i.getRunTimeCounterValue)
    i.glass_blocking_off                     0x08002734   Section        0  main.o(i.glass_blocking_off)
    i.glass_blocking_on                      0x08002778   Section        0  main.o(i.glass_blocking_on)
    i.glass_closer                           0x080027bc   Section        0  main.o(i.glass_closer)
    i.glass_down                             0x0800286c   Section        0  main.o(i.glass_down)
    i.glass_stop                             0x080028d0   Section        0  main.o(i.glass_stop)
    i.glass_up                               0x08002930   Section        0  main.o(i.glass_up)
    i.main                                   0x08002994   Section        0  main.o(i.main)
    i.makeFreeRtosPriority                   0x08002ae0   Section        0  cmsis_os.o(i.makeFreeRtosPriority)
    makeFreeRtosPriority                     0x08002ae1   Thumb Code    12  cmsis_os.o(i.makeFreeRtosPriority)
    i.mirror_folding_off                     0x08002aec   Section        0  main.o(i.mirror_folding_off)
    i.mirror_folding_on                      0x08002b18   Section        0  main.o(i.mirror_folding_on)
    i.mirror_heating_off                     0x08002b44   Section        0  main.o(i.mirror_heating_off)
    i.mirror_heating_on                      0x08002b6c   Section        0  main.o(i.mirror_heating_on)
    i.osDelay                                0x08002bb0   Section        0  cmsis_os.o(i.osDelay)
    i.osKernelStart                          0x08002bbe   Section        0  cmsis_os.o(i.osKernelStart)
    i.osThreadCreate                         0x08002bc8   Section        0  cmsis_os.o(i.osThreadCreate)
    i.prvAddCurrentTaskToDelayedList         0x08002c1c   Section        0  tasks.o(i.prvAddCurrentTaskToDelayedList)
    prvAddCurrentTaskToDelayedList           0x08002c1d   Thumb Code   102  tasks.o(i.prvAddCurrentTaskToDelayedList)
    i.prvAddNewTaskToReadyList               0x08002c8c   Section        0  tasks.o(i.prvAddNewTaskToReadyList)
    prvAddNewTaskToReadyList                 0x08002c8d   Thumb Code   188  tasks.o(i.prvAddNewTaskToReadyList)
    i.prvHeapInit                            0x08002d54   Section        0  heap_4.o(i.prvHeapInit)
    prvHeapInit                              0x08002d55   Thumb Code    66  heap_4.o(i.prvHeapInit)
    i.prvIdleTask                            0x08002da0   Section        0  tasks.o(i.prvIdleTask)
    prvIdleTask                              0x08002da1   Thumb Code    30  tasks.o(i.prvIdleTask)
    i.prvInitialiseNewTask                   0x08002dc8   Section        0  tasks.o(i.prvInitialiseNewTask)
    prvInitialiseNewTask                     0x08002dc9   Thumb Code   158  tasks.o(i.prvInitialiseNewTask)
    i.prvInsertBlockIntoFreeList             0x08002e68   Section        0  heap_4.o(i.prvInsertBlockIntoFreeList)
    prvInsertBlockIntoFreeList               0x08002e69   Thumb Code    72  heap_4.o(i.prvInsertBlockIntoFreeList)
    i.prvResetNextTaskUnblockTime            0x08002eb4   Section        0  tasks.o(i.prvResetNextTaskUnblockTime)
    prvResetNextTaskUnblockTime              0x08002eb5   Thumb Code    26  tasks.o(i.prvResetNextTaskUnblockTime)
    i.prvTaskExitError                       0x08002ed4   Section        0  port.o(i.prvTaskExitError)
    prvTaskExitError                         0x08002ed5   Thumb Code    36  port.o(i.prvTaskExitError)
    i.pvPortMalloc                           0x08002efc   Section        0  heap_4.o(i.pvPortMalloc)
    i.pxPortInitialiseStack                  0x08002fd4   Section        0  port.o(i.pxPortInitialiseStack)
    i.uxListRemove                           0x08002ff8   Section        0  list.o(i.uxListRemove)
    i.vApplicationGetIdleTaskMemory          0x08003020   Section        0  freertos.o(i.vApplicationGetIdleTaskMemory)
    i.vApplicationIdleHook                   0x08003034   Section        0  freertos.o(i.vApplicationIdleHook)
    i.vListInitialise                        0x08003036   Section        0  list.o(i.vListInitialise)
    i.vListInitialiseItem                    0x0800304c   Section        0  list.o(i.vListInitialiseItem)
    i.vListInsert                            0x08003052   Section        0  list.o(i.vListInsert)
    i.vListInsertEnd                         0x08003082   Section        0  list.o(i.vListInsertEnd)
    i.vPortEnterCritical                     0x0800309c   Section        0  port.o(i.vPortEnterCritical)
    i.vPortExitCritical                      0x080030dc   Section        0  port.o(i.vPortExitCritical)
    i.vPortFree                              0x08003104   Section        0  heap_4.o(i.vPortFree)
    i.vPortSetupTimerInterrupt               0x08003160   Section        0  port.o(i.vPortSetupTimerInterrupt)
    i.vTaskDelay                             0x08003184   Section        0  tasks.o(i.vTaskDelay)
    i.vTaskStartScheduler                    0x080031d0   Section        0  tasks.o(i.vTaskStartScheduler)
    i.vTaskSuspendAll                        0x08003240   Section        0  tasks.o(i.vTaskSuspendAll)
    i.vTaskSwitchContext                     0x08003250   Section        0  tasks.o(i.vTaskSwitchContext)
    i.xPortStartScheduler                    0x080032c4   Section        0  port.o(i.xPortStartScheduler)
    i.xTaskCreate                            0x0800336c   Section        0  tasks.o(i.xTaskCreate)
    i.xTaskCreateStatic                      0x080033c6   Section        0  tasks.o(i.xTaskCreateStatic)
    i.xTaskIncrementTick                     0x0800341c   Section        0  tasks.o(i.xTaskIncrementTick)
    i.xTaskResumeAll                         0x080034e4   Section        0  tasks.o(i.xTaskResumeAll)
    x$fpl$fdiv                               0x080035a8   Section      388  fdiv.o(x$fpl$fdiv)
    _fdiv1                                   0x080035a9   Thumb Code     0  fdiv.o(x$fpl$fdiv)
    x$fpl$ffltu                              0x0800372c   Section       38  fflt_clz.o(x$fpl$ffltu)
    x$fpl$fmul                               0x08003754   Section      258  fmul.o(x$fpl$fmul)
    x$fpl$fnaninf                            0x08003856   Section      140  fnaninf.o(x$fpl$fnaninf)
    x$fpl$fretinf                            0x080038e2   Section       10  fretinf.o(x$fpl$fretinf)
    .constdata                               0x080038ec   Section      196  main.o(.constdata)
    x$fpl$usenofp                            0x080038ec   Section        0  usenofp.o(x$fpl$usenofp)
    .constdata                               0x080039b0   Section       18  stm32f1xx_hal_rcc.o(.constdata)
    aPredivFactorTable                       0x080039b0   Data           2  stm32f1xx_hal_rcc.o(.constdata)
    aPLLMULFactorTable                       0x080039b2   Data          16  stm32f1xx_hal_rcc.o(.constdata)
    .constdata                               0x080039c2   Section       18  stm32f1xx_hal_rcc_ex.o(.constdata)
    aPredivFactorTable                       0x080039c2   Data           2  stm32f1xx_hal_rcc_ex.o(.constdata)
    aPLLMULFactorTable                       0x080039c4   Data          16  stm32f1xx_hal_rcc_ex.o(.constdata)
    .constdata                               0x080039d4   Section       16  system_stm32f1xx.o(.constdata)
    .constdata                               0x080039e4   Section        8  system_stm32f1xx.o(.constdata)
    .conststring                             0x080039ec   Section       84  main.o(.conststring)
    .data                                    0x20000000   Section       80  main.o(.data)
    .data                                    0x20000050   Section       12  stm32f1xx_hal.o(.data)
    .data                                    0x2000005c   Section        4  system_stm32f1xx.o(.data)
    .data                                    0x20000060   Section       64  tasks.o(.data)
    pxDelayedTaskList                        0x20000064   Data           4  tasks.o(.data)
    pxOverflowDelayedTaskList                0x20000068   Data           4  tasks.o(.data)
    uxCurrentNumberOfTasks                   0x2000006c   Data           4  tasks.o(.data)
    xTickCount                               0x20000070   Data           4  tasks.o(.data)
    uxTopReadyPriority                       0x20000074   Data           4  tasks.o(.data)
    xSchedulerRunning                        0x20000078   Data           4  tasks.o(.data)
    uxPendedTicks                            0x2000007c   Data           4  tasks.o(.data)
    xYieldPending                            0x20000080   Data           4  tasks.o(.data)
    xNumOfOverflows                          0x20000084   Data           4  tasks.o(.data)
    uxTaskNumber                             0x20000088   Data           4  tasks.o(.data)
    xNextTaskUnblockTime                     0x2000008c   Data           4  tasks.o(.data)
    xIdleTaskHandle                          0x20000090   Data           4  tasks.o(.data)
    uxSchedulerSuspended                     0x20000094   Data           4  tasks.o(.data)
    ulTaskSwitchedInTime                     0x20000098   Data           4  tasks.o(.data)
    ulTotalRunTime                           0x2000009c   Data           4  tasks.o(.data)
    .data                                    0x200000a0   Section       24  heap_4.o(.data)
    pxEnd                                    0x200000a0   Data           4  heap_4.o(.data)
    xFreeBytesRemaining                      0x200000a4   Data           4  heap_4.o(.data)
    xMinimumEverFreeBytesRemaining           0x200000a8   Data           4  heap_4.o(.data)
    xBlockAllocatedBit                       0x200000ac   Data           4  heap_4.o(.data)
    xStart                                   0x200000b0   Data           8  heap_4.o(.data)
    .data                                    0x200000b8   Section       12  port.o(.data)
    ucMaxSysCallPriority                     0x200000b8   Data           1  port.o(.data)
    uxCriticalNesting                        0x200000bc   Data           4  port.o(.data)
    ulMaxPRIGROUPValue                       0x200000c0   Data           4  port.o(.data)
    .bss                                     0x200000c4   Section      224  main.o(.bss)
    .bss                                     0x200001a4   Section      608  freertos.o(.bss)
    xIdleTaskTCBBuffer                       0x200001a4   Data          96  freertos.o(.bss)
    xIdleStack                               0x20000204   Data         512  freertos.o(.bss)
    .bss                                     0x20000404   Section       72  stm32f1xx_hal_timebase_tim.o(.bss)
    .bss                                     0x2000044c   Section      220  tasks.o(.bss)
    pxReadyTasksLists                        0x2000044c   Data         140  tasks.o(.bss)
    xDelayedTaskList1                        0x200004d8   Data          20  tasks.o(.bss)
    xDelayedTaskList2                        0x200004ec   Data          20  tasks.o(.bss)
    xPendingReadyList                        0x20000500   Data          20  tasks.o(.bss)
    xSuspendedTaskList                       0x20000514   Data          20  tasks.o(.bss)
    .bss                                     0x20000528   Section    10240  heap_4.o(.bss)
    ucHeap                                   0x20000528   Data       10240  heap_4.o(.bss)
    .bss                                     0x20002d28   Section       96  libspace.o(.bss)
    HEAP                                     0x20002d88   Section      512  startup_stm32f103xb.o(HEAP)
    Heap_Mem                                 0x20002d88   Data         512  startup_stm32f103xb.o(HEAP)
    STACK                                    0x20002f88   Section     1024  startup_stm32f103xb.o(STACK)
    Stack_Mem                                0x20002f88   Data        1024  startup_stm32f103xb.o(STACK)
    __initial_sp                             0x20003388   Data           0  startup_stm32f103xb.o(STACK)

    Global Symbols

    Symbol Name                              Value     Ov Type        Size  Object(Section)

    BuildAttributes$$THM_ISAv4$P$D$K$B$S$PE$A:L22UL41UL21$X:L11$S22US41US21$IEEE1$IW$USESV6$~STKCKD$USESV7$~SHL$OSPACE$ROPI$EBA8$UX$STANDARDLIB$REQ8$PRES8$EABIv2 0x00000000   Number         0  anon$$obj.o ABSOLUTE
    __ARM_use_no_argv                        0x00000000   Number         0  main.o ABSOLUTE
    __ARM_exceptions_init                     - Undefined Weak Reference
    __alloca_initialize                       - Undefined Weak Reference
    __arm_fini_                               - Undefined Weak Reference
    __arm_preinit_                            - Undefined Weak Reference
    __cpp_initialize__aeabi_                  - Undefined Weak Reference
    __cxa_finalize                            - Undefined Weak Reference
    __rt_locale                               - Undefined Weak Reference
    __sigvec_lookup                           - Undefined Weak Reference
    _atexit_init                              - Undefined Weak Reference
    _call_atexit_fns                          - Undefined Weak Reference
    _clock_init                               - Undefined Weak Reference
    _fp_trap_init                             - Undefined Weak Reference
    _fp_trap_shutdown                         - Undefined Weak Reference
    _get_lc_collate                           - Undefined Weak Reference
    _get_lc_ctype                             - Undefined Weak Reference
    _get_lc_monetary                          - Undefined Weak Reference
    _get_lc_numeric                           - Undefined Weak Reference
    _get_lc_time                              - Undefined Weak Reference
    _getenv_init                              - Undefined Weak Reference
    _handle_redirection                       - Undefined Weak Reference
    _init_alloc                               - Undefined Weak Reference
    _init_user_alloc                          - Undefined Weak Reference
    _initio                                   - Undefined Weak Reference
    _printf_mbtowc                            - Undefined Weak Reference
    _printf_post_padding                      - Undefined Weak Reference
    _printf_pre_padding                       - Undefined Weak Reference
    _printf_truncate_signed                   - Undefined Weak Reference
    _printf_truncate_unsigned                 - Undefined Weak Reference
    _rand_init                                - Undefined Weak Reference
    _signal_finish                            - Undefined Weak Reference
    _signal_init                              - Undefined Weak Reference
    _terminate_alloc                          - Undefined Weak Reference
    _terminate_user_alloc                     - Undefined Weak Reference
    _terminateio                              - Undefined Weak Reference
    __Vectors_Size                           0x000000ec   Number         0  startup_stm32f103xb.o ABSOLUTE
    __Vectors                                0x08000000   Data           4  startup_stm32f103xb.o(RESET)
    __Vectors_End                            0x080000ec   Data           0  startup_stm32f103xb.o(RESET)
    __main                                   0x080000ed   Thumb Code     8  __main.o(!!!main)
    __scatterload                            0x080000f5   Thumb Code     0  __scatter.o(!!!scatter)
    __scatterload_rt2                        0x080000f5   Thumb Code    44  __scatter.o(!!!scatter)
    __scatterload_rt2_thumb_only             0x080000f5   Thumb Code     0  __scatter.o(!!!scatter)
    __scatterload_null                       0x08000103   Thumb Code     0  __scatter.o(!!!scatter)
    __scatterload_copy                       0x08000129   Thumb Code    26  __scatter_copy.o(!!handler_copy)
    __scatterload_zeroinit                   0x08000145   Thumb Code    28  __scatter_zi.o(!!handler_zi)
    __rt_lib_init                            0x08000161   Thumb Code     0  libinit.o(.ARM.Collect$$libinit$$00000000)
    __rt_lib_init_alloca_1                   0x08000163   Thumb Code     0  libinit2.o(.ARM.Collect$$libinit$$0000002E)
    __rt_lib_init_argv_1                     0x08000163   Thumb Code     0  libinit2.o(.ARM.Collect$$libinit$$0000002C)
    __rt_lib_init_atexit_1                   0x08000163   Thumb Code     0  libinit2.o(.ARM.Collect$$libinit$$0000001B)
    __rt_lib_init_clock_1                    0x08000163   Thumb Code     0  libinit2.o(.ARM.Collect$$libinit$$00000021)
    __rt_lib_init_cpp_1                      0x08000163   Thumb Code     0  libinit2.o(.ARM.Collect$$libinit$$00000032)
    __rt_lib_init_exceptions_1               0x08000163   Thumb Code     0  libinit2.o(.ARM.Collect$$libinit$$00000030)
    __rt_lib_init_fp_1                       0x08000163   Thumb Code     0  libinit2.o(.ARM.Collect$$libinit$$00000002)
    __rt_lib_init_fp_trap_1                  0x08000163   Thumb Code     0  libinit2.o(.ARM.Collect$$libinit$$0000001F)
    __rt_lib_init_getenv_1                   0x08000163   Thumb Code     0  libinit2.o(.ARM.Collect$$libinit$$00000023)
    __rt_lib_init_heap_1                     0x08000163   Thumb Code     0  libinit2.o(.ARM.Collect$$libinit$$0000000A)
    __rt_lib_init_lc_collate_1               0x08000163   Thumb Code     0  libinit2.o(.ARM.Collect$$libinit$$00000011)
    __rt_lib_init_lc_ctype_1                 0x08000163   Thumb Code     0  libinit2.o(.ARM.Collect$$libinit$$00000013)
    __rt_lib_init_lc_monetary_1              0x08000163   Thumb Code     0  libinit2.o(.ARM.Collect$$libinit$$00000015)
    __rt_lib_init_lc_numeric_1               0x08000163   Thumb Code     0  libinit2.o(.ARM.Collect$$libinit$$00000017)
    __rt_lib_init_lc_time_1                  0x08000163   Thumb Code     0  libinit2.o(.ARM.Collect$$libinit$$00000019)
    __rt_lib_init_preinit_1                  0x08000163   Thumb Code     0  libinit2.o(.ARM.Collect$$libinit$$00000004)
    __rt_lib_init_rand_1                     0x08000163   Thumb Code     0  libinit2.o(.ARM.Collect$$libinit$$0000000E)
    __rt_lib_init_return                     0x08000163   Thumb Code     0  libinit2.o(.ARM.Collect$$libinit$$00000033)
    __rt_lib_init_signal_1                   0x08000163   Thumb Code     0  libinit2.o(.ARM.Collect$$libinit$$0000001D)
    __rt_lib_init_stdio_1                    0x08000163   Thumb Code     0  libinit2.o(.ARM.Collect$$libinit$$00000025)
    __rt_lib_init_user_alloc_1               0x08000163   Thumb Code     0  libinit2.o(.ARM.Collect$$libinit$$0000000C)
    __rt_lib_shutdown                        0x08000165   Thumb Code     0  libshutdown.o(.ARM.Collect$$libshutdown$$00000000)
    __rt_lib_shutdown_cpp_1                  0x08000167   Thumb Code     0  libshutdown2.o(.ARM.Collect$$libshutdown$$00000004)
    __rt_lib_shutdown_fini_1                 0x08000167   Thumb Code     0  libshutdown2.o(.ARM.Collect$$libshutdown$$00000002)
    __rt_lib_shutdown_fp_trap_1              0x08000167   Thumb Code     0  libshutdown2.o(.ARM.Collect$$libshutdown$$00000009)
    __rt_lib_shutdown_heap_1                 0x08000167   Thumb Code     0  libshutdown2.o(.ARM.Collect$$libshutdown$$00000011)
    __rt_lib_shutdown_return                 0x08000167   Thumb Code     0  libshutdown2.o(.ARM.Collect$$libshutdown$$00000012)
    __rt_lib_shutdown_signal_1               0x08000167   Thumb Code     0  libshutdown2.o(.ARM.Collect$$libshutdown$$0000000C)
    __rt_lib_shutdown_stdio_1                0x08000167   Thumb Code     0  libshutdown2.o(.ARM.Collect$$libshutdown$$00000006)
    __rt_lib_shutdown_user_alloc_1           0x08000167   Thumb Code     0  libshutdown2.o(.ARM.Collect$$libshutdown$$0000000E)
    __rt_entry                               0x08000169   Thumb Code     0  __rtentry.o(.ARM.Collect$$rtentry$$00000000)
    __rt_entry_presh_1                       0x08000169   Thumb Code     0  __rtentry2.o(.ARM.Collect$$rtentry$$00000002)
    __rt_entry_sh                            0x08000169   Thumb Code     0  __rtentry4.o(.ARM.Collect$$rtentry$$00000004)
    __rt_entry_li                            0x0800016f   Thumb Code     0  __rtentry2.o(.ARM.Collect$$rtentry$$0000000A)
    __rt_entry_postsh_1                      0x0800016f   Thumb Code     0  __rtentry2.o(.ARM.Collect$$rtentry$$00000009)
    __rt_entry_main                          0x08000173   Thumb Code     0  __rtentry2.o(.ARM.Collect$$rtentry$$0000000D)
    __rt_entry_postli_1                      0x08000173   Thumb Code     0  __rtentry2.o(.ARM.Collect$$rtentry$$0000000C)
    __rt_exit                                0x0800017b   Thumb Code     0  rtexit.o(.ARM.Collect$$rtexit$$00000000)
    __rt_exit_ls                             0x0800017d   Thumb Code     0  rtexit2.o(.ARM.Collect$$rtexit$$00000003)
    __rt_exit_prels_1                        0x0800017d   Thumb Code     0  rtexit2.o(.ARM.Collect$$rtexit$$00000002)
    __rt_exit_exit                           0x08000181   Thumb Code     0  rtexit2.o(.ARM.Collect$$rtexit$$00000004)
    SVC_Handler                              0x08000189   Thumb Code    32  port.o(.emb_text)
    __asm___6_port_c_39a90d8d__prvStartFirstTask 0x080001ad   Thumb Code    28  port.o(.emb_text)
    PendSV_Handler                           0x080001cd   Thumb Code    72  port.o(.emb_text)
    vPortGetIPSR                             0x08000219   Thumb Code     6  port.o(.emb_text)
    Reset_Handler                            0x08000221   Thumb Code     8  startup_stm32f103xb.o(.text)
    CAN1_RX1_IRQHandler                      0x0800023b   Thumb Code     0  startup_stm32f103xb.o(.text)
    CAN1_SCE_IRQHandler                      0x0800023b   Thumb Code     0  startup_stm32f103xb.o(.text)
    DMA1_Channel1_IRQHandler                 0x0800023b   Thumb Code     0  startup_stm32f103xb.o(.text)
    DMA1_Channel2_IRQHandler                 0x0800023b   Thumb Code     0  startup_stm32f103xb.o(.text)
    DMA1_Channel3_IRQHandler                 0x0800023b   Thumb Code     0  startup_stm32f103xb.o(.text)
    DMA1_Channel4_IRQHandler                 0x0800023b   Thumb Code     0  startup_stm32f103xb.o(.text)
    DMA1_Channel5_IRQHandler                 0x0800023b   Thumb Code     0  startup_stm32f103xb.o(.text)
    DMA1_Channel6_IRQHandler                 0x0800023b   Thumb Code     0  startup_stm32f103xb.o(.text)
    DMA1_Channel7_IRQHandler                 0x0800023b   Thumb Code     0  startup_stm32f103xb.o(.text)
    EXTI0_IRQHandler                         0x0800023b   Thumb Code     0  startup_stm32f103xb.o(.text)
    EXTI15_10_IRQHandler                     0x0800023b   Thumb Code     0  startup_stm32f103xb.o(.text)
    EXTI1_IRQHandler                         0x0800023b   Thumb Code     0  startup_stm32f103xb.o(.text)
    EXTI2_IRQHandler                         0x0800023b   Thumb Code     0  startup_stm32f103xb.o(.text)
    EXTI3_IRQHandler                         0x0800023b   Thumb Code     0  startup_stm32f103xb.o(.text)
    EXTI4_IRQHandler                         0x0800023b   Thumb Code     0  startup_stm32f103xb.o(.text)
    EXTI9_5_IRQHandler                       0x0800023b   Thumb Code     0  startup_stm32f103xb.o(.text)
    FLASH_IRQHandler                         0x0800023b   Thumb Code     0  startup_stm32f103xb.o(.text)
    I2C1_ER_IRQHandler                       0x0800023b   Thumb Code     0  startup_stm32f103xb.o(.text)
    I2C1_EV_IRQHandler                       0x0800023b   Thumb Code     0  startup_stm32f103xb.o(.text)
    I2C2_ER_IRQHandler                       0x0800023b   Thumb Code     0  startup_stm32f103xb.o(.text)
    I2C2_EV_IRQHandler                       0x0800023b   Thumb Code     0  startup_stm32f103xb.o(.text)
    PVD_IRQHandler                           0x0800023b   Thumb Code     0  startup_stm32f103xb.o(.text)
    RCC_IRQHandler                           0x0800023b   Thumb Code     0  startup_stm32f103xb.o(.text)
    RTC_Alarm_IRQHandler                     0x0800023b   Thumb Code     0  startup_stm32f103xb.o(.text)
    RTC_IRQHandler                           0x0800023b   Thumb Code     0  startup_stm32f103xb.o(.text)
    SPI1_IRQHandler                          0x0800023b   Thumb Code     0  startup_stm32f103xb.o(.text)
    SPI2_IRQHandler                          0x0800023b   Thumb Code     0  startup_stm32f103xb.o(.text)
    TAMPER_IRQHandler                        0x0800023b   Thumb Code     0  startup_stm32f103xb.o(.text)
    TIM1_BRK_IRQHandler                      0x0800023b   Thumb Code     0  startup_stm32f103xb.o(.text)
    TIM1_CC_IRQHandler                       0x0800023b   Thumb Code     0  startup_stm32f103xb.o(.text)
    TIM1_TRG_COM_IRQHandler                  0x0800023b   Thumb Code     0  startup_stm32f103xb.o(.text)
    TIM1_UP_IRQHandler                       0x0800023b   Thumb Code     0  startup_stm32f103xb.o(.text)
    TIM2_IRQHandler                          0x0800023b   Thumb Code     0  startup_stm32f103xb.o(.text)
    TIM3_IRQHandler                          0x0800023b   Thumb Code     0  startup_stm32f103xb.o(.text)
    USART1_IRQHandler                        0x0800023b   Thumb Code     0  startup_stm32f103xb.o(.text)
    USART2_IRQHandler                        0x0800023b   Thumb Code     0  startup_stm32f103xb.o(.text)
    USART3_IRQHandler                        0x0800023b   Thumb Code     0  startup_stm32f103xb.o(.text)
    USBWakeUp_IRQHandler                     0x0800023b   Thumb Code     0  startup_stm32f103xb.o(.text)
    USB_HP_CAN1_TX_IRQHandler                0x0800023b   Thumb Code     0  startup_stm32f103xb.o(.text)
    WWDG_IRQHandler                          0x0800023b   Thumb Code     0  startup_stm32f103xb.o(.text)
    __user_initial_stackheap                 0x0800023d   Thumb Code     0  startup_stm32f103xb.o(.text)
    __aeabi_memcpy4                          0x08000261   Thumb Code     0  rt_memcpy_w.o(.text)
    __aeabi_memcpy8                          0x08000261   Thumb Code     0  rt_memcpy_w.o(.text)
    __rt_memcpy_w                            0x08000261   Thumb Code   100  rt_memcpy_w.o(.text)
    _memcpy_lastbytes_aligned                0x080002a9   Thumb Code     0  rt_memcpy_w.o(.text)
    __aeabi_memset                           0x080002c5   Thumb Code    16  aeabi_memset.o(.text)
    __aeabi_memclr4                          0x080002d5   Thumb Code     0  rt_memclr_w.o(.text)
    __aeabi_memclr8                          0x080002d5   Thumb Code     0  rt_memclr_w.o(.text)
    __rt_memclr_w                            0x080002d5   Thumb Code    78  rt_memclr_w.o(.text)
    _memset_w                                0x080002d9   Thumb Code     0  rt_memclr_w.o(.text)
    __use_two_region_memory                  0x08000323   Thumb Code     2  heapauxi.o(.text)
    __rt_heap_escrow$2region                 0x08000325   Thumb Code     2  heapauxi.o(.text)
    __rt_heap_expand$2region                 0x08000327   Thumb Code     2  heapauxi.o(.text)
    __aeabi_memclr                           0x08000329   Thumb Code     0  rt_memclr.o(.text)
    __rt_memclr                              0x08000329   Thumb Code    68  rt_memclr.o(.text)
    _memset                                  0x0800032d   Thumb Code     0  rt_memclr.o(.text)
    __user_setup_stackheap                   0x0800036d   Thumb Code    74  sys_stackheap_outer.o(.text)
    exit                                     0x080003b7   Thumb Code    18  exit.o(.text)
    __user_libspace                          0x080003c9   Thumb Code     8  libspace.o(.text)
    __user_perproc_libspace                  0x080003c9   Thumb Code     0  libspace.o(.text)
    __user_perthread_libspace                0x080003c9   Thumb Code     0  libspace.o(.text)
    _sys_exit                                0x080003d1   Thumb Code     8  sys_exit.o(.text)
    __I$use$semihosting                      0x080003dd   Thumb Code     0  use_no_semi.o(.text)
    __use_no_semihosting_swi                 0x080003dd   Thumb Code     2  use_no_semi.o(.text)
    __semihosting_library_function           0x080003df   Thumb Code     0  indicate_semi.o(.text)
    ADC1_2_IRQHandler                        0x080003e1   Thumb Code     6  stm32f1xx_it.o(i.ADC1_2_IRQHandler)
    ADC_ConversionStop_Disable               0x080003ed   Thumb Code    86  stm32f1xx_hal_adc.o(i.ADC_ConversionStop_Disable)
    ADC_Enable                               0x08000445   Thumb Code   114  stm32f1xx_hal_adc.o(i.ADC_Enable)
    BusFault_Handler                         0x080004c1   Thumb Code     2  stm32f1xx_it.o(i.BusFault_Handler)
    DebugMon_Handler                         0x080004c3   Thumb Code     2  stm32f1xx_it.o(i.DebugMon_Handler)
    HAL_ADCEx_Calibration_Start              0x080004c5   Thumb Code   210  stm32f1xx_hal_adc_ex.o(i.HAL_ADCEx_Calibration_Start)
    HAL_ADCEx_InjectedConfigChannel          0x0800059d   Thumb Code   462  stm32f1xx_hal_adc_ex.o(i.HAL_ADCEx_InjectedConfigChannel)
    HAL_ADCEx_InjectedConvCpltCallback       0x08000779   Thumb Code    46  main.o(i.HAL_ADCEx_InjectedConvCpltCallback)
    HAL_ADCEx_InjectedGetValue               0x080007bd   Thumb Code    30  stm32f1xx_hal_adc_ex.o(i.HAL_ADCEx_InjectedGetValue)
    HAL_ADCEx_InjectedStart_IT               0x080007dd   Thumb Code   170  stm32f1xx_hal_adc_ex.o(i.HAL_ADCEx_InjectedStart_IT)
    HAL_ADC_ConvCpltCallback                 0x08000891   Thumb Code     2  stm32f1xx_hal_adc.o(i.HAL_ADC_ConvCpltCallback)
    HAL_ADC_IRQHandler                       0x08000893   Thumb Code   220  stm32f1xx_hal_adc.o(i.HAL_ADC_IRQHandler)
    HAL_ADC_Init                             0x08000971   Thumb Code   272  stm32f1xx_hal_adc.o(i.HAL_ADC_Init)
    HAL_ADC_LevelOutOfWindowCallback         0x08000a8d   Thumb Code     2  stm32f1xx_hal_adc.o(i.HAL_ADC_LevelOutOfWindowCallback)
    HAL_ADC_MspInit                          0x08000a91   Thumb Code    92  stm32f1xx_hal_msp.o(i.HAL_ADC_MspInit)
    HAL_CAN_ActivateNotification             0x08000af9   Thumb Code    36  stm32f1xx_hal_can.o(i.HAL_CAN_ActivateNotification)
    HAL_CAN_AddTxMessage                     0x08000b1d   Thumb Code   208  stm32f1xx_hal_can.o(i.HAL_CAN_AddTxMessage)
    HAL_CAN_ConfigFilter                     0x08000bed   Thumb Code   238  stm32f1xx_hal_can.o(i.HAL_CAN_ConfigFilter)
    HAL_CAN_ErrorCallback                    0x08000cdb   Thumb Code     4  main.o(i.HAL_CAN_ErrorCallback)
    HAL_CAN_GetError                         0x08000cdf   Thumb Code     4  stm32f1xx_hal_can.o(i.HAL_CAN_GetError)
    HAL_CAN_GetRxMessage                     0x08000ce3   Thumb Code   244  stm32f1xx_hal_can.o(i.HAL_CAN_GetRxMessage)
    HAL_CAN_GetTxMailboxesFreeLevel          0x08000dd7   Thumb Code    44  stm32f1xx_hal_can.o(i.HAL_CAN_GetTxMailboxesFreeLevel)
    HAL_CAN_IRQHandler                       0x08000e03   Thumb Code   508  stm32f1xx_hal_can.o(i.HAL_CAN_IRQHandler)
    HAL_CAN_Init                             0x08000fff   Thumb Code   282  stm32f1xx_hal_can.o(i.HAL_CAN_Init)
    HAL_CAN_MspInit                          0x08001119   Thumb Code   130  stm32f1xx_hal_msp.o(i.HAL_CAN_MspInit)
    HAL_CAN_RxFifo0FullCallback              0x080011ad   Thumb Code     2  stm32f1xx_hal_can.o(i.HAL_CAN_RxFifo0FullCallback)
    HAL_CAN_RxFifo0MsgPendingCallback        0x080011b1   Thumb Code    32  main.o(i.HAL_CAN_RxFifo0MsgPendingCallback)
    HAL_CAN_RxFifo1FullCallback              0x080011d9   Thumb Code     2  stm32f1xx_hal_can.o(i.HAL_CAN_RxFifo1FullCallback)
    HAL_CAN_RxFifo1MsgPendingCallback        0x080011db   Thumb Code     2  stm32f1xx_hal_can.o(i.HAL_CAN_RxFifo1MsgPendingCallback)
    HAL_CAN_SleepCallback                    0x080011dd   Thumb Code     2  stm32f1xx_hal_can.o(i.HAL_CAN_SleepCallback)
    HAL_CAN_Start                            0x080011e1   Thumb Code    88  stm32f1xx_hal_can.o(i.HAL_CAN_Start)
    HAL_CAN_TxMailbox0AbortCallback          0x08001239   Thumb Code     2  stm32f1xx_hal_can.o(i.HAL_CAN_TxMailbox0AbortCallback)
    HAL_CAN_TxMailbox0CompleteCallback       0x0800123b   Thumb Code     2  stm32f1xx_hal_can.o(i.HAL_CAN_TxMailbox0CompleteCallback)
    HAL_CAN_TxMailbox1AbortCallback          0x0800123d   Thumb Code     2  stm32f1xx_hal_can.o(i.HAL_CAN_TxMailbox1AbortCallback)
    HAL_CAN_TxMailbox1CompleteCallback       0x0800123f   Thumb Code     2  stm32f1xx_hal_can.o(i.HAL_CAN_TxMailbox1CompleteCallback)
    HAL_CAN_TxMailbox2AbortCallback          0x08001241   Thumb Code     2  stm32f1xx_hal_can.o(i.HAL_CAN_TxMailbox2AbortCallback)
    HAL_CAN_TxMailbox2CompleteCallback       0x08001243   Thumb Code     2  stm32f1xx_hal_can.o(i.HAL_CAN_TxMailbox2CompleteCallback)
    HAL_CAN_WakeUpFromRxMsgCallback          0x08001245   Thumb Code     2  stm32f1xx_hal_can.o(i.HAL_CAN_WakeUpFromRxMsgCallback)
    HAL_GPIO_Init                            0x08001249   Thumb Code   446  stm32f1xx_hal_gpio.o(i.HAL_GPIO_Init)
    HAL_GPIO_WritePin                        0x08001429   Thumb Code    10  stm32f1xx_hal_gpio.o(i.HAL_GPIO_WritePin)
    HAL_GetTick                              0x08001435   Thumb Code     6  stm32f1xx_hal.o(i.HAL_GetTick)
    HAL_I2C_Init                             0x08001441   Thumb Code   376  stm32f1xx_hal_i2c.o(i.HAL_I2C_Init)
    HAL_I2C_MspInit                          0x080015c9   Thumb Code    82  stm32f1xx_hal_msp.o(i.HAL_I2C_MspInit)
    HAL_IncTick                              0x08001629   Thumb Code    12  stm32f1xx_hal.o(i.HAL_IncTick)
    HAL_Init                                 0x08001639   Thumb Code    32  stm32f1xx_hal.o(i.HAL_Init)
    HAL_InitTick                             0x0800165d   Thumb Code   132  stm32f1xx_hal_timebase_tim.o(i.HAL_InitTick)
    HAL_MspInit                              0x080016f5   Thumb Code    62  stm32f1xx_hal_msp.o(i.HAL_MspInit)
    HAL_NVIC_EnableIRQ                       0x0800173d   Thumb Code    26  stm32f1xx_hal_cortex.o(i.HAL_NVIC_EnableIRQ)
    HAL_NVIC_SetPriority                     0x08001759   Thumb Code    60  stm32f1xx_hal_cortex.o(i.HAL_NVIC_SetPriority)
    HAL_NVIC_SetPriorityGrouping             0x08001799   Thumb Code    26  stm32f1xx_hal_cortex.o(i.HAL_NVIC_SetPriorityGrouping)
    HAL_RCCEx_GetPeriphCLKFreq               0x080017bd   Thumb Code   148  stm32f1xx_hal_rcc_ex.o(i.HAL_RCCEx_GetPeriphCLKFreq)
    HAL_RCCEx_PeriphCLKConfig                0x08001861   Thumb Code   224  stm32f1xx_hal_rcc_ex.o(i.HAL_RCCEx_PeriphCLKConfig)
    HAL_RCC_ClockConfig                      0x0800194d   Thumb Code   280  stm32f1xx_hal_rcc.o(i.HAL_RCC_ClockConfig)
    HAL_RCC_GetClockConfig                   0x08001a79   Thumb Code    54  stm32f1xx_hal_rcc.o(i.HAL_RCC_GetClockConfig)
    HAL_RCC_GetPCLK1Freq                     0x08001ab9   Thumb Code    20  stm32f1xx_hal_rcc.o(i.HAL_RCC_GetPCLK1Freq)
    HAL_RCC_GetPCLK2Freq                     0x08001ad9   Thumb Code    20  stm32f1xx_hal_rcc.o(i.HAL_RCC_GetPCLK2Freq)
    HAL_RCC_GetSysClockFreq                  0x08001af9   Thumb Code    58  stm32f1xx_hal_rcc.o(i.HAL_RCC_GetSysClockFreq)
    HAL_RCC_OscConfig                        0x08001b45   Thumb Code   778  stm32f1xx_hal_rcc.o(i.HAL_RCC_OscConfig)
    HAL_TIMEx_BreakCallback                  0x08001e65   Thumb Code     2  stm32f1xx_hal_tim_ex.o(i.HAL_TIMEx_BreakCallback)
    HAL_TIMEx_CommutCallback                 0x08001e67   Thumb Code     2  stm32f1xx_hal_tim_ex.o(i.HAL_TIMEx_CommutCallback)
    HAL_TIM_Base_Init                        0x08001e69   Thumb Code    90  stm32f1xx_hal_tim.o(i.HAL_TIM_Base_Init)
    HAL_TIM_Base_MspInit                     0x08001ec3   Thumb Code     2  stm32f1xx_hal_tim.o(i.HAL_TIM_Base_MspInit)
    HAL_TIM_Base_Start_IT                    0x08001ec5   Thumb Code    76  stm32f1xx_hal_tim.o(i.HAL_TIM_Base_Start_IT)
    HAL_TIM_IC_CaptureCallback               0x08001f1d   Thumb Code     2  stm32f1xx_hal_tim.o(i.HAL_TIM_IC_CaptureCallback)
    HAL_TIM_IRQHandler                       0x08001f1f   Thumb Code   358  stm32f1xx_hal_tim.o(i.HAL_TIM_IRQHandler)
    HAL_TIM_OC_DelayElapsedCallback          0x08002085   Thumb Code     2  stm32f1xx_hal_tim.o(i.HAL_TIM_OC_DelayElapsedCallback)
    HAL_TIM_PWM_PulseFinishedCallback        0x08002087   Thumb Code     2  stm32f1xx_hal_tim.o(i.HAL_TIM_PWM_PulseFinishedCallback)
    HAL_TIM_PeriodElapsedCallback            0x08002089   Thumb Code    14  main.o(i.HAL_TIM_PeriodElapsedCallback)
    HAL_TIM_TriggerCallback                  0x0800209d   Thumb Code     2  stm32f1xx_hal_tim.o(i.HAL_TIM_TriggerCallback)
    HardFault_Handler                        0x0800209f   Thumb Code     2  stm32f1xx_it.o(i.HardFault_Handler)
    MemManage_Handler                        0x0800226d   Thumb Code     2  stm32f1xx_it.o(i.MemManage_Handler)
    NMI_Handler                              0x0800226f   Thumb Code     2  stm32f1xx_it.o(i.NMI_Handler)
    ProctBacklight                           0x08002271   Thumb Code    78  main.o(i.ProctBacklight)
    ProctButtonRead                          0x080022c9   Thumb Code   262  main.o(i.ProctButtonRead)
    ProctDisplay                             0x080023e1   Thumb Code     8  main.o(i.ProctDisplay)
    ProctFoldingMirrors                      0x080023e9   Thumb Code   102  main.o(i.ProctFoldingMirrors)
    ProctGlassLiftLock                       0x08002459   Thumb Code   106  main.o(i.ProctGlassLiftLock)
    ProctOutputs                             0x080024d1   Thumb Code   230  main.o(i.ProctOutputs)
    StartDefaultTask                         0x080025c1   Thumb Code    24  main.o(i.StartDefaultTask)
    SysTick_Handler                          0x080025e1   Thumb Code    38  port.o(i.SysTick_Handler)
    SystemClock_Config                       0x0800260d   Thumb Code   120  main.o(i.SystemClock_Config)
    SystemInit                               0x08002685   Thumb Code     2  system_stm32f1xx.o(i.SystemInit)
    TIM4_IRQHandler                          0x08002689   Thumb Code     6  stm32f1xx_it.o(i.TIM4_IRQHandler)
    TIM_Base_SetConfig                       0x08002695   Thumb Code    94  stm32f1xx_hal_tim.o(i.TIM_Base_SetConfig)
    USB_LP_CAN1_RX0_IRQHandler               0x08002701   Thumb Code     6  stm32f1xx_it.o(i.USB_LP_CAN1_RX0_IRQHandler)
    UsageFault_Handler                       0x0800270d   Thumb Code     2  stm32f1xx_it.o(i.UsageFault_Handler)
    configureTimerForRunTimeStats            0x0800272f   Thumb Code     2  freertos.o(i.configureTimerForRunTimeStats)
    getRunTimeCounterValue                   0x08002731   Thumb Code     4  freertos.o(i.getRunTimeCounterValue)
    glass_blocking_off                       0x08002735   Thumb Code    58  main.o(i.glass_blocking_off)
    glass_blocking_on                        0x08002779   Thumb Code    58  main.o(i.glass_blocking_on)
    glass_closer                             0x080027bd   Thumb Code   162  main.o(i.glass_closer)
    glass_down                               0x0800286d   Thumb Code    86  main.o(i.glass_down)
    glass_stop                               0x080028d1   Thumb Code    84  main.o(i.glass_stop)
    glass_up                                 0x08002931   Thumb Code    88  main.o(i.glass_up)
    main                                     0x08002995   Thumb Code   304  main.o(i.main)
    mirror_folding_off                       0x08002aed   Thumb Code    36  main.o(i.mirror_folding_off)
    mirror_folding_on                        0x08002b19   Thumb Code    36  main.o(i.mirror_folding_on)
    mirror_heating_off                       0x08002b45   Thumb Code    26  main.o(i.mirror_heating_off)
    mirror_heating_on                        0x08002b6d   Thumb Code    54  main.o(i.mirror_heating_on)
    osDelay                                  0x08002bb1   Thumb Code    14  cmsis_os.o(i.osDelay)
    osKernelStart                            0x08002bbf   Thumb Code    10  cmsis_os.o(i.osKernelStart)
    osThreadCreate                           0x08002bc9   Thumb Code    84  cmsis_os.o(i.osThreadCreate)
    pvPortMalloc                             0x08002efd   Thumb Code   210  heap_4.o(i.pvPortMalloc)
    pxPortInitialiseStack                    0x08002fd5   Thumb Code    32  port.o(i.pxPortInitialiseStack)
    uxListRemove                             0x08002ff9   Thumb Code    38  list.o(i.uxListRemove)
    vApplicationGetIdleTaskMemory            0x08003021   Thumb Code    16  freertos.o(i.vApplicationGetIdleTaskMemory)
    vApplicationIdleHook                     0x08003035   Thumb Code     2  freertos.o(i.vApplicationIdleHook)
    vListInitialise                          0x08003037   Thumb Code    22  list.o(i.vListInitialise)
    vListInitialiseItem                      0x0800304d   Thumb Code     6  list.o(i.vListInitialiseItem)
    vListInsert                              0x08003053   Thumb Code    48  list.o(i.vListInsert)
    vListInsertEnd                           0x08003083   Thumb Code    24  list.o(i.vListInsertEnd)
    vPortEnterCritical                       0x0800309d   Thumb Code    54  port.o(i.vPortEnterCritical)
    vPortExitCritical                        0x080030dd   Thumb Code    34  port.o(i.vPortExitCritical)
    vPortFree                                0x08003105   Thumb Code    88  heap_4.o(i.vPortFree)
    vPortSetupTimerInterrupt                 0x08003161   Thumb Code    32  port.o(i.vPortSetupTimerInterrupt)
    vTaskDelay                               0x08003185   Thumb Code    66  tasks.o(i.vTaskDelay)
    vTaskStartScheduler                      0x080031d1   Thumb Code    94  tasks.o(i.vTaskStartScheduler)
    vTaskSuspendAll                          0x08003241   Thumb Code    10  tasks.o(i.vTaskSuspendAll)
    vTaskSwitchContext                       0x08003251   Thumb Code   108  tasks.o(i.vTaskSwitchContext)
    xPortStartScheduler                      0x080032c5   Thumb Code   154  port.o(i.xPortStartScheduler)
    xTaskCreate                              0x0800336d   Thumb Code    90  tasks.o(i.xTaskCreate)
    xTaskCreateStatic                        0x080033c7   Thumb Code    86  tasks.o(i.xTaskCreateStatic)
    xTaskIncrementTick                       0x0800341d   Thumb Code   192  tasks.o(i.xTaskIncrementTick)
    xTaskResumeAll                           0x080034e5   Thumb Code   182  tasks.o(i.xTaskResumeAll)
    __aeabi_fdiv                             0x080035a9   Thumb Code     0  fdiv.o(x$fpl$fdiv)
    _fdiv                                    0x080035a9   Thumb Code   384  fdiv.o(x$fpl$fdiv)
    __aeabi_ui2f                             0x0800372d   Thumb Code     0  fflt_clz.o(x$fpl$ffltu)
    _ffltu                                   0x0800372d   Thumb Code    38  fflt_clz.o(x$fpl$ffltu)
    __aeabi_fmul                             0x08003755   Thumb Code     0  fmul.o(x$fpl$fmul)
    _fmul                                    0x08003755   Thumb Code   258  fmul.o(x$fpl$fmul)
    __fpl_fnaninf                            0x08003857   Thumb Code   140  fnaninf.o(x$fpl$fnaninf)
    __fpl_fretinf                            0x080038e3   Thumb Code    10  fretinf.o(x$fpl$fretinf)
    __I$use$fp                               0x080038ec   Number         0  usenofp.o(x$fpl$usenofp)
    AHBPrescTable                            0x080039d4   Data          16  system_stm32f1xx.o(.constdata)
    APBPrescTable                            0x080039e4   Data           8  system_stm32f1xx.o(.constdata)
    Region$$Table$$Base                      0x08003a40   Number         0  anon$$obj.o(Region$$Table)
    Region$$Table$$Limit                     0x08003a60   Number         0  anon$$obj.o(Region$$Table)
    Can_Rx                                   0x20000000   Data           1  main.o(.data)
    Can_Tx                                   0x20000001   Data           1  main.o(.data)
    adc1_flag                                0x20000002   Data           1  main.o(.data)
    glass_closer_on                          0x20000003   Data           1  main.o(.data)
    glass_blocking                           0x20000004   Data           1  main.o(.data)
    folding_mirrors_btn_b                    0x20000005   Data           1  main.o(.data)
    glass_lift_lock_btn_b                    0x20000006   Data           1  main.o(.data)
    fl_glass                                 0x20000007   Data           1  main.o(.data)
    fr_glass                                 0x20000008   Data           1  main.o(.data)
    mirror_folding                           0x20000009   Data           1  main.o(.data)
    door_fl_closer_ok                        0x2000000a   Data           1  main.o(.data)
    door_fr_closer_ok                        0x2000000b   Data           1  main.o(.data)
    glass_closer_all_ok                      0x2000000c   Data           1  main.o(.data)
    fl_glass_btn_time                        0x2000000e   Data           2  main.o(.data)
    fr_glass_btn_time                        0x20000010   Data           2  main.o(.data)
    fl_glass_time                            0x20000012   Data           2  main.o(.data)
    folding_mirrors_btn_time                 0x20000014   Data           2  main.o(.data)
    glass_lift_lock_btn_time                 0x20000016   Data           2  main.o(.data)
    TxMailbox                                0x20000018   Data           4  main.o(.data)
    adc1_value                               0x2000001c   Data           4  main.o(.data)
    current                                  0x20000020   Data           4  main.o(.data)
    defaultTaskHandle                        0x20000024   Data           4  main.o(.data)
    DisplayHandle                            0x20000028   Data           4  main.o(.data)
    ButtonReadHandle                         0x2000002c   Data           4  main.o(.data)
    OutputsHandle                            0x20000030   Data           4  main.o(.data)
    BacklightHandle                          0x20000034   Data           4  main.o(.data)
    FoldingMirrorsHandle                     0x20000038   Data           4  main.o(.data)
    GlassLiftLockHandle                      0x2000003c   Data           4  main.o(.data)
    TxData                                   0x20000040   Data           8  main.o(.data)
    RxData                                   0x20000048   Data           8  main.o(.data)
    uwTickFreq                               0x20000050   Data           1  stm32f1xx_hal.o(.data)
    uwTickPrio                               0x20000054   Data           4  stm32f1xx_hal.o(.data)
    uwTick                                   0x20000058   Data           4  stm32f1xx_hal.o(.data)
    SystemCoreClock                          0x2000005c   Data           4  system_stm32f1xx.o(.data)
    pxCurrentTCB                             0x20000060   Data           4  tasks.o(.data)
    hadc1                                    0x200000c4   Data          48  main.o(.bss)
    hcan                                     0x200000f4   Data          40  main.o(.bss)
    hi2c2                                    0x2000011c   Data          84  main.o(.bss)
    TxHeader                                 0x20000170   Data          24  main.o(.bss)
    RxHeader                                 0x20000188   Data          28  main.o(.bss)
    htim4                                    0x20000404   Data          72  stm32f1xx_hal_timebase_tim.o(.bss)
    __libspace_start                         0x20002d28   Data          96  libspace.o(.bss)
    __temporary_stack_top$libspace           0x20002d88   Data           0  libspace.o(.bss)



==============================================================================

Memory Map of the image

  Image Entry point : 0x080000ed

  Load Region LR_IROM1 (Base: 0x08000000, Size: 0x00003b24, Max: 0x00010000, ABSOLUTE)

    Execution Region ER_IROM1 (Exec base: 0x08000000, Load base: 0x08000000, Size: 0x00003a60, Max: 0x00010000, ABSOLUTE)

    Exec Addr    Load Addr    Size         Type   Attr      Idx    E Section Name        Object

    0x08000000   0x08000000   0x000000ec   Data   RO            3    RESET               startup_stm32f103xb.o
    0x080000ec   0x080000ec   0x00000008   Code   RO         4964  * !!!main             c_w.l(__main.o)
    0x080000f4   0x080000f4   0x00000034   Code   RO         5153    !!!scatter          c_w.l(__scatter.o)
    0x08000128   0x08000128   0x0000001a   Code   RO         5155    !!handler_copy      c_w.l(__scatter_copy.o)
    0x08000142   0x08000142   0x00000002   PAD
    0x08000144   0x08000144   0x0000001c   Code   RO         5157    !!handler_zi        c_w.l(__scatter_zi.o)
    0x08000160   0x08000160   0x00000002   Code   RO         5021    .ARM.Collect$$libinit$$00000000  c_w.l(libinit.o)
    0x08000162   0x08000162   0x00000000   Code   RO         5028    .ARM.Collect$$libinit$$00000002  c_w.l(libinit2.o)
    0x08000162   0x08000162   0x00000000   Code   RO         5030    .ARM.Collect$$libinit$$00000004  c_w.l(libinit2.o)
    0x08000162   0x08000162   0x00000000   Code   RO         5033    .ARM.Collect$$libinit$$0000000A  c_w.l(libinit2.o)
    0x08000162   0x08000162   0x00000000   Code   RO         5035    .ARM.Collect$$libinit$$0000000C  c_w.l(libinit2.o)
    0x08000162   0x08000162   0x00000000   Code   RO         5037    .ARM.Collect$$libinit$$0000000E  c_w.l(libinit2.o)
    0x08000162   0x08000162   0x00000000   Code   RO         5040    .ARM.Collect$$libinit$$00000011  c_w.l(libinit2.o)
    0x08000162   0x08000162   0x00000000   Code   RO         5042    .ARM.Collect$$libinit$$00000013  c_w.l(libinit2.o)
    0x08000162   0x08000162   0x00000000   Code   RO         5044    .ARM.Collect$$libinit$$00000015  c_w.l(libinit2.o)
    0x08000162   0x08000162   0x00000000   Code   RO         5046    .ARM.Collect$$libinit$$00000017  c_w.l(libinit2.o)
    0x08000162   0x08000162   0x00000000   Code   RO         5048    .ARM.Collect$$libinit$$00000019  c_w.l(libinit2.o)
    0x08000162   0x08000162   0x00000000   Code   RO         5050    .ARM.Collect$$libinit$$0000001B  c_w.l(libinit2.o)
    0x08000162   0x08000162   0x00000000   Code   RO         5052    .ARM.Collect$$libinit$$0000001D  c_w.l(libinit2.o)
    0x08000162   0x08000162   0x00000000   Code   RO         5054    .ARM.Collect$$libinit$$0000001F  c_w.l(libinit2.o)
    0x08000162   0x08000162   0x00000000   Code   RO         5056    .ARM.Collect$$libinit$$00000021  c_w.l(libinit2.o)
    0x08000162   0x08000162   0x00000000   Code   RO         5058    .ARM.Collect$$libinit$$00000023  c_w.l(libinit2.o)
    0x08000162   0x08000162   0x00000000   Code   RO         5060    .ARM.Collect$$libinit$$00000025  c_w.l(libinit2.o)
    0x08000162   0x08000162   0x00000000   Code   RO         5064    .ARM.Collect$$libinit$$0000002C  c_w.l(libinit2.o)
    0x08000162   0x08000162   0x00000000   Code   RO         5066    .ARM.Collect$$libinit$$0000002E  c_w.l(libinit2.o)
    0x08000162   0x08000162   0x00000000   Code   RO         5068    .ARM.Collect$$libinit$$00000030  c_w.l(libinit2.o)
    0x08000162   0x08000162   0x00000000   Code   RO         5070    .ARM.Collect$$libinit$$00000032  c_w.l(libinit2.o)
    0x08000162   0x08000162   0x00000002   Code   RO         5071    .ARM.Collect$$libinit$$00000033  c_w.l(libinit2.o)
    0x08000164   0x08000164   0x00000002   Code   RO         5091    .ARM.Collect$$libshutdown$$00000000  c_w.l(libshutdown.o)
    0x08000166   0x08000166   0x00000000   Code   RO         5104    .ARM.Collect$$libshutdown$$00000002  c_w.l(libshutdown2.o)
    0x08000166   0x08000166   0x00000000   Code   RO         5106    .ARM.Collect$$libshutdown$$00000004  c_w.l(libshutdown2.o)
    0x08000166   0x08000166   0x00000000   Code   RO         5108    .ARM.Collect$$libshutdown$$00000006  c_w.l(libshutdown2.o)
    0x08000166   0x08000166   0x00000000   Code   RO         5111    .ARM.Collect$$libshutdown$$00000009  c_w.l(libshutdown2.o)
    0x08000166   0x08000166   0x00000000   Code   RO         5114    .ARM.Collect$$libshutdown$$0000000C  c_w.l(libshutdown2.o)
    0x08000166   0x08000166   0x00000000   Code   RO         5116    .ARM.Collect$$libshutdown$$0000000E  c_w.l(libshutdown2.o)
    0x08000166   0x08000166   0x00000000   Code   RO         5119    .ARM.Collect$$libshutdown$$00000011  c_w.l(libshutdown2.o)
    0x08000166   0x08000166   0x00000002   Code   RO         5120    .ARM.Collect$$libshutdown$$00000012  c_w.l(libshutdown2.o)
    0x08000168   0x08000168   0x00000000   Code   RO         4978    .ARM.Collect$$rtentry$$00000000  c_w.l(__rtentry.o)
    0x08000168   0x08000168   0x00000000   Code   RO         4996    .ARM.Collect$$rtentry$$00000002  c_w.l(__rtentry2.o)
    0x08000168   0x08000168   0x00000006   Code   RO         5008    .ARM.Collect$$rtentry$$00000004  c_w.l(__rtentry4.o)
    0x0800016e   0x0800016e   0x00000000   Code   RO         4998    .ARM.Collect$$rtentry$$00000009  c_w.l(__rtentry2.o)
    0x0800016e   0x0800016e   0x00000004   Code   RO         4999    .ARM.Collect$$rtentry$$0000000A  c_w.l(__rtentry2.o)
    0x08000172   0x08000172   0x00000000   Code   RO         5001    .ARM.Collect$$rtentry$$0000000C  c_w.l(__rtentry2.o)
    0x08000172   0x08000172   0x00000008   Code   RO         5002    .ARM.Collect$$rtentry$$0000000D  c_w.l(__rtentry2.o)
    0x0800017a   0x0800017a   0x00000002   Code   RO         5025    .ARM.Collect$$rtexit$$00000000  c_w.l(rtexit.o)
    0x0800017c   0x0800017c   0x00000000   Code   RO         5073    .ARM.Collect$$rtexit$$00000002  c_w.l(rtexit2.o)
    0x0800017c   0x0800017c   0x00000004   Code   RO         5074    .ARM.Collect$$rtexit$$00000003  c_w.l(rtexit2.o)
    0x08000180   0x08000180   0x00000006   Code   RO         5075    .ARM.Collect$$rtexit$$00000004  c_w.l(rtexit2.o)
    0x08000186   0x08000186   0x00000002   PAD
    0x08000188   0x08000188   0x00000096   Code   RO         4834    .emb_text           port.o
    0x0800021e   0x0800021e   0x00000002   PAD
    0x08000220   0x08000220   0x00000040   Code   RO            4    .text               startup_stm32f103xb.o
    0x08000260   0x08000260   0x00000064   Code   RO         4954    .text               c_w.l(rt_memcpy_w.o)
    0x080002c4   0x080002c4   0x00000010   Code   RO         4958    .text               c_w.l(aeabi_memset.o)
    0x080002d4   0x080002d4   0x0000004e   Code   RO         4960    .text               c_w.l(rt_memclr_w.o)
    0x08000322   0x08000322   0x00000006   Code   RO         4962    .text               c_w.l(heapauxi.o)
    0x08000328   0x08000328   0x00000044   Code   RO         4988    .text               c_w.l(rt_memclr.o)
    0x0800036c   0x0800036c   0x0000004a   Code   RO         5012    .text               c_w.l(sys_stackheap_outer.o)
    0x080003b6   0x080003b6   0x00000012   Code   RO         5014    .text               c_w.l(exit.o)
    0x080003c8   0x080003c8   0x00000008   Code   RO         5022    .text               c_w.l(libspace.o)
    0x080003d0   0x080003d0   0x0000000c   Code   RO         5083    .text               c_w.l(sys_exit.o)
    0x080003dc   0x080003dc   0x00000002   Code   RO         5094    .text               c_w.l(use_no_semi.o)
    0x080003de   0x080003de   0x00000000   Code   RO         5096    .text               c_w.l(indicate_semi.o)
    0x080003de   0x080003de   0x00000002   PAD
    0x080003e0   0x080003e0   0x0000000c   Code   RO          408    i.ADC1_2_IRQHandler  stm32f1xx_it.o
    0x080003ec   0x080003ec   0x00000056   Code   RO          619    i.ADC_ConversionStop_Disable  stm32f1xx_hal_adc.o
    0x08000442   0x08000442   0x00000002   PAD
    0x08000444   0x08000444   0x0000007c   Code   RO          623    i.ADC_Enable        stm32f1xx_hal_adc.o
    0x080004c0   0x080004c0   0x00000002   Code   RO          409    i.BusFault_Handler  stm32f1xx_it.o
    0x080004c2   0x080004c2   0x00000002   Code   RO          410    i.DebugMon_Handler  stm32f1xx_it.o
    0x080004c4   0x080004c4   0x000000d8   Code   RO          799    i.HAL_ADCEx_Calibration_Start  stm32f1xx_hal_adc_ex.o
    0x0800059c   0x0800059c   0x000001dc   Code   RO          800    i.HAL_ADCEx_InjectedConfigChannel  stm32f1xx_hal_adc_ex.o
    0x08000778   0x08000778   0x00000044   Code   RO           14    i.HAL_ADCEx_InjectedConvCpltCallback  main.o
    0x080007bc   0x080007bc   0x0000001e   Code   RO          802    i.HAL_ADCEx_InjectedGetValue  stm32f1xx_hal_adc_ex.o
    0x080007da   0x080007da   0x00000002   PAD
    0x080007dc   0x080007dc   0x000000b4   Code   RO          805    i.HAL_ADCEx_InjectedStart_IT  stm32f1xx_hal_adc_ex.o
    0x08000890   0x08000890   0x00000002   Code   RO          626    i.HAL_ADC_ConvCpltCallback  stm32f1xx_hal_adc.o
    0x08000892   0x08000892   0x000000dc   Code   RO          633    i.HAL_ADC_IRQHandler  stm32f1xx_hal_adc.o
    0x0800096e   0x0800096e   0x00000002   PAD
    0x08000970   0x08000970   0x0000011c   Code   RO          634    i.HAL_ADC_Init      stm32f1xx_hal_adc.o
    0x08000a8c   0x08000a8c   0x00000002   Code   RO          635    i.HAL_ADC_LevelOutOfWindowCallback  stm32f1xx_hal_adc.o
    0x08000a8e   0x08000a8e   0x00000002   PAD
    0x08000a90   0x08000a90   0x00000068   Code   RO          485    i.HAL_ADC_MspInit   stm32f1xx_hal_msp.o
    0x08000af8   0x08000af8   0x00000024   Code   RO         1873    i.HAL_CAN_ActivateNotification  stm32f1xx_hal_can.o
    0x08000b1c   0x08000b1c   0x000000d0   Code   RO         1874    i.HAL_CAN_AddTxMessage  stm32f1xx_hal_can.o
    0x08000bec   0x08000bec   0x000000ee   Code   RO         1875    i.HAL_CAN_ConfigFilter  stm32f1xx_hal_can.o
    0x08000cda   0x08000cda   0x00000004   Code   RO           15    i.HAL_CAN_ErrorCallback  main.o
    0x08000cde   0x08000cde   0x00000004   Code   RO         1879    i.HAL_CAN_GetError  stm32f1xx_hal_can.o
    0x08000ce2   0x08000ce2   0x000000f4   Code   RO         1881    i.HAL_CAN_GetRxMessage  stm32f1xx_hal_can.o
    0x08000dd6   0x08000dd6   0x0000002c   Code   RO         1883    i.HAL_CAN_GetTxMailboxesFreeLevel  stm32f1xx_hal_can.o
    0x08000e02   0x08000e02   0x000001fc   Code   RO         1885    i.HAL_CAN_IRQHandler  stm32f1xx_hal_can.o
    0x08000ffe   0x08000ffe   0x0000011a   Code   RO         1886    i.HAL_CAN_Init      stm32f1xx_hal_can.o
    0x08001118   0x08001118   0x00000094   Code   RO          487    i.HAL_CAN_MspInit   stm32f1xx_hal_msp.o
    0x080011ac   0x080011ac   0x00000002   Code   RO         1893    i.HAL_CAN_RxFifo0FullCallback  stm32f1xx_hal_can.o
    0x080011ae   0x080011ae   0x00000002   PAD
    0x080011b0   0x080011b0   0x00000028   Code   RO           16    i.HAL_CAN_RxFifo0MsgPendingCallback  main.o
    0x080011d8   0x080011d8   0x00000002   Code   RO         1895    i.HAL_CAN_RxFifo1FullCallback  stm32f1xx_hal_can.o
    0x080011da   0x080011da   0x00000002   Code   RO         1896    i.HAL_CAN_RxFifo1MsgPendingCallback  stm32f1xx_hal_can.o
    0x080011dc   0x080011dc   0x00000002   Code   RO         1897    i.HAL_CAN_SleepCallback  stm32f1xx_hal_can.o
    0x080011de   0x080011de   0x00000002   PAD
    0x080011e0   0x080011e0   0x00000058   Code   RO         1898    i.HAL_CAN_Start     stm32f1xx_hal_can.o
    0x08001238   0x08001238   0x00000002   Code   RO         1900    i.HAL_CAN_TxMailbox0AbortCallback  stm32f1xx_hal_can.o
    0x0800123a   0x0800123a   0x00000002   Code   RO         1901    i.HAL_CAN_TxMailbox0CompleteCallback  stm32f1xx_hal_can.o
    0x0800123c   0x0800123c   0x00000002   Code   RO         1902    i.HAL_CAN_TxMailbox1AbortCallback  stm32f1xx_hal_can.o
    0x0800123e   0x0800123e   0x00000002   Code   RO         1903    i.HAL_CAN_TxMailbox1CompleteCallback  stm32f1xx_hal_can.o
    0x08001240   0x08001240   0x00000002   Code   RO         1904    i.HAL_CAN_TxMailbox2AbortCallback  stm32f1xx_hal_can.o
    0x08001242   0x08001242   0x00000002   Code   RO         1905    i.HAL_CAN_TxMailbox2CompleteCallback  stm32f1xx_hal_can.o
    0x08001244   0x08001244   0x00000002   Code   RO         1907    i.HAL_CAN_WakeUpFromRxMsgCallback  stm32f1xx_hal_can.o
    0x08001246   0x08001246   0x00000002   PAD
    0x08001248   0x08001248   0x000001e0   Code   RO         1212    i.HAL_GPIO_Init     stm32f1xx_hal_gpio.o
    0x08001428   0x08001428   0x0000000a   Code   RO         1216    i.HAL_GPIO_WritePin  stm32f1xx_hal_gpio.o
    0x08001432   0x08001432   0x00000002   PAD
    0x08001434   0x08001434   0x0000000c   Code   RO          906    i.HAL_GetTick       stm32f1xx_hal.o
    0x08001440   0x08001440   0x00000188   Code   RO         2117    i.HAL_I2C_Init      stm32f1xx_hal_i2c.o
    0x080015c8   0x080015c8   0x00000060   Code   RO          489    i.HAL_I2C_MspInit   stm32f1xx_hal_msp.o
    0x08001628   0x08001628   0x00000010   Code   RO          912    i.HAL_IncTick       stm32f1xx_hal.o
    0x08001638   0x08001638   0x00000024   Code   RO          913    i.HAL_Init          stm32f1xx_hal.o
    0x0800165c   0x0800165c   0x00000098   Code   RO          544    i.HAL_InitTick      stm32f1xx_hal_timebase_tim.o
    0x080016f4   0x080016f4   0x00000048   Code   RO          490    i.HAL_MspInit       stm32f1xx_hal_msp.o
    0x0800173c   0x0800173c   0x0000001a   Code   RO         1372    i.HAL_NVIC_EnableIRQ  stm32f1xx_hal_cortex.o
    0x08001756   0x08001756   0x00000002   PAD
    0x08001758   0x08001758   0x00000040   Code   RO         1378    i.HAL_NVIC_SetPriority  stm32f1xx_hal_cortex.o
    0x08001798   0x08001798   0x00000024   Code   RO         1379    i.HAL_NVIC_SetPriorityGrouping  stm32f1xx_hal_cortex.o
    0x080017bc   0x080017bc   0x000000a4   Code   RO         1173    i.HAL_RCCEx_GetPeriphCLKFreq  stm32f1xx_hal_rcc_ex.o
    0x08001860   0x08001860   0x000000ec   Code   RO         1174    i.HAL_RCCEx_PeriphCLKConfig  stm32f1xx_hal_rcc_ex.o
    0x0800194c   0x0800194c   0x0000012c   Code   RO         1070    i.HAL_RCC_ClockConfig  stm32f1xx_hal_rcc.o
    0x08001a78   0x08001a78   0x00000040   Code   RO         1074    i.HAL_RCC_GetClockConfig  stm32f1xx_hal_rcc.o
    0x08001ab8   0x08001ab8   0x00000020   Code   RO         1077    i.HAL_RCC_GetPCLK1Freq  stm32f1xx_hal_rcc.o
    0x08001ad8   0x08001ad8   0x00000020   Code   RO         1078    i.HAL_RCC_GetPCLK2Freq  stm32f1xx_hal_rcc.o
    0x08001af8   0x08001af8   0x0000004c   Code   RO         1079    i.HAL_RCC_GetSysClockFreq  stm32f1xx_hal_rcc.o
    0x08001b44   0x08001b44   0x00000320   Code   RO         1082    i.HAL_RCC_OscConfig  stm32f1xx_hal_rcc.o
    0x08001e64   0x08001e64   0x00000002   Code   RO         3249    i.HAL_TIMEx_BreakCallback  stm32f1xx_hal_tim_ex.o
    0x08001e66   0x08001e66   0x00000002   Code   RO         3250    i.HAL_TIMEx_CommutCallback  stm32f1xx_hal_tim_ex.o
    0x08001e68   0x08001e68   0x0000005a   Code   RO         2545    i.HAL_TIM_Base_Init  stm32f1xx_hal_tim.o
    0x08001ec2   0x08001ec2   0x00000002   Code   RO         2547    i.HAL_TIM_Base_MspInit  stm32f1xx_hal_tim.o
    0x08001ec4   0x08001ec4   0x00000058   Code   RO         2550    i.HAL_TIM_Base_Start_IT  stm32f1xx_hal_tim.o
    0x08001f1c   0x08001f1c   0x00000002   Code   RO         2579    i.HAL_TIM_IC_CaptureCallback  stm32f1xx_hal_tim.o
    0x08001f1e   0x08001f1e   0x00000166   Code   RO         2593    i.HAL_TIM_IRQHandler  stm32f1xx_hal_tim.o
    0x08002084   0x08002084   0x00000002   Code   RO         2596    i.HAL_TIM_OC_DelayElapsedCallback  stm32f1xx_hal_tim.o
    0x08002086   0x08002086   0x00000002   Code   RO         2623    i.HAL_TIM_PWM_PulseFinishedCallback  stm32f1xx_hal_tim.o
    0x08002088   0x08002088   0x00000014   Code   RO           17    i.HAL_TIM_PeriodElapsedCallback  main.o
    0x0800209c   0x0800209c   0x00000002   Code   RO         2636    i.HAL_TIM_TriggerCallback  stm32f1xx_hal_tim.o
    0x0800209e   0x0800209e   0x00000002   Code   RO          411    i.HardFault_Handler  stm32f1xx_it.o
    0x080020a0   0x080020a0   0x00000068   Code   RO           18    i.MX_ADC1_Init      main.o
    0x08002108   0x08002108   0x00000068   Code   RO           19    i.MX_CAN_Init       main.o
    0x08002170   0x08002170   0x000000fc   Code   RO           20    i.MX_GPIO_Init      main.o
    0x0800226c   0x0800226c   0x00000002   Code   RO          412    i.MemManage_Handler  stm32f1xx_it.o
    0x0800226e   0x0800226e   0x00000002   Code   RO          413    i.NMI_Handler       stm32f1xx_it.o
    0x08002270   0x08002270   0x00000058   Code   RO           21    i.ProctBacklight    main.o
    0x080022c8   0x080022c8   0x00000118   Code   RO           22    i.ProctButtonRead   main.o
    0x080023e0   0x080023e0   0x00000008   Code   RO           23    i.ProctDisplay      main.o
    0x080023e8   0x080023e8   0x00000070   Code   RO           24    i.ProctFoldingMirrors  main.o
    0x08002458   0x08002458   0x00000078   Code   RO           25    i.ProctGlassLiftLock  main.o
    0x080024d0   0x080024d0   0x000000f0   Code   RO           26    i.ProctOutputs      main.o
    0x080025c0   0x080025c0   0x00000020   Code   RO           27    i.StartDefaultTask  main.o
    0x080025e0   0x080025e0   0x0000002c   Code   RO         4835    i.SysTick_Handler   port.o
    0x0800260c   0x0800260c   0x00000078   Code   RO           28    i.SystemClock_Config  main.o
    0x08002684   0x08002684   0x00000002   Code   RO         3517    i.SystemInit        system_stm32f1xx.o
    0x08002686   0x08002686   0x00000002   PAD
    0x08002688   0x08002688   0x0000000c   Code   RO          414    i.TIM4_IRQHandler   stm32f1xx_it.o
    0x08002694   0x08002694   0x0000006c   Code   RO         2638    i.TIM_Base_SetConfig  stm32f1xx_hal_tim.o
    0x08002700   0x08002700   0x0000000c   Code   RO          415    i.USB_LP_CAN1_RX0_IRQHandler  stm32f1xx_it.o
    0x0800270c   0x0800270c   0x00000002   Code   RO          416    i.UsageFault_Handler  stm32f1xx_it.o
    0x0800270e   0x0800270e   0x00000020   Code   RO         1385    i.__NVIC_SetPriority  stm32f1xx_hal_cortex.o
    0x0800272e   0x0800272e   0x00000002   Code   RO          356    i.configureTimerForRunTimeStats  freertos.o
    0x08002730   0x08002730   0x00000004   Code   RO          357    i.getRunTimeCounterValue  freertos.o
    0x08002734   0x08002734   0x00000044   Code   RO           29    i.glass_blocking_off  main.o
    0x08002778   0x08002778   0x00000044   Code   RO           30    i.glass_blocking_on  main.o
    0x080027bc   0x080027bc   0x000000b0   Code   RO           31    i.glass_closer      main.o
    0x0800286c   0x0800286c   0x00000064   Code   RO           32    i.glass_down        main.o
    0x080028d0   0x080028d0   0x00000060   Code   RO           33    i.glass_stop        main.o
    0x08002930   0x08002930   0x00000064   Code   RO           34    i.glass_up          main.o
    0x08002994   0x08002994   0x0000014c   Code   RO           35    i.main              main.o
    0x08002ae0   0x08002ae0   0x0000000c   Code   RO         4406    i.makeFreeRtosPriority  cmsis_os.o
    0x08002aec   0x08002aec   0x0000002c   Code   RO           36    i.mirror_folding_off  main.o
    0x08002b18   0x08002b18   0x0000002c   Code   RO           37    i.mirror_folding_on  main.o
    0x08002b44   0x08002b44   0x00000028   Code   RO           38    i.mirror_heating_off  main.o
    0x08002b6c   0x08002b6c   0x00000044   Code   RO           39    i.mirror_heating_on  main.o
    0x08002bb0   0x08002bb0   0x0000000e   Code   RO         4408    i.osDelay           cmsis_os.o
    0x08002bbe   0x08002bbe   0x0000000a   Code   RO         4411    i.osKernelStart     cmsis_os.o
    0x08002bc8   0x08002bc8   0x00000054   Code   RO         4445    i.osThreadCreate    cmsis_os.o
    0x08002c1c   0x08002c1c   0x00000070   Code   RO         4059    i.prvAddCurrentTaskToDelayedList  tasks.o
    0x08002c8c   0x08002c8c   0x000000c8   Code   RO         4060    i.prvAddNewTaskToReadyList  tasks.o
    0x08002d54   0x08002d54   0x0000004c   Code   RO         4773    i.prvHeapInit       heap_4.o
    0x08002da0   0x08002da0   0x00000028   Code   RO         4061    i.prvIdleTask       tasks.o
    0x08002dc8   0x08002dc8   0x0000009e   Code   RO         4062    i.prvInitialiseNewTask  tasks.o
    0x08002e66   0x08002e66   0x00000002   PAD
    0x08002e68   0x08002e68   0x0000004c   Code   RO         4774    i.prvInsertBlockIntoFreeList  heap_4.o
    0x08002eb4   0x08002eb4   0x00000020   Code   RO         4064    i.prvResetNextTaskUnblockTime  tasks.o
    0x08002ed4   0x08002ed4   0x00000028   Code   RO         4836    i.prvTaskExitError  port.o
    0x08002efc   0x08002efc   0x000000d8   Code   RO         4775    i.pvPortMalloc      heap_4.o
    0x08002fd4   0x08002fd4   0x00000024   Code   RO         4837    i.pxPortInitialiseStack  port.o
    0x08002ff8   0x08002ff8   0x00000026   Code   RO         3667    i.uxListRemove      list.o
    0x0800301e   0x0800301e   0x00000002   PAD
    0x08003020   0x08003020   0x00000014   Code   RO          358    i.vApplicationGetIdleTaskMemory  freertos.o
    0x08003034   0x08003034   0x00000002   Code   RO          359    i.vApplicationIdleHook  freertos.o
    0x08003036   0x08003036   0x00000016   Code   RO         3668    i.vListInitialise   list.o
    0x0800304c   0x0800304c   0x00000006   Code   RO         3669    i.vListInitialiseItem  list.o
    0x08003052   0x08003052   0x00000030   Code   RO         3670    i.vListInsert       list.o
    0x08003082   0x08003082   0x00000018   Code   RO         3671    i.vListInsertEnd    list.o
    0x0800309a   0x0800309a   0x00000002   PAD
    0x0800309c   0x0800309c   0x00000040   Code   RO         4839    i.vPortEnterCritical  port.o
    0x080030dc   0x080030dc   0x00000028   Code   RO         4840    i.vPortExitCritical  port.o
    0x08003104   0x08003104   0x0000005c   Code   RO         4776    i.vPortFree         heap_4.o
    0x08003160   0x08003160   0x00000024   Code   RO         4841    i.vPortSetupTimerInterrupt  port.o
    0x08003184   0x08003184   0x0000004c   Code   RO         4075    i.vTaskDelay        tasks.o
    0x080031d0   0x080031d0   0x00000070   Code   RO         4091    i.vTaskStartScheduler  tasks.o
    0x08003240   0x08003240   0x00000010   Code   RO         4093    i.vTaskSuspendAll   tasks.o
    0x08003250   0x08003250   0x00000074   Code   RO         4094    i.vTaskSwitchContext  tasks.o
    0x080032c4   0x080032c4   0x000000a8   Code   RO         4843    i.xPortStartScheduler  port.o
    0x0800336c   0x0800336c   0x0000005a   Code   RO         4096    i.xTaskCreate       tasks.o
    0x080033c6   0x080033c6   0x00000056   Code   RO         4097    i.xTaskCreateStatic  tasks.o
    0x0800341c   0x0800341c   0x000000c8   Code   RO         4104    i.xTaskIncrementTick  tasks.o
    0x080034e4   0x080034e4   0x000000c4   Code   RO         4110    i.xTaskResumeAll    tasks.o
    0x080035a8   0x080035a8   0x00000184   Code   RO         4967    x$fpl$fdiv          fz_ws.l(fdiv.o)
    0x0800372c   0x0800372c   0x00000026   Code   RO         4970    x$fpl$ffltu         fz_ws.l(fflt_clz.o)
    0x08003752   0x08003752   0x00000002   PAD
    0x08003754   0x08003754   0x00000102   Code   RO         4976    x$fpl$fmul          fz_ws.l(fmul.o)
    0x08003856   0x08003856   0x0000008c   Code   RO         4990    x$fpl$fnaninf       fz_ws.l(fnaninf.o)
    0x080038e2   0x080038e2   0x0000000a   Code   RO         4992    x$fpl$fretinf       fz_ws.l(fretinf.o)
    0x080038ec   0x080038ec   0x00000000   Code   RO         4994    x$fpl$usenofp       fz_ws.l(usenofp.o)
    0x080038ec   0x080038ec   0x000000c4   Data   RO           41    .constdata          main.o
    0x080039b0   0x080039b0   0x00000012   Data   RO         1083    .constdata          stm32f1xx_hal_rcc.o
    0x080039c2   0x080039c2   0x00000012   Data   RO         1175    .constdata          stm32f1xx_hal_rcc_ex.o
    0x080039d4   0x080039d4   0x00000010   Data   RO         3518    .constdata          system_stm32f1xx.o
    0x080039e4   0x080039e4   0x00000008   Data   RO         3519    .constdata          system_stm32f1xx.o
    0x080039ec   0x080039ec   0x00000054   Data   RO           42    .conststring        main.o
    0x08003a40   0x08003a40   0x00000020   Data   RO         5151    Region$$Table       anon$$obj.o


    Execution Region RW_IRAM1 (Exec base: 0x20000000, Load base: 0x08003a60, Size: 0x00003388, Max: 0x00005000, ABSOLUTE)

    Exec Addr    Load Addr    Size         Type   Attr      Idx    E Section Name        Object

    0x20000000   0x08003a60   0x00000050   Data   RW           43    .data               main.o
    0x20000050   0x08003ab0   0x0000000c   Data   RW          920    .data               stm32f1xx_hal.o
    0x2000005c   0x08003abc   0x00000004   Data   RW         3520    .data               system_stm32f1xx.o
    0x20000060   0x08003ac0   0x00000040   Data   RW         4113    .data               tasks.o
    0x200000a0   0x08003b00   0x00000018   Data   RW         4781    .data               heap_4.o
    0x200000b8   0x08003b18   0x0000000c   Data   RW         4844    .data               port.o
    0x200000c4        -       0x000000e0   Zero   RW           40    .bss                main.o
    0x200001a4        -       0x00000260   Zero   RW          360    .bss                freertos.o
    0x20000404        -       0x00000048   Zero   RW          547    .bss                stm32f1xx_hal_timebase_tim.o
    0x2000044c        -       0x000000dc   Zero   RW         4112    .bss                tasks.o
    0x20000528        -       0x00002800   Zero   RW         4780    .bss                heap_4.o
    0x20002d28        -       0x00000060   Zero   RW         5023    .bss                c_w.l(libspace.o)
    0x20002d88        -       0x00000200   Zero   RW            2    HEAP                startup_stm32f103xb.o
    0x20002f88        -       0x00000400   Zero   RW            1    STACK               startup_stm32f103xb.o


==============================================================================

Image component sizes


      Code (inc. data)   RO Data    RW Data    ZI Data      Debug   Object Name

       120          0          0          0          0      22217   cmsis_os.o
         0          0          0          0          0      18116   event_groups.o
        28          4          0          0        608       2520   freertos.o
       460         24          0         24      10240       7127   heap_4.o
       138          0          0          0          0       3306   list.o
      2728        288        280         80        224     504475   main.o
       578         60          0         12          0      10164   port.o
        64         26        236          0       1536        796   startup_stm32f103xb.o
        64         14          0         12          0       4550   stm32f1xx_hal.o
       718         22          0          0          0       4884   stm32f1xx_hal_adc.o
       902         30          0          0          0       4170   stm32f1xx_hal_adc_ex.o
      1674          0          0          0          0      14088   stm32f1xx_hal_can.o
       158         14          0          0          0      28110   stm32f1xx_hal_cortex.o
       490         34          0          0          0       2844   stm32f1xx_hal_gpio.o
       392         16          0          0          0       3179   stm32f1xx_hal_i2c.o
       420         54          0          0          0       2884   stm32f1xx_hal_msp.o
      1304         94         18          0          0       5629   stm32f1xx_hal_rcc.o
       400         28         18          0          0       2425   stm32f1xx_hal_rcc_ex.o
       654         26          0          0          0       6912   stm32f1xx_hal_tim.o
         4          0          0          0          0       1533   stm32f1xx_hal_tim_ex.o
       152         20          0          0         72       1431   stm32f1xx_hal_timebase_tim.o
        48         18          0          0          0       3772   stm32f1xx_it.o
         0          0          0          0          0        392   stream_buffer.o
         2          0         24          4          0       1071   system_stm32f1xx.o
      1434        102          0         64        220      15350   tasks.o

    ----------------------------------------------------------------------
     12960        874        608        196      12900     671945   Object Totals
         0          0         32          0          0          0   (incl. Generated)
        28          0          0          0          0          0   (incl. Padding)

    ----------------------------------------------------------------------

      Code (inc. data)   RO Data    RW Data    ZI Data      Debug   Library Member Name

         8          0          0          0          0         68   __main.o
         0          0          0          0          0          0   __rtentry.o
        12          0          0          0          0          0   __rtentry2.o
         6          0          0          0          0          0   __rtentry4.o
        52          8          0          0          0          0   __scatter.o
        26          0          0          0          0          0   __scatter_copy.o
        28          0          0          0          0          0   __scatter_zi.o
        16          0          0          0          0         68   aeabi_memset.o
        18          0          0          0          0         80   exit.o
         6          0          0          0          0        152   heapauxi.o
         0          0          0          0          0          0   indicate_semi.o
         2          0          0          0          0          0   libinit.o
         2          0          0          0          0          0   libinit2.o
         2          0          0          0          0          0   libshutdown.o
         2          0          0          0          0          0   libshutdown2.o
         8          4          0          0         96         68   libspace.o
        68          0          0          0          0         68   rt_memclr.o
        78          0          0          0          0         80   rt_memclr_w.o
       100          0          0          0          0         80   rt_memcpy_w.o
         2          0          0          0          0          0   rtexit.o
        10          0          0          0          0          0   rtexit2.o
        12          4          0          0          0         68   sys_exit.o
        74          0          0          0          0         80   sys_stackheap_outer.o
         2          0          0          0          0         68   use_no_semi.o
       388         76          0          0          0         96   fdiv.o
        38          0          0          0          0         68   fflt_clz.o
       258          4          0          0          0         84   fmul.o
       140          4          0          0          0         84   fnaninf.o
        10          0          0          0          0         68   fretinf.o
         0          0          0          0          0          0   usenofp.o

    ----------------------------------------------------------------------
      1376        100          0          0         96       1280   Library Totals
         8          0          0          0          0          0   (incl. Padding)

    ----------------------------------------------------------------------

      Code (inc. data)   RO Data    RW Data    ZI Data      Debug   Library Name

       534         16          0          0         96        880   c_w.l
       834         84          0          0          0        400   fz_ws.l

    ----------------------------------------------------------------------
      1376        100          0          0         96       1280   Library Totals

    ----------------------------------------------------------------------

==============================================================================


      Code (inc. data)   RO Data    RW Data    ZI Data      Debug   

     14336        974        608        196      12996     665681   Grand Totals
     14336        974        608        196      12996     665681   ELF Image Totals
     14336        974        608        196          0          0   ROM Totals

==============================================================================

    Total RO  Size (Code + RO Data)                14944 (  14.59kB)
    Total RW  Size (RW Data + ZI Data)             13192 (  12.88kB)
    Total ROM Size (Code + RO Data + RW Data)      15140 (  14.79kB)

==============================================================================

